Starting model training...
[2025-10-27 16:49:45,365] - [INFO] - Found 3 mislabelled instances
[2025-10-27 16:49:45,497] - [INFO] - Train dataset has total of 39 samples
[2025-10-27 16:49:45,497] - [INFO] - Validation dataset has total of 5 samples
[2025-10-27 16:49:45,497] - [INFO] - Test dataset dataset has total of 87 samples
[2025-10-27 16:49:48,354] - [INFO] - Starting seq2seq training for generative QA.
{'eval_loss': 21.55877685546875, 'eval_f1_overall': 0.22608831346158534, 'eval_f1_answerable': 0.24489795918367346, 'eval_f1_unanswerable': 0.2213859020310633, 'eval_bertscore_overall': 0.5943252444267273, 'eval_bertscore_answerable': 0.5741084814071655, 'eval_bertscore_unanswerable': 0.5993794351816177, 'eval_semantic_overall': 0.465536504983902, 'eval_semantic_answerable': 0.45822519063949585, 'eval_semantic_unanswerable': 0.4673643708229065, 'eval_runtime': 13.0169, 'eval_samples_per_second': 0.384, 'eval_steps_per_second': 0.23, 'epoch': 0.95}
{'eval_loss': 17.82623863220215, 'eval_f1_overall': 0.29167073029142, 'eval_f1_answerable': 0.5454545454545455, 'eval_f1_unanswerable': 0.22822477650063855, 'eval_bertscore_overall': 0.5931378602981567, 'eval_bertscore_answerable': 0.5911353230476379, 'eval_bertscore_unanswerable': 0.5936384946107864, 'eval_semantic_overall': 0.48454397916793823, 'eval_semantic_answerable': 0.6045027375221252, 'eval_semantic_unanswerable': 0.45455431938171387, 'eval_runtime': 2.3709, 'eval_samples_per_second': 2.109, 'eval_steps_per_second': 1.265, 'epoch': 1.9}
{'eval_loss': 13.511048316955566, 'eval_f1_overall': 0.22685314685314686, 'eval_f1_answerable': 0.46153846153846156, 'eval_f1_unanswerable': 0.16818181818181815, 'eval_bertscore_overall': 0.5910818696022033, 'eval_bertscore_answerable': 0.6597002744674683, 'eval_bertscore_unanswerable': 0.5739272683858871, 'eval_semantic_overall': 0.49286842346191406, 'eval_semantic_answerable': 0.8139081597328186, 'eval_semantic_unanswerable': 0.41260847449302673, 'eval_runtime': 2.3691, 'eval_samples_per_second': 2.111, 'eval_steps_per_second': 1.266, 'epoch': 2.85}
{'eval_loss': 4.885282039642334, 'eval_f1_overall': 0.12124542124542123, 'eval_f1_answerable': 0.16666666666666666, 'eval_f1_unanswerable': 0.10989010989010989, 'eval_bertscore_overall': 0.5756839156150818, 'eval_bertscore_answerable': 0.602240264415741, 'eval_bertscore_unanswerable': 0.569044828414917, 'eval_semantic_overall': 0.4834340512752533, 'eval_semantic_answerable': 0.6729440093040466, 'eval_semantic_unanswerable': 0.43605655431747437, 'eval_runtime': 2.3706, 'eval_samples_per_second': 2.109, 'eval_steps_per_second': 1.265, 'epoch': 3.8}
{'eval_loss': 4.709167957305908, 'eval_f1_overall': 0.1979020979020979, 'eval_f1_answerable': 0.1818181818181818, 'eval_f1_unanswerable': 0.20192307692307693, 'eval_bertscore_overall': 0.5789425253868103, 'eval_bertscore_answerable': 0.6297101974487305, 'eval_bertscore_unanswerable': 0.5662506073713303, 'eval_semantic_overall': 0.5101958513259888, 'eval_semantic_answerable': 0.6817863583564758, 'eval_semantic_unanswerable': 0.4672982692718506, 'eval_runtime': 2.3623, 'eval_samples_per_second': 2.117, 'eval_steps_per_second': 1.27, 'epoch': 4.75}
{'eval_loss': 4.527416706085205, 'eval_f1_overall': 0.20046620046620048, 'eval_f1_answerable': 0.1818181818181818, 'eval_f1_unanswerable': 0.20512820512820512, 'eval_bertscore_overall': 0.5591537356376648, 'eval_bertscore_answerable': 0.6017817854881287, 'eval_bertscore_unanswerable': 0.5484967231750488, 'eval_semantic_overall': 0.49279332160949707, 'eval_semantic_answerable': 0.6829028725624084, 'eval_semantic_unanswerable': 0.4452659487724304, 'eval_runtime': 2.3591, 'eval_samples_per_second': 2.119, 'eval_steps_per_second': 1.272, 'epoch': 5.7}
{'eval_loss': 4.332187175750732, 'eval_f1_overall': 0.23394383394383395, 'eval_f1_answerable': 0.15384615384615383, 'eval_f1_unanswerable': 0.25396825396825395, 'eval_bertscore_overall': 0.5736823081970215, 'eval_bertscore_answerable': 0.6077203154563904, 'eval_bertscore_unanswerable': 0.5651728063821793, 'eval_semantic_overall': 0.5173453092575073, 'eval_semantic_answerable': 0.7455145716667175, 'eval_semantic_unanswerable': 0.46030303835868835, 'eval_runtime': 2.3717, 'eval_samples_per_second': 2.108, 'eval_steps_per_second': 1.265, 'epoch': 6.65}
{'eval_loss': 3.8828389644622803, 'eval_f1_overall': 0.27064935064935064, 'eval_f1_answerable': 0.1818181818181818, 'eval_f1_unanswerable': 0.29285714285714287, 'eval_bertscore_overall': 0.5689892709255219, 'eval_bertscore_answerable': 0.6229255795478821, 'eval_bertscore_unanswerable': 0.5555051937699318, 'eval_semantic_overall': 0.46193069219589233, 'eval_semantic_answerable': 0.6449115872383118, 'eval_semantic_unanswerable': 0.41618549823760986, 'eval_runtime': 2.3699, 'eval_samples_per_second': 2.11, 'eval_steps_per_second': 1.266, 'epoch': 7.6}
{'eval_loss': 3.2225353717803955, 'eval_f1_overall': 0.2098701298701299, 'eval_f1_answerable': 0.3636363636363636, 'eval_f1_unanswerable': 0.17142857142857143, 'eval_bertscore_overall': 0.538572633266449, 'eval_bertscore_answerable': 0.6316486597061157, 'eval_bertscore_unanswerable': 0.5153036266565323, 'eval_semantic_overall': 0.5329272150993347, 'eval_semantic_answerable': 0.7966935634613037, 'eval_semantic_unanswerable': 0.46698564291000366, 'eval_runtime': 2.3703, 'eval_samples_per_second': 2.109, 'eval_steps_per_second': 1.266, 'epoch': 8.55}
{'eval_loss': 2.549468994140625, 'eval_f1_overall': 0.1935064935064935, 'eval_f1_answerable': 0.1818181818181818, 'eval_f1_unanswerable': 0.19642857142857145, 'eval_bertscore_overall': 0.5436591565608978, 'eval_bertscore_answerable': 0.6064401865005493, 'eval_bertscore_unanswerable': 0.527963899075985, 'eval_semantic_overall': 0.5241265296936035, 'eval_semantic_answerable': 0.6806210279464722, 'eval_semantic_unanswerable': 0.48500287532806396, 'eval_runtime': 2.3612, 'eval_samples_per_second': 2.118, 'eval_steps_per_second': 1.271, 'epoch': 9.5}
{'eval_loss': 1.912232756614685, 'eval_f1_overall': 0.2135064935064935, 'eval_f1_answerable': 0.1818181818181818, 'eval_f1_unanswerable': 0.22142857142857142, 'eval_bertscore_overall': 0.5520480215549469, 'eval_bertscore_answerable': 0.6156483888626099, 'eval_bertscore_unanswerable': 0.5361479297280312, 'eval_semantic_overall': 0.4833725392818451, 'eval_semantic_answerable': 0.7093691229820251, 'eval_semantic_unanswerable': 0.4268733859062195, 'eval_runtime': 2.4483, 'eval_samples_per_second': 2.042, 'eval_steps_per_second': 1.225, 'epoch': 10.45}
{'eval_loss': 1.3657442331314087, 'eval_f1_overall': 0.19047619047619047, 'eval_f1_answerable': 0.16666666666666666, 'eval_f1_unanswerable': 0.19642857142857145, 'eval_bertscore_overall': 0.5675838768482209, 'eval_bertscore_answerable': 0.596888542175293, 'eval_bertscore_unanswerable': 0.5602577105164528, 'eval_semantic_overall': 0.43018072843551636, 'eval_semantic_answerable': 0.4659472405910492, 'eval_semantic_unanswerable': 0.42123910784721375, 'eval_runtime': 2.3751, 'eval_samples_per_second': 2.105, 'eval_steps_per_second': 1.263, 'epoch': 11.4}
{'eval_loss': 0.9798991084098816, 'eval_f1_overall': 0.1935064935064935, 'eval_f1_answerable': 0.1818181818181818, 'eval_f1_unanswerable': 0.19642857142857145, 'eval_bertscore_overall': 0.5608847141265869, 'eval_bertscore_answerable': 0.6017817854881287, 'eval_bertscore_unanswerable': 0.5506604462862015, 'eval_semantic_overall': 0.5014112591743469, 'eval_semantic_answerable': 0.6829028725624084, 'eval_semantic_unanswerable': 0.45603835582733154, 'eval_runtime': 2.3799, 'eval_samples_per_second': 2.101, 'eval_steps_per_second': 1.261, 'epoch': 12.35}
{'eval_loss': 0.8071334958076477, 'eval_f1_overall': 0.2571428571428572, 'eval_f1_answerable': 0.3333333333333333, 'eval_f1_unanswerable': 0.23809523809523808, 'eval_bertscore_overall': 0.5732857942581177, 'eval_bertscore_answerable': 0.6258108019828796, 'eval_bertscore_unanswerable': 0.5601545423269272, 'eval_semantic_overall': 0.47673192620277405, 'eval_semantic_answerable': 0.6142152547836304, 'eval_semantic_unanswerable': 0.442361056804657, 'eval_runtime': 2.3841, 'eval_samples_per_second': 2.097, 'eval_steps_per_second': 1.258, 'epoch': 13.3}
{'eval_loss': 0.6515374779701233, 'eval_f1_overall': 0.22683982683982684, 'eval_f1_answerable': 0.1818181818181818, 'eval_f1_unanswerable': 0.23809523809523808, 'eval_bertscore_overall': 0.5753899335861206, 'eval_bertscore_answerable': 0.6183907389640808, 'eval_bertscore_unanswerable': 0.5646397322416306, 'eval_semantic_overall': 0.4921334385871887, 'eval_semantic_answerable': 0.6371789574623108, 'eval_semantic_unanswerable': 0.4558720588684082, 'eval_runtime': 2.4091, 'eval_samples_per_second': 2.075, 'eval_steps_per_second': 1.245, 'epoch': 14.25}
{'eval_loss': 0.5039626955986023, 'eval_f1_overall': 0.2571428571428572, 'eval_f1_answerable': 0.3333333333333333, 'eval_f1_unanswerable': 0.23809523809523808, 'eval_bertscore_overall': 0.5714475095272065, 'eval_bertscore_answerable': 0.6221572756767273, 'eval_bertscore_unanswerable': 0.5587700679898262, 'eval_semantic_overall': 0.47813883423805237, 'eval_semantic_answerable': 0.6215734481811523, 'eval_semantic_unanswerable': 0.4422801733016968, 'eval_runtime': 2.3766, 'eval_samples_per_second': 2.104, 'eval_steps_per_second': 1.262, 'epoch': 15.2}
{'eval_loss': 0.4482704699039459, 'eval_f1_overall': 0.2571428571428572, 'eval_f1_answerable': 0.3333333333333333, 'eval_f1_unanswerable': 0.23809523809523808, 'eval_bertscore_overall': 0.5827497243881226, 'eval_bertscore_answerable': 0.6138049960136414, 'eval_bertscore_unanswerable': 0.5749859064817429, 'eval_semantic_overall': 0.5369085669517517, 'eval_semantic_answerable': 0.6971574425697327, 'eval_semantic_unanswerable': 0.49684637784957886, 'eval_runtime': 2.4843, 'eval_samples_per_second': 2.013, 'eval_steps_per_second': 1.208, 'epoch': 16.15}
{'eval_loss': 0.41661393642425537, 'eval_f1_overall': 0.2571428571428572, 'eval_f1_answerable': 0.3333333333333333, 'eval_f1_unanswerable': 0.23809523809523808, 'eval_bertscore_overall': 0.5920139193534851, 'eval_bertscore_answerable': 0.6381437182426453, 'eval_bertscore_unanswerable': 0.5804814696311951, 'eval_semantic_overall': 0.49683570861816406, 'eval_semantic_answerable': 0.6812712550163269, 'eval_semantic_unanswerable': 0.45072686672210693, 'eval_runtime': 2.393, 'eval_samples_per_second': 2.089, 'eval_steps_per_second': 1.254, 'epoch': 17.1}
{'eval_loss': 0.37756261229515076, 'eval_f1_overall': 0.1935064935064935, 'eval_f1_answerable': 0.1818181818181818, 'eval_f1_unanswerable': 0.19642857142857145, 'eval_bertscore_overall': 0.5925499677658081, 'eval_bertscore_answerable': 0.6280625462532043, 'eval_bertscore_unanswerable': 0.583671823143959, 'eval_semantic_overall': 0.4857049584388733, 'eval_semantic_answerable': 0.6757825016975403, 'eval_semantic_unanswerable': 0.43818560242652893, 'eval_runtime': 2.3606, 'eval_samples_per_second': 2.118, 'eval_steps_per_second': 1.271, 'epoch': 18.05}
{'eval_loss': 0.3505220413208008, 'eval_f1_overall': 0.23123543123543122, 'eval_f1_answerable': 0.1818181818181818, 'eval_f1_unanswerable': 0.24358974358974358, 'eval_bertscore_overall': 0.5884189486503602, 'eval_bertscore_answerable': 0.6279046535491943, 'eval_bertscore_unanswerable': 0.5785475224256516, 'eval_semantic_overall': 0.47391170263290405, 'eval_semantic_answerable': 0.6757825016975403, 'eval_semantic_unanswerable': 0.4234440326690674, 'eval_runtime': 2.369, 'eval_samples_per_second': 2.111, 'eval_steps_per_second': 1.266, 'epoch': 19.0}
{'eval_loss': 0.34549519419670105, 'eval_f1_overall': 0.23123543123543122, 'eval_f1_answerable': 0.1818181818181818, 'eval_f1_unanswerable': 0.24358974358974358, 'eval_bertscore_overall': 0.5898196220397949, 'eval_bertscore_answerable': 0.6279046535491943, 'eval_bertscore_unanswerable': 0.5802983641624451, 'eval_semantic_overall': 0.4870404601097107, 'eval_semantic_answerable': 0.6757825016975403, 'eval_semantic_unanswerable': 0.4398549795150757, 'eval_runtime': 2.4175, 'eval_samples_per_second': 2.068, 'eval_steps_per_second': 1.241, 'epoch': 19.95}
{'train_runtime': 254.315, 'train_samples_per_second': 3.067, 'train_steps_per_second': 1.573, 'train_loss': 5.1740570068359375, 'epoch': 20.0}
[2025-10-27 16:54:02,936] - [INFO] - Training completed.
[2025-10-27 16:54:02,995] - [INFO] - Running evaluation...
[2025-10-27 16:54:38,624] - [INFO] - Evaluation Results:
[2025-10-27 16:54:38,624] - [INFO] - eval_loss: 0.37268874049186707
[2025-10-27 16:54:38,624] - [INFO] - eval_model_preparation_time: 0.0025
[2025-10-27 16:54:38,624] - [INFO] - eval_f1_overall: 0.242668205716932
[2025-10-27 16:54:38,624] - [INFO] - eval_f1_answerable: 0.1090909090909091
[2025-10-27 16:54:38,624] - [INFO] - eval_f1_unanswerable: 0.2543562191717091
[2025-10-27 16:54:38,624] - [INFO] - eval_bertscore_overall: 0.5884029567241669
[2025-10-27 16:54:38,624] - [INFO] - eval_bertscore_answerable: 0.5623760563986642
[2025-10-27 16:54:38,624] - [INFO] - eval_bertscore_unanswerable: 0.5906803105026484
[2025-10-27 16:54:38,624] - [INFO] - eval_semantic_overall: 0.47665199637413025
[2025-10-27 16:54:38,624] - [INFO] - eval_semantic_answerable: 0.40577980875968933
[2025-10-27 16:54:38,624] - [INFO] - eval_semantic_unanswerable: 0.48285332322120667
[2025-10-27 16:54:38,624] - [INFO] - eval_runtime: 35.6243
[2025-10-27 16:54:38,624] - [INFO] - eval_samples_per_second: 2.442
[2025-10-27 16:54:38,624] - [INFO] - eval_steps_per_second: 1.235
[2025-10-27 16:54:38,667] - [INFO] - Saved training step logs at: byt5_training_results/train_metrics_per_step.csv
-----------------------------------------------
Finished model training.
-----------------------------------------------
Cleaning up runs/ and checkpoint* folders...
Cleanup complete.
