[2025-10-30 10:05:45,537] - [INFO] - CUDA detected
[2025-10-30 10:05:45,537] - [INFO] - CUDA detected
=== Top 5 Language Configurations ===
╒════════════════╤════════════════╤═════════════════╤══════════════╤══════════════════╤════════════════╤═════════╕
│ replace_type   │   top_fraction │   embedding_dim │   hidden_dim │   context_window │   replace_frac │    loss │
╞════════════════╪════════════════╪═════════════════╪══════════════╪══════════════════╪════════════════╪═════════╡
│ True           │            0.1 │             256 │          256 │                7 │            0.1 │ 5.85791 │
├────────────────┼────────────────┼─────────────────┼──────────────┼──────────────────┼────────────────┼─────────┤
│ True           │            0.1 │             256 │          256 │               14 │            0.1 │ 5.8584  │
├────────────────┼────────────────┼─────────────────┼──────────────┼──────────────────┼────────────────┼─────────┤
│ True           │            0.1 │             256 │          512 │                3 │            0.1 │ 5.86244 │
├────────────────┼────────────────┼─────────────────┼──────────────┼──────────────────┼────────────────┼─────────┤
│ True           │            0.1 │             256 │          256 │                3 │            0.1 │ 5.86263 │
├────────────────┼────────────────┼─────────────────┼──────────────┼──────────────────┼────────────────┼─────────┤
│ True           │            0.1 │             256 │          256 │               28 │            0.1 │ 5.86771 │
╘════════════════╧════════════════╧═════════════════╧══════════════╧══════════════════╧════════════════╧═════════╛

=== Best Model Configuration ===
Embedding dimension       : 256
Hidden dimension          : 256
Top fraction              : 0.1
Replacement type          : Frequent Words
Replacement fraction      : 0.1
Context window normalization: 7
===================================

[2025-10-30 10:05:54,934] - [INFO] - Train dataset contains 13842 samples
[2025-10-30 10:05:54,934] - [INFO] - Validation dataset contains 1501 samples
[2025-10-30 10:05:54,934] - [INFO] - Test dataset contains 3011 samples
[2025-10-30 10:05:55,162] - [INFO] - Top 10.00% frequent words (8734) out of 87347 total words
[2025-10-30 10:05:55,163] - [INFO] - The fragment to replace is 0.11333635053755496 of the 8734 frequent words (1407484 out of 1595191)
[2025-10-30 10:05:56,323] - [INFO] - Replaced 159697 / 1595191 tokens (10.01%)
[2025-10-30 10:06:00,055] - [INFO] - Replaced 17318 / 176192 tokens (9.83%)
[2025-10-30 10:06:00,951] - [INFO] - Replaced 35054 / 351424 tokens (9.97%)
[2025-10-30 12:32:32,025] - [INFO] - Eval Loss: 6.3060 | Perplexity: 547.85 | Accuracy: 17.39% | Top-5 Accuracy: 38.89%
-----------------------------------------------
Finished en model tuning.
-----------------------------------------------
