Starting model training...
[2025-10-22 14:39:42,711] - [INFO] - 
=== Running combination ===
[2025-10-22 14:39:42,712] - [INFO] - Over Sampling Ratio: 0.0, Under Sampling Ratio: 0.0
[2025-10-22 14:39:44,713] - [INFO] - Original Train dataset class split: Counter({1: 1179, 0: 40}), with a total of 1219 samples
[2025-10-22 14:39:44,777] - [INFO] - Sampled Train dataset class split: Counter({1: 1179, 0: 40}), with a total of 1219 samples
[2025-10-22 14:39:44,780] - [INFO] - Validation dataset class split: Counter({1: 131, 0: 5}), with a total of 136 samples
[2025-10-22 14:39:44,784] - [INFO] - Test dataset class split: Counter({1: 291, 0: 93}), with a total of 384 samples
15.0
[2025-10-22 14:39:46,599] - [INFO] - Starting training of model (answerability classification).
{'eval_loss': 0.4792020320892334, 'eval_accuracy': 0.9632352941176471, 'eval_precision_weighted': 0.9278222318339101, 'eval_recall_weighted': 0.9632352941176471, 'eval_f1_weighted': 0.9451971799955937, 'eval_f1_macro': 0.49063670411985016, 'eval_confusion_matrix': [0, 5, 0, 131], 'eval_runtime': 0.4068, 'eval_samples_per_second': 334.333, 'eval_steps_per_second': 41.792, 'epoch': 0.1}
{'eval_loss': 0.7521539926528931, 'eval_accuracy': 0.9632352941176471, 'eval_precision_weighted': 0.9278222318339101, 'eval_recall_weighted': 0.9632352941176471, 'eval_f1_weighted': 0.9451971799955937, 'eval_f1_macro': 0.49063670411985016, 'eval_confusion_matrix': [0, 5, 0, 131], 'eval_runtime': 0.9973, 'eval_samples_per_second': 136.365, 'eval_steps_per_second': 17.046, 'epoch': 0.2}
{'eval_loss': 1.0758447647094727, 'eval_accuracy': 0.9632352941176471, 'eval_precision_weighted': 0.9278222318339101, 'eval_recall_weighted': 0.9632352941176471, 'eval_f1_weighted': 0.9451971799955937, 'eval_f1_macro': 0.49063670411985016, 'eval_confusion_matrix': [0, 5, 0, 131], 'eval_runtime': 0.5824, 'eval_samples_per_second': 233.512, 'eval_steps_per_second': 29.189, 'epoch': 0.29}
{'eval_loss': 1.1646987199783325, 'eval_accuracy': 0.9632352941176471, 'eval_precision_weighted': 0.9278222318339101, 'eval_recall_weighted': 0.9632352941176471, 'eval_f1_weighted': 0.9451971799955937, 'eval_f1_macro': 0.49063670411985016, 'eval_confusion_matrix': [0, 5, 0, 131], 'eval_runtime': 0.177, 'eval_samples_per_second': 768.187, 'eval_steps_per_second': 96.023, 'epoch': 0.39}
{'eval_loss': 1.1771230697631836, 'eval_accuracy': 0.9632352941176471, 'eval_precision_weighted': 0.9278222318339101, 'eval_recall_weighted': 0.9632352941176471, 'eval_f1_weighted': 0.9451971799955937, 'eval_f1_macro': 0.49063670411985016, 'eval_confusion_matrix': [0, 5, 0, 131], 'eval_runtime': 0.1897, 'eval_samples_per_second': 716.758, 'eval_steps_per_second': 89.595, 'epoch': 0.49}
{'eval_loss': 1.2860469818115234, 'eval_accuracy': 0.9632352941176471, 'eval_precision_weighted': 0.9278222318339101, 'eval_recall_weighted': 0.9632352941176471, 'eval_f1_weighted': 0.9451971799955937, 'eval_f1_macro': 0.49063670411985016, 'eval_confusion_matrix': [0, 5, 0, 131], 'eval_runtime': 0.154, 'eval_samples_per_second': 882.876, 'eval_steps_per_second': 110.36, 'epoch': 0.59}
{'eval_loss': 1.218062400817871, 'eval_accuracy': 0.9632352941176471, 'eval_precision_weighted': 0.9278222318339101, 'eval_recall_weighted': 0.9632352941176471, 'eval_f1_weighted': 0.9451971799955937, 'eval_f1_macro': 0.49063670411985016, 'eval_confusion_matrix': [0, 5, 0, 131], 'eval_runtime': 0.152, 'eval_samples_per_second': 894.868, 'eval_steps_per_second': 111.858, 'epoch': 0.69}
{'eval_loss': 1.1498514413833618, 'eval_accuracy': 0.9632352941176471, 'eval_precision_weighted': 0.9278222318339101, 'eval_recall_weighted': 0.9632352941176471, 'eval_f1_weighted': 0.9451971799955937, 'eval_f1_macro': 0.49063670411985016, 'eval_confusion_matrix': [0, 5, 0, 131], 'eval_runtime': 0.1538, 'eval_samples_per_second': 884.38, 'eval_steps_per_second': 110.548, 'epoch': 0.78}
{'eval_loss': 1.2115797996520996, 'eval_accuracy': 0.9632352941176471, 'eval_precision_weighted': 0.9278222318339101, 'eval_recall_weighted': 0.9632352941176471, 'eval_f1_weighted': 0.9451971799955937, 'eval_f1_macro': 0.49063670411985016, 'eval_confusion_matrix': [0, 5, 0, 131], 'eval_runtime': 0.2673, 'eval_samples_per_second': 508.841, 'eval_steps_per_second': 63.605, 'epoch': 0.88}
{'eval_loss': 1.115531325340271, 'eval_accuracy': 0.9632352941176471, 'eval_precision_weighted': 0.9278222318339101, 'eval_recall_weighted': 0.9632352941176471, 'eval_f1_weighted': 0.9451971799955937, 'eval_f1_macro': 0.49063670411985016, 'eval_confusion_matrix': [0, 5, 0, 131], 'eval_runtime': 0.2342, 'eval_samples_per_second': 580.604, 'eval_steps_per_second': 72.575, 'epoch': 0.98}
{'train_runtime': 97.6366, 'train_samples_per_second': 12.485, 'train_steps_per_second': 1.567, 'train_loss': 0.9032417247497958, 'epoch': 1.0}
[2025-10-22 14:41:24,418] - [INFO] - Training completed.
[2025-10-22 14:41:24,503] - [INFO] - Running evaluation...
[2025-10-22 14:41:24,777] - [INFO] - Evaluation Results:
[2025-10-22 14:41:24,777] - [INFO] - eval_loss: 0.5901535153388977
[2025-10-22 14:41:24,777] - [INFO] - eval_model_preparation_time: 0.0015
[2025-10-22 14:41:24,777] - [INFO] - eval_accuracy: 0.7578125
[2025-10-22 14:41:24,777] - [INFO] - eval_true_accuracy: 1.0
[2025-10-22 14:41:24,777] - [INFO] - eval_false_accuracy: 0.0
[2025-10-22 14:41:24,777] - [INFO] - eval_runtime: 0.2656
[2025-10-22 14:41:24,777] - [INFO] - eval_samples_per_second: 1445.574
[2025-10-22 14:41:24,777] - [INFO] - eval_steps_per_second: 180.697
[2025-10-22 14:41:24,777] - [INFO] - 
=== Running combination ===
[2025-10-22 14:41:24,777] - [INFO] - Over Sampling Ratio: 0.0, Under Sampling Ratio: 0.25
[2025-10-22 14:41:26,129] - [INFO] - Original Train dataset class split: Counter({1: 1179, 0: 40}), with a total of 1219 samples
[2025-10-22 14:41:26,193] - [INFO] - Sampled Train dataset class split: Counter({1: 294, 0: 40}), with a total of 334 samples
[2025-10-22 14:41:26,196] - [INFO] - Validation dataset class split: Counter({1: 131, 0: 5}), with a total of 136 samples
[2025-10-22 14:41:26,200] - [INFO] - Test dataset class split: Counter({1: 291, 0: 93}), with a total of 384 samples
4.0
[2025-10-22 14:41:27,781] - [INFO] - Starting training of model (answerability classification).
{'eval_loss': 0.7657008171081543, 'eval_accuracy': 0.03676470588235294, 'eval_precision_weighted': 0.001351643598615917, 'eval_recall_weighted': 0.03676470588235294, 'eval_f1_weighted': 0.0026074259491030457, 'eval_f1_macro': 0.03546099290780142, 'eval_confusion_matrix': [5, 0, 131, 0], 'eval_runtime': 0.151, 'eval_samples_per_second': 900.918, 'eval_steps_per_second': 112.615, 'epoch': 0.1}
{'eval_loss': 0.7505353093147278, 'eval_accuracy': 0.03676470588235294, 'eval_precision_weighted': 0.001351643598615917, 'eval_recall_weighted': 0.03676470588235294, 'eval_f1_weighted': 0.0026074259491030457, 'eval_f1_macro': 0.03546099290780142, 'eval_confusion_matrix': [5, 0, 131, 0], 'eval_runtime': 0.2646, 'eval_samples_per_second': 514.046, 'eval_steps_per_second': 64.256, 'epoch': 0.19}
{'eval_loss': 0.7244899868965149, 'eval_accuracy': 0.03676470588235294, 'eval_precision_weighted': 0.001351643598615917, 'eval_recall_weighted': 0.03676470588235294, 'eval_f1_weighted': 0.0026074259491030457, 'eval_f1_macro': 0.03546099290780142, 'eval_confusion_matrix': [5, 0, 131, 0], 'eval_runtime': 0.186, 'eval_samples_per_second': 731.182, 'eval_steps_per_second': 91.398, 'epoch': 0.29}
{'eval_loss': 0.7079514861106873, 'eval_accuracy': 0.03676470588235294, 'eval_precision_weighted': 0.001351643598615917, 'eval_recall_weighted': 0.03676470588235294, 'eval_f1_weighted': 0.0026074259491030457, 'eval_f1_macro': 0.03546099290780142, 'eval_confusion_matrix': [5, 0, 131, 0], 'eval_runtime': 0.268, 'eval_samples_per_second': 507.469, 'eval_steps_per_second': 63.434, 'epoch': 0.38}
{'eval_loss': 0.7009141445159912, 'eval_accuracy': 0.0661764705882353, 'eval_precision_weighted': 0.8038273001508296, 'eval_recall_weighted': 0.0661764705882353, 'eval_f1_weighted': 0.0724877947935054, 'eval_f1_macro': 0.06612597999459313, 'eval_confusion_matrix': [4, 1, 126, 5], 'eval_runtime': 0.1902, 'eval_samples_per_second': 714.875, 'eval_steps_per_second': 89.359, 'epoch': 0.48}
{'eval_loss': 0.7048348784446716, 'eval_accuracy': 0.04411764705882353, 'eval_precision_weighted': 0.9645969498910676, 'eval_recall_weighted': 0.04411764705882353, 'eval_f1_weighted': 0.01722052457346575, 'eval_f1_macro': 0.04329004329004329, 'eval_confusion_matrix': [5, 0, 130, 1], 'eval_runtime': 0.2731, 'eval_samples_per_second': 498.069, 'eval_steps_per_second': 62.259, 'epoch': 0.57}
{'eval_loss': 0.709445059299469, 'eval_accuracy': 0.03676470588235294, 'eval_precision_weighted': 0.001351643598615917, 'eval_recall_weighted': 0.03676470588235294, 'eval_f1_weighted': 0.0026074259491030457, 'eval_f1_macro': 0.03546099290780142, 'eval_confusion_matrix': [5, 0, 131, 0], 'eval_runtime': 0.1865, 'eval_samples_per_second': 729.104, 'eval_steps_per_second': 91.138, 'epoch': 0.67}
{'eval_loss': 0.710119903087616, 'eval_accuracy': 0.03676470588235294, 'eval_precision_weighted': 0.001351643598615917, 'eval_recall_weighted': 0.03676470588235294, 'eval_f1_weighted': 0.0026074259491030457, 'eval_f1_macro': 0.03546099290780142, 'eval_confusion_matrix': [5, 0, 131, 0], 'eval_runtime': 0.932, 'eval_samples_per_second': 145.916, 'eval_steps_per_second': 18.239, 'epoch': 0.76}
{'eval_loss': 0.7077091932296753, 'eval_accuracy': 0.03676470588235294, 'eval_precision_weighted': 0.001351643598615917, 'eval_recall_weighted': 0.03676470588235294, 'eval_f1_weighted': 0.0026074259491030457, 'eval_f1_macro': 0.03546099290780142, 'eval_confusion_matrix': [5, 0, 131, 0], 'eval_runtime': 1.0381, 'eval_samples_per_second': 131.015, 'eval_steps_per_second': 16.377, 'epoch': 0.86}
{'eval_loss': 0.7073683142662048, 'eval_accuracy': 0.03676470588235294, 'eval_precision_weighted': 0.001351643598615917, 'eval_recall_weighted': 0.03676470588235294, 'eval_f1_weighted': 0.0026074259491030457, 'eval_f1_macro': 0.03546099290780142, 'eval_confusion_matrix': [5, 0, 131, 0], 'eval_runtime': 0.1708, 'eval_samples_per_second': 796.333, 'eval_steps_per_second': 99.542, 'epoch': 0.95}
{'train_runtime': 65.1818, 'train_samples_per_second': 5.124, 'train_steps_per_second': 0.644, 'train_loss': 0.7171285265967959, 'epoch': 1.0}
[2025-10-22 14:42:33,314] - [INFO] - Training completed.
[2025-10-22 14:42:33,359] - [INFO] - Running evaluation...
[2025-10-22 14:42:33,675] - [INFO] - Evaluation Results:
[2025-10-22 14:42:33,675] - [INFO] - eval_loss: 0.6995821595191956
[2025-10-22 14:42:33,675] - [INFO] - eval_model_preparation_time: 0.0015
[2025-10-22 14:42:33,675] - [INFO] - eval_accuracy: 0.24479166666666666
[2025-10-22 14:42:33,675] - [INFO] - eval_true_accuracy: 0.024054982817869417
[2025-10-22 14:42:33,675] - [INFO] - eval_false_accuracy: 0.9354838709677419
[2025-10-22 14:42:33,675] - [INFO] - eval_runtime: 0.3
[2025-10-22 14:42:33,675] - [INFO] - eval_samples_per_second: 1279.945
[2025-10-22 14:42:33,675] - [INFO] - eval_steps_per_second: 159.993
[2025-10-22 14:42:33,675] - [INFO] - 
=== Running combination ===
[2025-10-22 14:42:33,675] - [INFO] - Over Sampling Ratio: 0.0, Under Sampling Ratio: 0.5
[2025-10-22 14:42:35,064] - [INFO] - Original Train dataset class split: Counter({1: 1179, 0: 40}), with a total of 1219 samples
[2025-10-22 14:42:35,279] - [INFO] - Sampled Train dataset class split: Counter({1: 589, 0: 40}), with a total of 629 samples
[2025-10-22 14:42:35,282] - [INFO] - Validation dataset class split: Counter({1: 131, 0: 5}), with a total of 136 samples
[2025-10-22 14:42:35,286] - [INFO] - Test dataset class split: Counter({1: 291, 0: 93}), with a total of 384 samples
7.0
[2025-10-22 14:42:36,984] - [INFO] - Starting training of model (answerability classification).
{'eval_loss': 0.7842307090759277, 'eval_accuracy': 0.03676470588235294, 'eval_precision_weighted': 0.001351643598615917, 'eval_recall_weighted': 0.03676470588235294, 'eval_f1_weighted': 0.0026074259491030457, 'eval_f1_macro': 0.03546099290780142, 'eval_confusion_matrix': [5, 0, 131, 0], 'eval_runtime': 0.1545, 'eval_samples_per_second': 880.031, 'eval_steps_per_second': 110.004, 'epoch': 0.09}
{'eval_loss': 0.7580095529556274, 'eval_accuracy': 0.03676470588235294, 'eval_precision_weighted': 0.001351643598615917, 'eval_recall_weighted': 0.03676470588235294, 'eval_f1_weighted': 0.0026074259491030457, 'eval_f1_macro': 0.03546099290780142, 'eval_confusion_matrix': [5, 0, 131, 0], 'eval_runtime': 0.1812, 'eval_samples_per_second': 750.584, 'eval_steps_per_second': 93.823, 'epoch': 0.18}
{'eval_loss': 0.7466045618057251, 'eval_accuracy': 0.03676470588235294, 'eval_precision_weighted': 0.001351643598615917, 'eval_recall_weighted': 0.03676470588235294, 'eval_f1_weighted': 0.0026074259491030457, 'eval_f1_macro': 0.03546099290780142, 'eval_confusion_matrix': [5, 0, 131, 0], 'eval_runtime': 0.1509, 'eval_samples_per_second': 901.263, 'eval_steps_per_second': 112.658, 'epoch': 0.27}
{'eval_loss': 0.726952075958252, 'eval_accuracy': 0.03676470588235294, 'eval_precision_weighted': 0.001351643598615917, 'eval_recall_weighted': 0.03676470588235294, 'eval_f1_weighted': 0.0026074259491030457, 'eval_f1_macro': 0.03546099290780142, 'eval_confusion_matrix': [5, 0, 131, 0], 'eval_runtime': 0.1476, 'eval_samples_per_second': 921.302, 'eval_steps_per_second': 115.163, 'epoch': 0.35}
{'eval_loss': 0.6948724389076233, 'eval_accuracy': 0.2867647058823529, 'eval_precision_weighted': 0.9650374855824683, 'eval_recall_weighted': 0.2867647058823529, 'eval_f1_weighted': 0.4004056507904776, 'eval_f1_macro': 0.2527895780232229, 'eval_confusion_matrix': [5, 0, 97, 34], 'eval_runtime': 0.7418, 'eval_samples_per_second': 183.348, 'eval_steps_per_second': 22.919, 'epoch': 0.44}
{'eval_loss': 0.6632030606269836, 'eval_accuracy': 0.9632352941176471, 'eval_precision_weighted': 0.9278222318339101, 'eval_recall_weighted': 0.9632352941176471, 'eval_f1_weighted': 0.9451971799955937, 'eval_f1_macro': 0.49063670411985016, 'eval_confusion_matrix': [0, 5, 0, 131], 'eval_runtime': 0.181, 'eval_samples_per_second': 751.51, 'eval_steps_per_second': 93.939, 'epoch': 0.53}
{'eval_loss': 0.6448729038238525, 'eval_accuracy': 0.9632352941176471, 'eval_precision_weighted': 0.9278222318339101, 'eval_recall_weighted': 0.9632352941176471, 'eval_f1_weighted': 0.9451971799955937, 'eval_f1_macro': 0.49063670411985016, 'eval_confusion_matrix': [0, 5, 0, 131], 'eval_runtime': 0.6931, 'eval_samples_per_second': 196.217, 'eval_steps_per_second': 24.527, 'epoch': 0.62}
{'eval_loss': 0.6280570030212402, 'eval_accuracy': 0.9632352941176471, 'eval_precision_weighted': 0.9278222318339101, 'eval_recall_weighted': 0.9632352941176471, 'eval_f1_weighted': 0.9451971799955937, 'eval_f1_macro': 0.49063670411985016, 'eval_confusion_matrix': [0, 5, 0, 131], 'eval_runtime': 0.2629, 'eval_samples_per_second': 517.294, 'eval_steps_per_second': 64.662, 'epoch': 0.71}
{'eval_loss': 0.5684698820114136, 'eval_accuracy': 0.9632352941176471, 'eval_precision_weighted': 0.9278222318339101, 'eval_recall_weighted': 0.9632352941176471, 'eval_f1_weighted': 0.9451971799955937, 'eval_f1_macro': 0.49063670411985016, 'eval_confusion_matrix': [0, 5, 0, 131], 'eval_runtime': 0.2566, 'eval_samples_per_second': 530.106, 'eval_steps_per_second': 66.263, 'epoch': 0.8}
{'eval_loss': 0.4572865962982178, 'eval_accuracy': 0.9632352941176471, 'eval_precision_weighted': 0.9278222318339101, 'eval_recall_weighted': 0.9632352941176471, 'eval_f1_weighted': 0.9451971799955937, 'eval_f1_macro': 0.49063670411985016, 'eval_confusion_matrix': [0, 5, 0, 131], 'eval_runtime': 0.187, 'eval_samples_per_second': 727.337, 'eval_steps_per_second': 90.917, 'epoch': 0.89}
{'eval_loss': 0.406625360250473, 'eval_accuracy': 0.9632352941176471, 'eval_precision_weighted': 0.9278222318339101, 'eval_recall_weighted': 0.9632352941176471, 'eval_f1_weighted': 0.9451971799955937, 'eval_f1_macro': 0.49063670411985016, 'eval_confusion_matrix': [0, 5, 0, 131], 'eval_runtime': 0.1513, 'eval_samples_per_second': 899.153, 'eval_steps_per_second': 112.394, 'epoch': 0.97}
{'train_runtime': 84.6402, 'train_samples_per_second': 7.431, 'train_steps_per_second': 0.933, 'train_loss': 0.6951151014883307, 'epoch': 1.0}
[2025-10-22 14:44:01,900] - [INFO] - Training completed.
[2025-10-22 14:44:01,946] - [INFO] - Running evaluation...
[2025-10-22 14:44:02,203] - [INFO] - Evaluation Results:
[2025-10-22 14:44:02,203] - [INFO] - eval_loss: 0.6774546504020691
[2025-10-22 14:44:02,203] - [INFO] - eval_model_preparation_time: 0.0015
[2025-10-22 14:44:02,203] - [INFO] - eval_accuracy: 0.7578125
[2025-10-22 14:44:02,203] - [INFO] - eval_true_accuracy: 1.0
[2025-10-22 14:44:02,203] - [INFO] - eval_false_accuracy: 0.0
[2025-10-22 14:44:02,203] - [INFO] - eval_runtime: 0.2498
[2025-10-22 14:44:02,203] - [INFO] - eval_samples_per_second: 1537.515
[2025-10-22 14:44:02,203] - [INFO] - eval_steps_per_second: 192.189
[2025-10-22 14:44:02,203] - [INFO] - 
=== Running combination ===
[2025-10-22 14:44:02,203] - [INFO] - Over Sampling Ratio: 0.0, Under Sampling Ratio: 1.0
[2025-10-22 14:44:03,818] - [INFO] - Original Train dataset class split: Counter({1: 1179, 0: 40}), with a total of 1219 samples
[2025-10-22 14:44:03,882] - [INFO] - Sampled Train dataset class split: Counter({1: 1179, 0: 40}), with a total of 1219 samples
[2025-10-22 14:44:03,885] - [INFO] - Validation dataset class split: Counter({1: 131, 0: 5}), with a total of 136 samples
[2025-10-22 14:44:03,889] - [INFO] - Test dataset class split: Counter({1: 291, 0: 93}), with a total of 384 samples
15.0
[2025-10-22 14:44:06,631] - [INFO] - Starting training of model (answerability classification).
{'eval_loss': 0.4792020320892334, 'eval_accuracy': 0.9632352941176471, 'eval_precision_weighted': 0.9278222318339101, 'eval_recall_weighted': 0.9632352941176471, 'eval_f1_weighted': 0.9451971799955937, 'eval_f1_macro': 0.49063670411985016, 'eval_confusion_matrix': [0, 5, 0, 131], 'eval_runtime': 0.2258, 'eval_samples_per_second': 602.377, 'eval_steps_per_second': 75.297, 'epoch': 0.1}
{'eval_loss': 0.7521539926528931, 'eval_accuracy': 0.9632352941176471, 'eval_precision_weighted': 0.9278222318339101, 'eval_recall_weighted': 0.9632352941176471, 'eval_f1_weighted': 0.9451971799955937, 'eval_f1_macro': 0.49063670411985016, 'eval_confusion_matrix': [0, 5, 0, 131], 'eval_runtime': 0.5932, 'eval_samples_per_second': 229.281, 'eval_steps_per_second': 28.66, 'epoch': 0.2}
{'eval_loss': 1.0758447647094727, 'eval_accuracy': 0.9632352941176471, 'eval_precision_weighted': 0.9278222318339101, 'eval_recall_weighted': 0.9632352941176471, 'eval_f1_weighted': 0.9451971799955937, 'eval_f1_macro': 0.49063670411985016, 'eval_confusion_matrix': [0, 5, 0, 131], 'eval_runtime': 1.2985, 'eval_samples_per_second': 104.733, 'eval_steps_per_second': 13.092, 'epoch': 0.29}
{'eval_loss': 1.1646987199783325, 'eval_accuracy': 0.9632352941176471, 'eval_precision_weighted': 0.9278222318339101, 'eval_recall_weighted': 0.9632352941176471, 'eval_f1_weighted': 0.9451971799955937, 'eval_f1_macro': 0.49063670411985016, 'eval_confusion_matrix': [0, 5, 0, 131], 'eval_runtime': 0.3425, 'eval_samples_per_second': 397.119, 'eval_steps_per_second': 49.64, 'epoch': 0.39}
{'eval_loss': 1.1771230697631836, 'eval_accuracy': 0.9632352941176471, 'eval_precision_weighted': 0.9278222318339101, 'eval_recall_weighted': 0.9632352941176471, 'eval_f1_weighted': 0.9451971799955937, 'eval_f1_macro': 0.49063670411985016, 'eval_confusion_matrix': [0, 5, 0, 131], 'eval_runtime': 0.4782, 'eval_samples_per_second': 284.388, 'eval_steps_per_second': 35.548, 'epoch': 0.49}
{'eval_loss': 1.2860469818115234, 'eval_accuracy': 0.9632352941176471, 'eval_precision_weighted': 0.9278222318339101, 'eval_recall_weighted': 0.9632352941176471, 'eval_f1_weighted': 0.9451971799955937, 'eval_f1_macro': 0.49063670411985016, 'eval_confusion_matrix': [0, 5, 0, 131], 'eval_runtime': 0.4903, 'eval_samples_per_second': 277.362, 'eval_steps_per_second': 34.67, 'epoch': 0.59}
{'eval_loss': 1.218062400817871, 'eval_accuracy': 0.9632352941176471, 'eval_precision_weighted': 0.9278222318339101, 'eval_recall_weighted': 0.9632352941176471, 'eval_f1_weighted': 0.9451971799955937, 'eval_f1_macro': 0.49063670411985016, 'eval_confusion_matrix': [0, 5, 0, 131], 'eval_runtime': 0.3068, 'eval_samples_per_second': 443.323, 'eval_steps_per_second': 55.415, 'epoch': 0.69}
{'eval_loss': 1.1498514413833618, 'eval_accuracy': 0.9632352941176471, 'eval_precision_weighted': 0.9278222318339101, 'eval_recall_weighted': 0.9632352941176471, 'eval_f1_weighted': 0.9451971799955937, 'eval_f1_macro': 0.49063670411985016, 'eval_confusion_matrix': [0, 5, 0, 131], 'eval_runtime': 0.385, 'eval_samples_per_second': 353.273, 'eval_steps_per_second': 44.159, 'epoch': 0.78}
{'eval_loss': 1.2115797996520996, 'eval_accuracy': 0.9632352941176471, 'eval_precision_weighted': 0.9278222318339101, 'eval_recall_weighted': 0.9632352941176471, 'eval_f1_weighted': 0.9451971799955937, 'eval_f1_macro': 0.49063670411985016, 'eval_confusion_matrix': [0, 5, 0, 131], 'eval_runtime': 0.5169, 'eval_samples_per_second': 263.083, 'eval_steps_per_second': 32.885, 'epoch': 0.88}
{'eval_loss': 1.115531325340271, 'eval_accuracy': 0.9632352941176471, 'eval_precision_weighted': 0.9278222318339101, 'eval_recall_weighted': 0.9632352941176471, 'eval_f1_weighted': 0.9451971799955937, 'eval_f1_macro': 0.49063670411985016, 'eval_confusion_matrix': [0, 5, 0, 131], 'eval_runtime': 0.1983, 'eval_samples_per_second': 685.938, 'eval_steps_per_second': 85.742, 'epoch': 0.98}
{'train_runtime': 83.5568, 'train_samples_per_second': 14.589, 'train_steps_per_second': 1.831, 'train_loss': 0.9032417247497958, 'epoch': 1.0}
[2025-10-22 14:45:30,506] - [INFO] - Training completed.
[2025-10-22 14:45:30,554] - [INFO] - Running evaluation...
[2025-10-22 14:45:30,854] - [INFO] - Evaluation Results:
[2025-10-22 14:45:30,854] - [INFO] - eval_loss: 0.5901535153388977
[2025-10-22 14:45:30,854] - [INFO] - eval_model_preparation_time: 0.0015
[2025-10-22 14:45:30,854] - [INFO] - eval_accuracy: 0.7578125
[2025-10-22 14:45:30,854] - [INFO] - eval_true_accuracy: 1.0
[2025-10-22 14:45:30,854] - [INFO] - eval_false_accuracy: 0.0
[2025-10-22 14:45:30,854] - [INFO] - eval_runtime: 0.2591
[2025-10-22 14:45:30,854] - [INFO] - eval_samples_per_second: 1481.826
[2025-10-22 14:45:30,854] - [INFO] - eval_steps_per_second: 185.228
[2025-10-22 14:45:30,854] - [INFO] - 
=== Running combination ===
[2025-10-22 14:45:30,854] - [INFO] - Over Sampling Ratio: 0.25, Under Sampling Ratio: 0.0
[2025-10-22 14:45:32,442] - [INFO] - Original Train dataset class split: Counter({1: 1179, 0: 40}), with a total of 1219 samples
[2025-10-22 14:45:32,559] - [INFO] - Sampled Train dataset class split: Counter({1: 1179, 0: 294}), with a total of 1473 samples
[2025-10-22 14:45:32,562] - [INFO] - Validation dataset class split: Counter({1: 131, 0: 5}), with a total of 136 samples
[2025-10-22 14:45:32,566] - [INFO] - Test dataset class split: Counter({1: 291, 0: 93}), with a total of 384 samples
18.0
[2025-10-22 14:45:34,610] - [INFO] - Starting training of model (answerability classification).
{'eval_loss': 0.7080582976341248, 'eval_accuracy': 0.4338235294117647, 'eval_precision_weighted': 0.9314343111249805, 'eval_recall_weighted': 0.4338235294117647, 'eval_f1_weighted': 0.5734637897997217, 'eval_f1_macro': 0.3324408746095493, 'eval_confusion_matrix': [3, 2, 75, 56], 'eval_runtime': 0.3079, 'eval_samples_per_second': 441.757, 'eval_steps_per_second': 55.22, 'epoch': 0.1}
{'eval_loss': 0.30064111948013306, 'eval_accuracy': 0.9632352941176471, 'eval_precision_weighted': 0.9278222318339101, 'eval_recall_weighted': 0.9632352941176471, 'eval_f1_weighted': 0.9451971799955937, 'eval_f1_macro': 0.49063670411985016, 'eval_confusion_matrix': [0, 5, 0, 131], 'eval_runtime': 0.2277, 'eval_samples_per_second': 597.22, 'eval_steps_per_second': 74.652, 'epoch': 0.19}
{'eval_loss': 0.5596089959144592, 'eval_accuracy': 0.6691176470588235, 'eval_precision_weighted': 0.9442277635691958, 'eval_recall_weighted': 0.6691176470588235, 'eval_f1_weighted': 0.7714266702155976, 'eval_f1_macro': 0.45701357466063347, 'eval_confusion_matrix': [3, 2, 43, 88], 'eval_runtime': 0.594, 'eval_samples_per_second': 228.964, 'eval_steps_per_second': 28.62, 'epoch': 0.29}
{'eval_loss': 0.3280092179775238, 'eval_accuracy': 0.9411764705882353, 'eval_precision_weighted': 0.9513386750048857, 'eval_recall_weighted': 0.9411764705882353, 'eval_f1_weighted': 0.9458521870286575, 'eval_f1_macro': 0.6512820512820513, 'eval_confusion_matrix': [2, 3, 5, 126], 'eval_runtime': 0.2129, 'eval_samples_per_second': 638.648, 'eval_steps_per_second': 79.831, 'epoch': 0.39}
{'eval_loss': 0.290279358625412, 'eval_accuracy': 0.9779411764705882, 'eval_precision_weighted': 0.9784350307287094, 'eval_recall_weighted': 0.9779411764705882, 'eval_f1_weighted': 0.9733391469795466, 'eval_f1_macro': 0.7800539083557951, 'eval_confusion_matrix': [2, 3, 0, 131], 'eval_runtime': 0.195, 'eval_samples_per_second': 697.614, 'eval_steps_per_second': 87.202, 'epoch': 0.49}
{'eval_loss': 0.3521643280982971, 'eval_accuracy': 0.8455882352941176, 'eval_precision_weighted': 0.9420005070993914, 'eval_recall_weighted': 0.8455882352941176, 'eval_f1_weighted': 0.8872231483686592, 'eval_f1_macro': 0.5374898785425101, 'eval_confusion_matrix': [2, 3, 18, 113], 'eval_runtime': 0.1469, 'eval_samples_per_second': 925.552, 'eval_steps_per_second': 115.694, 'epoch': 0.58}
{'eval_loss': 0.2899707555770874, 'eval_accuracy': 0.8823529411764706, 'eval_precision_weighted': 0.953534354918438, 'eval_recall_weighted': 0.8823529411764706, 'eval_f1_weighted': 0.9116149732620321, 'eval_f1_macro': 0.6043636363636364, 'eval_confusion_matrix': [3, 2, 14, 117], 'eval_runtime': 0.1544, 'eval_samples_per_second': 880.764, 'eval_steps_per_second': 110.096, 'epoch': 0.68}
{'eval_loss': 0.23064911365509033, 'eval_accuracy': 0.9779411764705882, 'eval_precision_weighted': 0.9784350307287094, 'eval_recall_weighted': 0.9779411764705882, 'eval_f1_weighted': 0.9733391469795466, 'eval_f1_macro': 0.7800539083557951, 'eval_confusion_matrix': [2, 3, 0, 131], 'eval_runtime': 0.2691, 'eval_samples_per_second': 505.349, 'eval_steps_per_second': 63.169, 'epoch': 0.78}
{'eval_loss': 0.2605428695678711, 'eval_accuracy': 0.9191176470588235, 'eval_precision_weighted': 0.9476540616246498, 'eval_recall_weighted': 0.9191176470588235, 'eval_f1_weighted': 0.9318112458991379, 'eval_f1_macro': 0.6119325551232166, 'eval_confusion_matrix': [2, 3, 8, 123], 'eval_runtime': 0.8499, 'eval_samples_per_second': 160.026, 'eval_steps_per_second': 20.003, 'epoch': 0.88}
{'eval_loss': 0.272308349609375, 'eval_accuracy': 0.9191176470588235, 'eval_precision_weighted': 0.9476540616246498, 'eval_recall_weighted': 0.9191176470588235, 'eval_f1_weighted': 0.9318112458991379, 'eval_f1_macro': 0.6119325551232166, 'eval_confusion_matrix': [2, 3, 8, 123], 'eval_runtime': 0.4192, 'eval_samples_per_second': 324.424, 'eval_steps_per_second': 40.553, 'epoch': 0.97}
{'train_runtime': 88.8725, 'train_samples_per_second': 16.574, 'train_steps_per_second': 2.082, 'train_loss': 0.5440844974002322, 'epoch': 1.0}
[2025-10-22 14:47:03,757] - [INFO] - Training completed.
[2025-10-22 14:47:03,803] - [INFO] - Running evaluation...
[2025-10-22 14:47:04,198] - [INFO] - Evaluation Results:
[2025-10-22 14:47:04,198] - [INFO] - eval_loss: 0.5840737223625183
[2025-10-22 14:47:04,198] - [INFO] - eval_model_preparation_time: 0.0015
[2025-10-22 14:47:04,198] - [INFO] - eval_accuracy: 0.7708333333333334
[2025-10-22 14:47:04,198] - [INFO] - eval_true_accuracy: 0.9621993127147767
[2025-10-22 14:47:04,198] - [INFO] - eval_false_accuracy: 0.17204301075268819
[2025-10-22 14:47:04,198] - [INFO] - eval_runtime: 0.3877
[2025-10-22 14:47:04,198] - [INFO] - eval_samples_per_second: 990.483
[2025-10-22 14:47:04,198] - [INFO] - eval_steps_per_second: 123.81
[2025-10-22 14:47:04,198] - [INFO] - 
=== Running combination ===
[2025-10-22 14:47:04,198] - [INFO] - Over Sampling Ratio: 0.25, Under Sampling Ratio: 0.25
[2025-10-22 14:47:06,061] - [INFO] - Original Train dataset class split: Counter({1: 1179, 0: 40}), with a total of 1219 samples
[2025-10-22 14:47:06,191] - [INFO] - Sampled Train dataset class split: Counter({1: 294, 0: 294}), with a total of 588 samples
[2025-10-22 14:47:06,194] - [INFO] - Validation dataset class split: Counter({1: 131, 0: 5}), with a total of 136 samples
[2025-10-22 14:47:06,197] - [INFO] - Test dataset class split: Counter({1: 291, 0: 93}), with a total of 384 samples
7.0
[2025-10-22 14:47:07,941] - [INFO] - Starting training of model (answerability classification).
{'eval_loss': 0.7983813285827637, 'eval_accuracy': 0.03676470588235294, 'eval_precision_weighted': 0.001351643598615917, 'eval_recall_weighted': 0.03676470588235294, 'eval_f1_weighted': 0.0026074259491030457, 'eval_f1_macro': 0.03546099290780142, 'eval_confusion_matrix': [5, 0, 131, 0], 'eval_runtime': 0.1884, 'eval_samples_per_second': 721.681, 'eval_steps_per_second': 90.21, 'epoch': 0.09}
{'eval_loss': 0.7608160972595215, 'eval_accuracy': 0.03676470588235294, 'eval_precision_weighted': 0.001351643598615917, 'eval_recall_weighted': 0.03676470588235294, 'eval_f1_weighted': 0.0026074259491030457, 'eval_f1_macro': 0.03546099290780142, 'eval_confusion_matrix': [5, 0, 131, 0], 'eval_runtime': 0.179, 'eval_samples_per_second': 759.67, 'eval_steps_per_second': 94.959, 'epoch': 0.19}
{'eval_loss': 0.7340083718299866, 'eval_accuracy': 0.03676470588235294, 'eval_precision_weighted': 0.001351643598615917, 'eval_recall_weighted': 0.03676470588235294, 'eval_f1_weighted': 0.0026074259491030457, 'eval_f1_macro': 0.03546099290780142, 'eval_confusion_matrix': [5, 0, 131, 0], 'eval_runtime': 0.1758, 'eval_samples_per_second': 773.439, 'eval_steps_per_second': 96.68, 'epoch': 0.28}
{'eval_loss': 0.7336786985397339, 'eval_accuracy': 0.03676470588235294, 'eval_precision_weighted': 0.001351643598615917, 'eval_recall_weighted': 0.03676470588235294, 'eval_f1_weighted': 0.0026074259491030457, 'eval_f1_macro': 0.03546099290780142, 'eval_confusion_matrix': [5, 0, 131, 0], 'eval_runtime': 0.1478, 'eval_samples_per_second': 920.13, 'eval_steps_per_second': 115.016, 'epoch': 0.38}
{'eval_loss': 0.7087454199790955, 'eval_accuracy': 0.2867647058823529, 'eval_precision_weighted': 0.9379493464052288, 'eval_recall_weighted': 0.2867647058823529, 'eval_f1_weighted': 0.40655244133581575, 'eval_f1_macro': 0.24767607641859138, 'eval_confusion_matrix': [4, 1, 96, 35], 'eval_runtime': 0.8409, 'eval_samples_per_second': 161.739, 'eval_steps_per_second': 20.217, 'epoch': 0.47}
{'eval_loss': 0.6803750395774841, 'eval_accuracy': 0.47794117647058826, 'eval_precision_weighted': 0.9496865223857632, 'eval_recall_weighted': 0.47794117647058826, 'eval_f1_weighted': 0.6126074946276799, 'eval_f1_macro': 0.3666950875582082, 'eval_confusion_matrix': [4, 1, 70, 61], 'eval_runtime': 0.6873, 'eval_samples_per_second': 197.888, 'eval_steps_per_second': 24.736, 'epoch': 0.57}
{'eval_loss': 0.6220507025718689, 'eval_accuracy': 0.5588235294117647, 'eval_precision_weighted': 0.9393571198971393, 'eval_recall_weighted': 0.5588235294117647, 'eval_f1_weighted': 0.6860235709464721, 'eval_f1_macro': 0.39982347749338043, 'eval_confusion_matrix': [3, 2, 58, 73], 'eval_runtime': 0.4803, 'eval_samples_per_second': 283.183, 'eval_steps_per_second': 35.398, 'epoch': 0.66}
{'eval_loss': 0.5677267909049988, 'eval_accuracy': 0.5588235294117647, 'eval_precision_weighted': 0.9393571198971393, 'eval_recall_weighted': 0.5588235294117647, 'eval_f1_weighted': 0.6860235709464721, 'eval_f1_macro': 0.39982347749338043, 'eval_confusion_matrix': [3, 2, 58, 73], 'eval_runtime': 0.4654, 'eval_samples_per_second': 292.196, 'eval_steps_per_second': 36.525, 'epoch': 0.76}
{'eval_loss': 0.5539675354957581, 'eval_accuracy': 0.5882352941176471, 'eval_precision_weighted': 0.9407845749892227, 'eval_recall_weighted': 0.5882352941176471, 'eval_f1_weighted': 0.7099304237824162, 'eval_f1_macro': 0.4150537634408602, 'eval_confusion_matrix': [3, 2, 54, 77], 'eval_runtime': 0.4592, 'eval_samples_per_second': 296.155, 'eval_steps_per_second': 37.019, 'epoch': 0.85}
{'eval_loss': 0.4879477918148041, 'eval_accuracy': 0.6985294117647058, 'eval_precision_weighted': 0.9453669765778652, 'eval_recall_weighted': 0.6985294117647058, 'eval_f1_weighted': 0.7924057850090391, 'eval_f1_macro': 0.47271867612293145, 'eval_confusion_matrix': [3, 2, 39, 92], 'eval_runtime': 0.1823, 'eval_samples_per_second': 746.117, 'eval_steps_per_second': 93.265, 'epoch': 0.95}
{'train_runtime': 66.5189, 'train_samples_per_second': 8.84, 'train_steps_per_second': 1.112, 'train_loss': 0.6654950219231683, 'epoch': 1.0}
[2025-10-22 14:48:14,911] - [INFO] - Training completed.
[2025-10-22 14:48:14,955] - [INFO] - Running evaluation...
[2025-10-22 14:48:15,209] - [INFO] - Evaluation Results:
[2025-10-22 14:48:15,209] - [INFO] - eval_loss: 0.7578740119934082
[2025-10-22 14:48:15,209] - [INFO] - eval_model_preparation_time: 0.0015
[2025-10-22 14:48:15,209] - [INFO] - eval_accuracy: 0.4166666666666667
[2025-10-22 14:48:15,209] - [INFO] - eval_true_accuracy: 0.37800687285223367
[2025-10-22 14:48:15,209] - [INFO] - eval_false_accuracy: 0.5376344086021505
[2025-10-22 14:48:15,209] - [INFO] - eval_runtime: 0.2456
[2025-10-22 14:48:15,209] - [INFO] - eval_samples_per_second: 1563.784
[2025-10-22 14:48:15,209] - [INFO] - eval_steps_per_second: 195.473
[2025-10-22 14:48:15,210] - [INFO] - 
=== Running combination ===
[2025-10-22 14:48:15,210] - [INFO] - Over Sampling Ratio: 0.25, Under Sampling Ratio: 0.5
[2025-10-22 14:48:16,654] - [INFO] - Original Train dataset class split: Counter({1: 1179, 0: 40}), with a total of 1219 samples
[2025-10-22 14:48:16,721] - [INFO] - Sampled Train dataset class split: Counter({1: 589, 0: 294}), with a total of 883 samples
[2025-10-22 14:48:16,724] - [INFO] - Validation dataset class split: Counter({1: 131, 0: 5}), with a total of 136 samples
[2025-10-22 14:48:16,727] - [INFO] - Test dataset class split: Counter({1: 291, 0: 93}), with a total of 384 samples
11.0
[2025-10-22 14:48:21,607] - [INFO] - Starting training of model (answerability classification).
{'eval_loss': 0.7779715061187744, 'eval_accuracy': 0.03676470588235294, 'eval_precision_weighted': 0.001351643598615917, 'eval_recall_weighted': 0.03676470588235294, 'eval_f1_weighted': 0.0026074259491030457, 'eval_f1_macro': 0.03546099290780142, 'eval_confusion_matrix': [5, 0, 131, 0], 'eval_runtime': 0.1807, 'eval_samples_per_second': 752.655, 'eval_steps_per_second': 94.082, 'epoch': 0.1}
{'eval_loss': 0.7459648251533508, 'eval_accuracy': 0.03676470588235294, 'eval_precision_weighted': 0.001351643598615917, 'eval_recall_weighted': 0.03676470588235294, 'eval_f1_weighted': 0.0026074259491030457, 'eval_f1_macro': 0.03546099290780142, 'eval_confusion_matrix': [5, 0, 131, 0], 'eval_runtime': 0.3825, 'eval_samples_per_second': 355.587, 'eval_steps_per_second': 44.448, 'epoch': 0.2}
{'eval_loss': 0.7661399841308594, 'eval_accuracy': 0.03676470588235294, 'eval_precision_weighted': 0.001351643598615917, 'eval_recall_weighted': 0.03676470588235294, 'eval_f1_weighted': 0.0026074259491030457, 'eval_f1_macro': 0.03546099290780142, 'eval_confusion_matrix': [5, 0, 131, 0], 'eval_runtime': 0.4802, 'eval_samples_per_second': 283.194, 'eval_steps_per_second': 35.399, 'epoch': 0.3}
{'eval_loss': 0.70556640625, 'eval_accuracy': 0.3161764705882353, 'eval_precision_weighted': 0.9651110444177671, 'eval_recall_weighted': 0.3161764705882353, 'eval_f1_weighted': 0.43674029041731016, 'eval_f1_macro': 0.2733957603263055, 'eval_confusion_matrix': [5, 0, 93, 38], 'eval_runtime': 0.3755, 'eval_samples_per_second': 362.18, 'eval_steps_per_second': 45.272, 'epoch': 0.4}
{'eval_loss': 0.48713403940200806, 'eval_accuracy': 0.8970588235294118, 'eval_precision_weighted': 0.945397858955965, 'eval_recall_weighted': 0.8970588235294118, 'eval_f1_weighted': 0.9183135196335752, 'eval_f1_macro': 0.5835520559930009, 'eval_confusion_matrix': [2, 3, 11, 120], 'eval_runtime': 0.2199, 'eval_samples_per_second': 618.408, 'eval_steps_per_second': 77.301, 'epoch': 0.5}
{'eval_loss': 0.5365723967552185, 'eval_accuracy': 0.7058823529411765, 'eval_precision_weighted': 0.9456467567771654, 'eval_recall_weighted': 0.7058823529411765, 'eval_f1_weighted': 0.7975465676844035, 'eval_f1_macro': 0.4767218160831089, 'eval_confusion_matrix': [3, 2, 38, 93], 'eval_runtime': 0.188, 'eval_samples_per_second': 723.462, 'eval_steps_per_second': 90.433, 'epoch': 0.59}
{'eval_loss': 0.3346088230609894, 'eval_accuracy': 0.9485294117647058, 'eval_precision_weighted': 0.9432375222816399, 'eval_recall_weighted': 0.9485294117647058, 'eval_f1_weighted': 0.9457677874698674, 'eval_f1_macro': 0.5978031263202366, 'eval_confusion_matrix': [1, 4, 3, 128], 'eval_runtime': 0.1971, 'eval_samples_per_second': 689.861, 'eval_steps_per_second': 86.233, 'epoch': 0.69}
{'eval_loss': 0.45706939697265625, 'eval_accuracy': 0.7573529411764706, 'eval_precision_weighted': 0.9475922722029989, 'eval_recall_weighted': 0.7573529411764706, 'eval_f1_weighted': 0.8324675198570679, 'eval_f1_macro': 0.5061076262793001, 'eval_confusion_matrix': [3, 2, 31, 100], 'eval_runtime': 0.2072, 'eval_samples_per_second': 656.215, 'eval_steps_per_second': 82.027, 'epoch': 0.79}
{'eval_loss': 0.3758169412612915, 'eval_accuracy': 0.8602941176470589, 'eval_precision_weighted': 0.952142494929006, 'eval_recall_weighted': 0.8602941176470589, 'eval_f1_weighted': 0.8979638009049775, 'eval_f1_macro': 0.5815384615384616, 'eval_confusion_matrix': [3, 2, 17, 114], 'eval_runtime': 0.2974, 'eval_samples_per_second': 457.227, 'eval_steps_per_second': 57.153, 'epoch': 0.89}
{'eval_loss': 0.35783761739730835, 'eval_accuracy': 0.8602941176470589, 'eval_precision_weighted': 0.9428312285366123, 'eval_recall_weighted': 0.8602941176470589, 'eval_f1_weighted': 0.8961292741297671, 'eval_f1_macro': 0.5488039112973634, 'eval_confusion_matrix': [2, 3, 16, 115], 'eval_runtime': 0.185, 'eval_samples_per_second': 734.988, 'eval_steps_per_second': 91.873, 'epoch': 0.99}
{'train_runtime': 74.1822, 'train_samples_per_second': 11.903, 'train_steps_per_second': 1.496, 'train_loss': 0.6036159755947353, 'epoch': 1.0}
[2025-10-22 14:49:36,048] - [INFO] - Training completed.
[2025-10-22 14:49:36,094] - [INFO] - Running evaluation...
[2025-10-22 14:49:36,431] - [INFO] - Evaluation Results:
[2025-10-22 14:49:36,431] - [INFO] - eval_loss: 0.6333540678024292
[2025-10-22 14:49:36,431] - [INFO] - eval_model_preparation_time: 0.0015
[2025-10-22 14:49:36,431] - [INFO] - eval_accuracy: 0.734375
[2025-10-22 14:49:36,431] - [INFO] - eval_true_accuracy: 0.8831615120274914
[2025-10-22 14:49:36,431] - [INFO] - eval_false_accuracy: 0.26881720430107525
[2025-10-22 14:49:36,431] - [INFO] - eval_runtime: 0.2436
[2025-10-22 14:49:36,431] - [INFO] - eval_samples_per_second: 1576.229
[2025-10-22 14:49:36,431] - [INFO] - eval_steps_per_second: 197.029
[2025-10-22 14:49:36,432] - [INFO] - 
=== Running combination ===
[2025-10-22 14:49:36,432] - [INFO] - Over Sampling Ratio: 0.25, Under Sampling Ratio: 1.0
[2025-10-22 14:49:37,873] - [INFO] - Original Train dataset class split: Counter({1: 1179, 0: 40}), with a total of 1219 samples
[2025-10-22 14:49:37,951] - [INFO] - Sampled Train dataset class split: Counter({1: 1179, 0: 294}), with a total of 1473 samples
[2025-10-22 14:49:37,955] - [INFO] - Validation dataset class split: Counter({1: 131, 0: 5}), with a total of 136 samples
[2025-10-22 14:49:37,958] - [INFO] - Test dataset class split: Counter({1: 291, 0: 93}), with a total of 384 samples
18.0
[2025-10-22 14:49:39,815] - [INFO] - Starting training of model (answerability classification).
{'eval_loss': 0.7080582976341248, 'eval_accuracy': 0.4338235294117647, 'eval_precision_weighted': 0.9314343111249805, 'eval_recall_weighted': 0.4338235294117647, 'eval_f1_weighted': 0.5734637897997217, 'eval_f1_macro': 0.3324408746095493, 'eval_confusion_matrix': [3, 2, 75, 56], 'eval_runtime': 0.6894, 'eval_samples_per_second': 197.28, 'eval_steps_per_second': 24.66, 'epoch': 0.1}
{'eval_loss': 0.30064111948013306, 'eval_accuracy': 0.9632352941176471, 'eval_precision_weighted': 0.9278222318339101, 'eval_recall_weighted': 0.9632352941176471, 'eval_f1_weighted': 0.9451971799955937, 'eval_f1_macro': 0.49063670411985016, 'eval_confusion_matrix': [0, 5, 0, 131], 'eval_runtime': 0.7651, 'eval_samples_per_second': 177.755, 'eval_steps_per_second': 22.219, 'epoch': 0.19}
{'eval_loss': 0.5596089959144592, 'eval_accuracy': 0.6691176470588235, 'eval_precision_weighted': 0.9442277635691958, 'eval_recall_weighted': 0.6691176470588235, 'eval_f1_weighted': 0.7714266702155976, 'eval_f1_macro': 0.45701357466063347, 'eval_confusion_matrix': [3, 2, 43, 88], 'eval_runtime': 0.3315, 'eval_samples_per_second': 410.307, 'eval_steps_per_second': 51.288, 'epoch': 0.29}
{'eval_loss': 0.3280092179775238, 'eval_accuracy': 0.9411764705882353, 'eval_precision_weighted': 0.9513386750048857, 'eval_recall_weighted': 0.9411764705882353, 'eval_f1_weighted': 0.9458521870286575, 'eval_f1_macro': 0.6512820512820513, 'eval_confusion_matrix': [2, 3, 5, 126], 'eval_runtime': 0.2352, 'eval_samples_per_second': 578.21, 'eval_steps_per_second': 72.276, 'epoch': 0.39}
{'eval_loss': 0.290279358625412, 'eval_accuracy': 0.9779411764705882, 'eval_precision_weighted': 0.9784350307287094, 'eval_recall_weighted': 0.9779411764705882, 'eval_f1_weighted': 0.9733391469795466, 'eval_f1_macro': 0.7800539083557951, 'eval_confusion_matrix': [2, 3, 0, 131], 'eval_runtime': 0.6431, 'eval_samples_per_second': 211.473, 'eval_steps_per_second': 26.434, 'epoch': 0.49}
{'eval_loss': 0.3521643280982971, 'eval_accuracy': 0.8455882352941176, 'eval_precision_weighted': 0.9420005070993914, 'eval_recall_weighted': 0.8455882352941176, 'eval_f1_weighted': 0.8872231483686592, 'eval_f1_macro': 0.5374898785425101, 'eval_confusion_matrix': [2, 3, 18, 113], 'eval_runtime': 0.4292, 'eval_samples_per_second': 316.899, 'eval_steps_per_second': 39.612, 'epoch': 0.58}
{'eval_loss': 0.2899707555770874, 'eval_accuracy': 0.8823529411764706, 'eval_precision_weighted': 0.953534354918438, 'eval_recall_weighted': 0.8823529411764706, 'eval_f1_weighted': 0.9116149732620321, 'eval_f1_macro': 0.6043636363636364, 'eval_confusion_matrix': [3, 2, 14, 117], 'eval_runtime': 0.9582, 'eval_samples_per_second': 141.926, 'eval_steps_per_second': 17.741, 'epoch': 0.68}
{'eval_loss': 0.23064911365509033, 'eval_accuracy': 0.9779411764705882, 'eval_precision_weighted': 0.9784350307287094, 'eval_recall_weighted': 0.9779411764705882, 'eval_f1_weighted': 0.9733391469795466, 'eval_f1_macro': 0.7800539083557951, 'eval_confusion_matrix': [2, 3, 0, 131], 'eval_runtime': 0.6057, 'eval_samples_per_second': 224.526, 'eval_steps_per_second': 28.066, 'epoch': 0.78}
{'eval_loss': 0.2605428695678711, 'eval_accuracy': 0.9191176470588235, 'eval_precision_weighted': 0.9476540616246498, 'eval_recall_weighted': 0.9191176470588235, 'eval_f1_weighted': 0.9318112458991379, 'eval_f1_macro': 0.6119325551232166, 'eval_confusion_matrix': [2, 3, 8, 123], 'eval_runtime': 0.4011, 'eval_samples_per_second': 339.035, 'eval_steps_per_second': 42.379, 'epoch': 0.88}
{'eval_loss': 0.272308349609375, 'eval_accuracy': 0.9191176470588235, 'eval_precision_weighted': 0.9476540616246498, 'eval_recall_weighted': 0.9191176470588235, 'eval_f1_weighted': 0.9318112458991379, 'eval_f1_macro': 0.6119325551232166, 'eval_confusion_matrix': [2, 3, 8, 123], 'eval_runtime': 0.4958, 'eval_samples_per_second': 274.311, 'eval_steps_per_second': 34.289, 'epoch': 0.97}
{'train_runtime': 43.6493, 'train_samples_per_second': 33.746, 'train_steps_per_second': 4.238, 'train_loss': 0.5440844974002322, 'epoch': 1.0}
[2025-10-22 14:50:23,752] - [INFO] - Training completed.
[2025-10-22 14:50:23,794] - [INFO] - Running evaluation...
[2025-10-22 14:50:25,585] - [INFO] - Evaluation Results:
[2025-10-22 14:50:25,585] - [INFO] - eval_loss: 0.5840737223625183
[2025-10-22 14:50:25,585] - [INFO] - eval_model_preparation_time: 0.0015
[2025-10-22 14:50:25,585] - [INFO] - eval_accuracy: 0.7708333333333334
[2025-10-22 14:50:25,585] - [INFO] - eval_true_accuracy: 0.9621993127147767
[2025-10-22 14:50:25,585] - [INFO] - eval_false_accuracy: 0.17204301075268819
[2025-10-22 14:50:25,585] - [INFO] - eval_runtime: 1.75
[2025-10-22 14:50:25,585] - [INFO] - eval_samples_per_second: 219.431
[2025-10-22 14:50:25,585] - [INFO] - eval_steps_per_second: 27.429
[2025-10-22 14:50:25,585] - [INFO] - 
=== Running combination ===
[2025-10-22 14:50:25,585] - [INFO] - Over Sampling Ratio: 0.5, Under Sampling Ratio: 0.0
[2025-10-22 14:50:40,659] - [INFO] - Original Train dataset class split: Counter({1: 1179, 0: 40}), with a total of 1219 samples
[2025-10-22 14:50:40,756] - [INFO] - Sampled Train dataset class split: Counter({1: 1179, 0: 589}), with a total of 1768 samples
[2025-10-22 14:50:40,759] - [INFO] - Validation dataset class split: Counter({1: 131, 0: 5}), with a total of 136 samples
[2025-10-22 14:50:40,762] - [INFO] - Test dataset class split: Counter({1: 291, 0: 93}), with a total of 384 samples
22.0
[2025-10-22 14:50:46,899] - [INFO] - Starting training of model (answerability classification).
{'eval_loss': 0.7106165289878845, 'eval_accuracy': 0.15441176470588236, 'eval_precision_weighted': 0.9647671568627452, 'eval_recall_weighted': 0.15441176470588236, 'eval_f1_weighted': 0.21262505002000798, 'eval_f1_macro': 0.14884353741496598, 'eval_confusion_matrix': [5, 0, 115, 16], 'eval_runtime': 1.0749, 'eval_samples_per_second': 126.528, 'eval_steps_per_second': 15.816, 'epoch': 0.1}
{'eval_loss': 0.702399730682373, 'eval_accuracy': 0.5220588235294118, 'eval_precision_weighted': 0.9373854087089382, 'eval_recall_weighted': 0.5220588235294118, 'eval_f1_weighted': 0.6548481700857766, 'eval_f1_macro': 0.38056197883820336, 'eval_confusion_matrix': [3, 2, 63, 68], 'eval_runtime': 0.631, 'eval_samples_per_second': 215.515, 'eval_steps_per_second': 26.939, 'epoch': 0.2}
{'eval_loss': 0.5366196632385254, 'eval_accuracy': 0.7279411764705882, 'eval_precision_weighted': 0.9464799077525747, 'eval_recall_weighted': 0.7279411764705882, 'eval_f1_weighted': 0.812733349661587, 'eval_f1_macro': 0.48898141565959174, 'eval_confusion_matrix': [3, 2, 35, 96], 'eval_runtime': 0.7844, 'eval_samples_per_second': 173.377, 'eval_steps_per_second': 21.672, 'epoch': 0.3}
{'eval_loss': 0.33946284651756287, 'eval_accuracy': 0.8602941176470589, 'eval_precision_weighted': 0.9428312285366123, 'eval_recall_weighted': 0.8602941176470589, 'eval_f1_weighted': 0.8961292741297671, 'eval_f1_macro': 0.5488039112973634, 'eval_confusion_matrix': [2, 3, 16, 115], 'eval_runtime': 0.2862, 'eval_samples_per_second': 475.27, 'eval_steps_per_second': 59.409, 'epoch': 0.4}
{'eval_loss': 0.2306915670633316, 'eval_accuracy': 0.9485294117647058, 'eval_precision_weighted': 0.953261689291101, 'eval_recall_weighted': 0.9485294117647058, 'eval_f1_weighted': 0.9507703812977646, 'eval_f1_macro': 0.668408220132358, 'eval_confusion_matrix': [2, 3, 4, 127], 'eval_runtime': 0.2233, 'eval_samples_per_second': 609.029, 'eval_steps_per_second': 76.129, 'epoch': 0.5}
{'eval_loss': 0.33699971437454224, 'eval_accuracy': 0.8897058823529411, 'eval_precision_weighted': 0.944801281168205, 'eval_recall_weighted': 0.8897058823529411, 'eval_f1_weighted': 0.9138664202939342, 'eval_f1_macro': 0.5756188891200333, 'eval_confusion_matrix': [2, 3, 12, 119], 'eval_runtime': 0.8222, 'eval_samples_per_second': 165.409, 'eval_steps_per_second': 20.676, 'epoch': 0.6}
{'eval_loss': 0.4606688320636749, 'eval_accuracy': 0.9044117647058824, 'eval_precision_weighted': 0.9460586654016445, 'eval_recall_weighted': 0.9044117647058824, 'eval_f1_weighted': 0.9227797001153402, 'eval_f1_macro': 0.592156862745098, 'eval_confusion_matrix': [2, 3, 10, 121], 'eval_runtime': 0.5685, 'eval_samples_per_second': 239.234, 'eval_steps_per_second': 29.904, 'epoch': 0.7}
{'eval_loss': 0.28859829902648926, 'eval_accuracy': 0.9411764705882353, 'eval_precision_weighted': 0.9513386750048857, 'eval_recall_weighted': 0.9411764705882353, 'eval_f1_weighted': 0.9458521870286575, 'eval_f1_macro': 0.6512820512820513, 'eval_confusion_matrix': [2, 3, 5, 126], 'eval_runtime': 0.1512, 'eval_samples_per_second': 899.51, 'eval_steps_per_second': 112.439, 'epoch': 0.8}
{'eval_loss': 0.215593621134758, 'eval_accuracy': 0.9779411764705882, 'eval_precision_weighted': 0.9784350307287094, 'eval_recall_weighted': 0.9779411764705882, 'eval_f1_weighted': 0.9733391469795466, 'eval_f1_macro': 0.7800539083557951, 'eval_confusion_matrix': [2, 3, 0, 131], 'eval_runtime': 0.2716, 'eval_samples_per_second': 500.724, 'eval_steps_per_second': 62.591, 'epoch': 0.9}
{'eval_loss': 0.26281240582466125, 'eval_accuracy': 0.9558823529411765, 'eval_precision_weighted': 0.9558823529411765, 'eval_recall_weighted': 0.9558823529411765, 'eval_f1_weighted': 0.9558823529411765, 'eval_f1_macro': 0.6885496183206107, 'eval_confusion_matrix': [2, 3, 3, 128], 'eval_runtime': 0.3086, 'eval_samples_per_second': 440.711, 'eval_steps_per_second': 55.089, 'epoch': 1.0}
{'train_runtime': 46.2132, 'train_samples_per_second': 38.257, 'train_steps_per_second': 4.782, 'train_loss': 0.35410450378694147, 'epoch': 1.0}
[2025-10-22 14:51:33,378] - [INFO] - Training completed.
[2025-10-22 14:51:33,418] - [INFO] - Running evaluation...
[2025-10-22 14:51:33,671] - [INFO] - Evaluation Results:
[2025-10-22 14:51:33,671] - [INFO] - eval_loss: 0.9800826907157898
[2025-10-22 14:51:33,671] - [INFO] - eval_model_preparation_time: 0.0015
[2025-10-22 14:51:33,671] - [INFO] - eval_accuracy: 0.796875
[2025-10-22 14:51:33,671] - [INFO] - eval_true_accuracy: 0.9450171821305842
[2025-10-22 14:51:33,671] - [INFO] - eval_false_accuracy: 0.3333333333333333
[2025-10-22 14:51:33,671] - [INFO] - eval_runtime: 0.2451
[2025-10-22 14:51:33,671] - [INFO] - eval_samples_per_second: 1566.7
[2025-10-22 14:51:33,671] - [INFO] - eval_steps_per_second: 195.837
[2025-10-22 14:51:33,671] - [INFO] - 
=== Running combination ===
[2025-10-22 14:51:33,671] - [INFO] - Over Sampling Ratio: 0.5, Under Sampling Ratio: 0.25
[2025-10-22 14:51:38,983] - [INFO] - Original Train dataset class split: Counter({1: 1179, 0: 40}), with a total of 1219 samples
[2025-10-22 14:51:39,148] - [INFO] - Sampled Train dataset class split: Counter({0: 589, 1: 294}), with a total of 883 samples
[2025-10-22 14:51:39,152] - [INFO] - Validation dataset class split: Counter({1: 131, 0: 5}), with a total of 136 samples
[2025-10-22 14:51:39,155] - [INFO] - Test dataset class split: Counter({1: 291, 0: 93}), with a total of 384 samples
11.0
[2025-10-22 14:51:40,999] - [INFO] - Starting training of model (answerability classification).
{'eval_loss': 0.9289908409118652, 'eval_accuracy': 0.03676470588235294, 'eval_precision_weighted': 0.001351643598615917, 'eval_recall_weighted': 0.03676470588235294, 'eval_f1_weighted': 0.0026074259491030457, 'eval_f1_macro': 0.03546099290780142, 'eval_confusion_matrix': [5, 0, 131, 0], 'eval_runtime': 0.5571, 'eval_samples_per_second': 244.125, 'eval_steps_per_second': 30.516, 'epoch': 0.1}
{'eval_loss': 0.5979432463645935, 'eval_accuracy': 0.7058823529411765, 'eval_precision_weighted': 0.9456467567771654, 'eval_recall_weighted': 0.7058823529411765, 'eval_f1_weighted': 0.7975465676844035, 'eval_f1_macro': 0.4767218160831089, 'eval_confusion_matrix': [3, 2, 38, 93], 'eval_runtime': 0.3535, 'eval_samples_per_second': 384.674, 'eval_steps_per_second': 48.084, 'epoch': 0.2}
{'eval_loss': 0.504889726638794, 'eval_accuracy': 0.8161764705882353, 'eval_precision_weighted': 0.9499640065816536, 'eval_recall_weighted': 0.8161764705882353, 'eval_f1_weighted': 0.8704303699796075, 'eval_f1_macro': 0.5449069736313746, 'eval_confusion_matrix': [3, 2, 23, 108], 'eval_runtime': 0.4933, 'eval_samples_per_second': 275.688, 'eval_steps_per_second': 34.461, 'epoch': 0.3}
{'eval_loss': 0.5234552621841431, 'eval_accuracy': 0.7573529411764706, 'eval_precision_weighted': 0.9475922722029989, 'eval_recall_weighted': 0.7573529411764706, 'eval_f1_weighted': 0.8324675198570679, 'eval_f1_macro': 0.5061076262793001, 'eval_confusion_matrix': [3, 2, 31, 100], 'eval_runtime': 25.419, 'eval_samples_per_second': 5.35, 'eval_steps_per_second': 0.669, 'epoch': 0.4}
{'eval_loss': 0.4517146944999695, 'eval_accuracy': 0.7794117647058824, 'eval_precision_weighted': 0.9198463169051405, 'eval_recall_weighted': 0.7794117647058824, 'eval_f1_weighted': 0.8438259601361205, 'eval_f1_macro': 0.4380165289256198, 'eval_confusion_matrix': [0, 5, 25, 106], 'eval_runtime': 0.4222, 'eval_samples_per_second': 322.127, 'eval_steps_per_second': 40.266, 'epoch': 0.5}
{'eval_loss': 0.5014671087265015, 'eval_accuracy': 0.6764705882352942, 'eval_precision_weighted': 0.933873174175897, 'eval_recall_weighted': 0.6764705882352942, 'eval_f1_weighted': 0.777092086834734, 'eval_f1_macro': 0.443452380952381, 'eval_confusion_matrix': [2, 3, 41, 90], 'eval_runtime': 0.7396, 'eval_samples_per_second': 183.875, 'eval_steps_per_second': 22.984, 'epoch': 0.59}
{'eval_loss': 0.5255424380302429, 'eval_accuracy': 0.6691176470588235, 'eval_precision_weighted': 0.9442277635691958, 'eval_recall_weighted': 0.6691176470588235, 'eval_f1_weighted': 0.7714266702155976, 'eval_f1_macro': 0.45701357466063347, 'eval_confusion_matrix': [3, 2, 43, 88], 'eval_runtime': 0.2296, 'eval_samples_per_second': 592.348, 'eval_steps_per_second': 74.043, 'epoch': 0.69}
{'eval_loss': 0.44807374477386475, 'eval_accuracy': 0.7720588235294118, 'eval_precision_weighted': 0.948158229638009, 'eval_recall_weighted': 0.7720588235294118, 'eval_f1_weighted': 0.8421320569630958, 'eval_f1_macro': 0.5151236342725705, 'eval_confusion_matrix': [3, 2, 29, 102], 'eval_runtime': 0.1548, 'eval_samples_per_second': 878.455, 'eval_steps_per_second': 109.807, 'epoch': 0.79}
{'eval_loss': 0.42196789383888245, 'eval_accuracy': 0.7867647058823529, 'eval_precision_weighted': 0.9391048085901028, 'eval_recall_weighted': 0.7867647058823529, 'eval_f1_weighted': 0.8508136993861827, 'eval_f1_macro': 0.499936604539115, 'eval_confusion_matrix': [2, 3, 26, 105], 'eval_runtime': 0.4251, 'eval_samples_per_second': 319.913, 'eval_steps_per_second': 39.989, 'epoch': 0.89}
{'eval_loss': 0.41859790682792664, 'eval_accuracy': 0.7867647058823529, 'eval_precision_weighted': 0.9487375138734739, 'eval_recall_weighted': 0.7867647058823529, 'eval_f1_weighted': 0.851673580824735, 'eval_f1_macro': 0.5245328511151296, 'eval_confusion_matrix': [3, 2, 27, 104], 'eval_runtime': 0.2086, 'eval_samples_per_second': 651.984, 'eval_steps_per_second': 81.498, 'epoch': 0.99}
{'train_runtime': 63.3471, 'train_samples_per_second': 13.939, 'train_steps_per_second': 1.752, 'train_loss': 0.5960043829840582, 'epoch': 1.0}
[2025-10-22 14:52:44,674] - [INFO] - Training completed.
[2025-10-22 14:52:44,714] - [INFO] - Running evaluation...
[2025-10-22 14:52:44,990] - [INFO] - Evaluation Results:
[2025-10-22 14:52:44,990] - [INFO] - eval_loss: 0.6373275518417358
[2025-10-22 14:52:44,990] - [INFO] - eval_model_preparation_time: 0.0015
[2025-10-22 14:52:44,990] - [INFO] - eval_accuracy: 0.6484375
[2025-10-22 14:52:44,990] - [INFO] - eval_true_accuracy: 0.6941580756013745
[2025-10-22 14:52:44,990] - [INFO] - eval_false_accuracy: 0.5053763440860215
[2025-10-22 14:52:44,990] - [INFO] - eval_runtime: 0.2455
[2025-10-22 14:52:44,990] - [INFO] - eval_samples_per_second: 1564.007
[2025-10-22 14:52:44,990] - [INFO] - eval_steps_per_second: 195.501
[2025-10-22 14:52:44,990] - [INFO] - 
=== Running combination ===
[2025-10-22 14:52:44,990] - [INFO] - Over Sampling Ratio: 0.5, Under Sampling Ratio: 0.5
[2025-10-22 14:52:46,932] - [INFO] - Original Train dataset class split: Counter({1: 1179, 0: 40}), with a total of 1219 samples
[2025-10-22 14:52:47,078] - [INFO] - Sampled Train dataset class split: Counter({1: 589, 0: 589}), with a total of 1178 samples
[2025-10-22 14:52:47,081] - [INFO] - Validation dataset class split: Counter({1: 131, 0: 5}), with a total of 136 samples
[2025-10-22 14:52:47,085] - [INFO] - Test dataset class split: Counter({1: 291, 0: 93}), with a total of 384 samples
14.0
[2025-10-22 14:52:48,905] - [INFO] - Starting training of model (answerability classification).
{'eval_loss': 0.6823005676269531, 'eval_accuracy': 0.9264705882352942, 'eval_precision_weighted': 0.9264705882352942, 'eval_recall_weighted': 0.9264705882352942, 'eval_f1_weighted': 0.9264705882352942, 'eval_f1_macro': 0.48091603053435117, 'eval_confusion_matrix': [0, 5, 5, 126], 'eval_runtime': 0.152, 'eval_samples_per_second': 894.615, 'eval_steps_per_second': 111.827, 'epoch': 0.09}
{'eval_loss': 0.6999436020851135, 'eval_accuracy': 0.17647058823529413, 'eval_precision_weighted': 0.9648064353946706, 'eval_recall_weighted': 0.17647058823529413, 'eval_f1_weighted': 0.24703310832529735, 'eval_f1_macro': 0.16765027322404372, 'eval_confusion_matrix': [5, 0, 112, 19], 'eval_runtime': 0.5285, 'eval_samples_per_second': 257.34, 'eval_steps_per_second': 32.167, 'epoch': 0.19}
{'eval_loss': 0.7492477297782898, 'eval_accuracy': 0.03676470588235294, 'eval_precision_weighted': 0.001351643598615917, 'eval_recall_weighted': 0.03676470588235294, 'eval_f1_weighted': 0.0026074259491030457, 'eval_f1_macro': 0.03546099290780142, 'eval_confusion_matrix': [5, 0, 131, 0], 'eval_runtime': 1.1164, 'eval_samples_per_second': 121.822, 'eval_steps_per_second': 15.228, 'epoch': 0.28}
{'eval_loss': 0.824859082698822, 'eval_accuracy': 0.03676470588235294, 'eval_precision_weighted': 0.001351643598615917, 'eval_recall_weighted': 0.03676470588235294, 'eval_f1_weighted': 0.0026074259491030457, 'eval_f1_macro': 0.03546099290780142, 'eval_confusion_matrix': [5, 0, 131, 0], 'eval_runtime': 1.2573, 'eval_samples_per_second': 108.167, 'eval_steps_per_second': 13.521, 'epoch': 0.38}
{'eval_loss': 0.8318362236022949, 'eval_accuracy': 0.03676470588235294, 'eval_precision_weighted': 0.001351643598615917, 'eval_recall_weighted': 0.03676470588235294, 'eval_f1_weighted': 0.0026074259491030457, 'eval_f1_macro': 0.03546099290780142, 'eval_confusion_matrix': [5, 0, 131, 0], 'eval_runtime': 0.3422, 'eval_samples_per_second': 397.473, 'eval_steps_per_second': 49.684, 'epoch': 0.47}
{'eval_loss': 0.6191208362579346, 'eval_accuracy': 0.5294117647058824, 'eval_precision_weighted': 0.9514702701327122, 'eval_recall_weighted': 0.5294117647058824, 'eval_f1_weighted': 0.6590849673202616, 'eval_f1_macro': 0.39555555555555555, 'eval_confusion_matrix': [4, 1, 63, 68], 'eval_runtime': 0.2473, 'eval_samples_per_second': 549.854, 'eval_steps_per_second': 68.732, 'epoch': 0.57}
{'eval_loss': 0.9078261256217957, 'eval_accuracy': 0.5, 'eval_precision_weighted': 0.9360804672290721, 'eval_recall_weighted': 0.5, 'eval_f1_weighted': 0.6354081354081353, 'eval_f1_macro': 0.36882336882336886, 'eval_confusion_matrix': [3, 2, 66, 65], 'eval_runtime': 1.366, 'eval_samples_per_second': 99.56, 'eval_steps_per_second': 12.445, 'epoch': 0.66}
{'eval_loss': 0.3451118469238281, 'eval_accuracy': 0.875, 'eval_precision_weighted': 0.94375, 'eval_recall_weighted': 0.875, 'eval_f1_weighted': 0.904999051413394, 'eval_f1_macro': 0.5613735534054258, 'eval_confusion_matrix': [2, 3, 14, 117], 'eval_runtime': 0.762, 'eval_samples_per_second': 178.483, 'eval_steps_per_second': 22.31, 'epoch': 0.76}
{'eval_loss': 0.6131085157394409, 'eval_accuracy': 0.6691176470588235, 'eval_precision_weighted': 0.9334965705649849, 'eval_recall_weighted': 0.6691176470588235, 'eval_f1_weighted': 0.7718616594619911, 'eval_f1_macro': 0.43991946554406514, 'eval_confusion_matrix': [2, 3, 42, 89], 'eval_runtime': 0.4797, 'eval_samples_per_second': 283.54, 'eval_steps_per_second': 35.442, 'epoch': 0.85}
{'eval_loss': 0.526248574256897, 'eval_accuracy': 0.7941176470588235, 'eval_precision_weighted': 0.9394475425236353, 'eval_recall_weighted': 0.7941176470588235, 'eval_f1_weighted': 0.855453431372549, 'eval_f1_macro': 0.5041666666666667, 'eval_confusion_matrix': [2, 3, 25, 106], 'eval_runtime': 0.1526, 'eval_samples_per_second': 891.458, 'eval_steps_per_second': 111.432, 'epoch': 0.95}
{'train_runtime': 98.7114, 'train_samples_per_second': 11.934, 'train_steps_per_second': 1.499, 'train_loss': 0.6015682220458984, 'epoch': 1.0}
[2025-10-22 14:54:28,514] - [INFO] - Training completed.
[2025-10-22 14:54:28,554] - [INFO] - Running evaluation...
[2025-10-22 14:54:28,808] - [INFO] - Evaluation Results:
[2025-10-22 14:54:28,808] - [INFO] - eval_loss: 0.6908084750175476
[2025-10-22 14:54:28,808] - [INFO] - eval_model_preparation_time: 0.0015
[2025-10-22 14:54:28,808] - [INFO] - eval_accuracy: 0.6744791666666666
[2025-10-22 14:54:28,808] - [INFO] - eval_true_accuracy: 0.8625429553264605
[2025-10-22 14:54:28,808] - [INFO] - eval_false_accuracy: 0.08602150537634409
[2025-10-22 14:54:28,808] - [INFO] - eval_runtime: 0.2452
[2025-10-22 14:54:28,808] - [INFO] - eval_samples_per_second: 1566.159
[2025-10-22 14:54:28,808] - [INFO] - eval_steps_per_second: 195.77
[2025-10-22 14:54:28,808] - [INFO] - 
=== Running combination ===
[2025-10-22 14:54:28,808] - [INFO] - Over Sampling Ratio: 0.5, Under Sampling Ratio: 1.0
[2025-10-22 14:54:30,185] - [INFO] - Original Train dataset class split: Counter({1: 1179, 0: 40}), with a total of 1219 samples
[2025-10-22 14:54:30,259] - [INFO] - Sampled Train dataset class split: Counter({1: 1179, 0: 589}), with a total of 1768 samples
[2025-10-22 14:54:30,263] - [INFO] - Validation dataset class split: Counter({1: 131, 0: 5}), with a total of 136 samples
[2025-10-22 14:54:30,266] - [INFO] - Test dataset class split: Counter({1: 291, 0: 93}), with a total of 384 samples
22.0
[2025-10-22 14:54:32,043] - [INFO] - Starting training of model (answerability classification).
{'eval_loss': 0.7106165289878845, 'eval_accuracy': 0.15441176470588236, 'eval_precision_weighted': 0.9647671568627452, 'eval_recall_weighted': 0.15441176470588236, 'eval_f1_weighted': 0.21262505002000798, 'eval_f1_macro': 0.14884353741496598, 'eval_confusion_matrix': [5, 0, 115, 16], 'eval_runtime': 0.3273, 'eval_samples_per_second': 415.535, 'eval_steps_per_second': 51.942, 'epoch': 0.1}
{'eval_loss': 0.702399730682373, 'eval_accuracy': 0.5220588235294118, 'eval_precision_weighted': 0.9373854087089382, 'eval_recall_weighted': 0.5220588235294118, 'eval_f1_weighted': 0.6548481700857766, 'eval_f1_macro': 0.38056197883820336, 'eval_confusion_matrix': [3, 2, 63, 68], 'eval_runtime': 0.148, 'eval_samples_per_second': 918.803, 'eval_steps_per_second': 114.85, 'epoch': 0.2}
{'eval_loss': 0.5366196632385254, 'eval_accuracy': 0.7279411764705882, 'eval_precision_weighted': 0.9464799077525747, 'eval_recall_weighted': 0.7279411764705882, 'eval_f1_weighted': 0.812733349661587, 'eval_f1_macro': 0.48898141565959174, 'eval_confusion_matrix': [3, 2, 35, 96], 'eval_runtime': 0.2962, 'eval_samples_per_second': 459.162, 'eval_steps_per_second': 57.395, 'epoch': 0.3}
{'eval_loss': 0.33946284651756287, 'eval_accuracy': 0.8602941176470589, 'eval_precision_weighted': 0.9428312285366123, 'eval_recall_weighted': 0.8602941176470589, 'eval_f1_weighted': 0.8961292741297671, 'eval_f1_macro': 0.5488039112973634, 'eval_confusion_matrix': [2, 3, 16, 115], 'eval_runtime': 0.5035, 'eval_samples_per_second': 270.108, 'eval_steps_per_second': 33.764, 'epoch': 0.4}
{'eval_loss': 0.2306915670633316, 'eval_accuracy': 0.9485294117647058, 'eval_precision_weighted': 0.953261689291101, 'eval_recall_weighted': 0.9485294117647058, 'eval_f1_weighted': 0.9507703812977646, 'eval_f1_macro': 0.668408220132358, 'eval_confusion_matrix': [2, 3, 4, 127], 'eval_runtime': 0.1507, 'eval_samples_per_second': 902.535, 'eval_steps_per_second': 112.817, 'epoch': 0.5}
{'eval_loss': 0.33699971437454224, 'eval_accuracy': 0.8897058823529411, 'eval_precision_weighted': 0.944801281168205, 'eval_recall_weighted': 0.8897058823529411, 'eval_f1_weighted': 0.9138664202939342, 'eval_f1_macro': 0.5756188891200333, 'eval_confusion_matrix': [2, 3, 12, 119], 'eval_runtime': 0.864, 'eval_samples_per_second': 157.415, 'eval_steps_per_second': 19.677, 'epoch': 0.6}
{'eval_loss': 0.4606688320636749, 'eval_accuracy': 0.9044117647058824, 'eval_precision_weighted': 0.9460586654016445, 'eval_recall_weighted': 0.9044117647058824, 'eval_f1_weighted': 0.9227797001153402, 'eval_f1_macro': 0.592156862745098, 'eval_confusion_matrix': [2, 3, 10, 121], 'eval_runtime': 0.4108, 'eval_samples_per_second': 331.095, 'eval_steps_per_second': 41.387, 'epoch': 0.7}
{'eval_loss': 0.28859829902648926, 'eval_accuracy': 0.9411764705882353, 'eval_precision_weighted': 0.9513386750048857, 'eval_recall_weighted': 0.9411764705882353, 'eval_f1_weighted': 0.9458521870286575, 'eval_f1_macro': 0.6512820512820513, 'eval_confusion_matrix': [2, 3, 5, 126], 'eval_runtime': 0.1938, 'eval_samples_per_second': 701.773, 'eval_steps_per_second': 87.722, 'epoch': 0.8}
{'eval_loss': 0.215593621134758, 'eval_accuracy': 0.9779411764705882, 'eval_precision_weighted': 0.9784350307287094, 'eval_recall_weighted': 0.9779411764705882, 'eval_f1_weighted': 0.9733391469795466, 'eval_f1_macro': 0.7800539083557951, 'eval_confusion_matrix': [2, 3, 0, 131], 'eval_runtime': 0.1508, 'eval_samples_per_second': 901.835, 'eval_steps_per_second': 112.729, 'epoch': 0.9}
{'eval_loss': 0.26281240582466125, 'eval_accuracy': 0.9558823529411765, 'eval_precision_weighted': 0.9558823529411765, 'eval_recall_weighted': 0.9558823529411765, 'eval_f1_weighted': 0.9558823529411765, 'eval_f1_macro': 0.6885496183206107, 'eval_confusion_matrix': [2, 3, 3, 128], 'eval_runtime': 0.4892, 'eval_samples_per_second': 277.987, 'eval_steps_per_second': 34.748, 'epoch': 1.0}
{'train_runtime': 89.5255, 'train_samples_per_second': 19.749, 'train_steps_per_second': 2.469, 'train_loss': 0.35410450378694147, 'epoch': 1.0}
[2025-10-22 14:56:01,839] - [INFO] - Training completed.
[2025-10-22 14:56:01,883] - [INFO] - Running evaluation...
[2025-10-22 14:56:02,141] - [INFO] - Evaluation Results:
[2025-10-22 14:56:02,141] - [INFO] - eval_loss: 0.9800826907157898
[2025-10-22 14:56:02,141] - [INFO] - eval_model_preparation_time: 0.0015
[2025-10-22 14:56:02,141] - [INFO] - eval_accuracy: 0.796875
[2025-10-22 14:56:02,141] - [INFO] - eval_true_accuracy: 0.9450171821305842
[2025-10-22 14:56:02,141] - [INFO] - eval_false_accuracy: 0.3333333333333333
[2025-10-22 14:56:02,141] - [INFO] - eval_runtime: 0.2495
[2025-10-22 14:56:02,141] - [INFO] - eval_samples_per_second: 1538.788
[2025-10-22 14:56:02,141] - [INFO] - eval_steps_per_second: 192.349
[2025-10-22 14:56:02,141] - [INFO] - 
=== Running combination ===
[2025-10-22 14:56:02,141] - [INFO] - Over Sampling Ratio: 1.0, Under Sampling Ratio: 0.0
[2025-10-22 14:56:03,653] - [INFO] - Original Train dataset class split: Counter({1: 1179, 0: 40}), with a total of 1219 samples
[2025-10-22 14:56:03,744] - [INFO] - Sampled Train dataset class split: Counter({1: 1179, 0: 1179}), with a total of 2358 samples
[2025-10-22 14:56:03,747] - [INFO] - Validation dataset class split: Counter({1: 131, 0: 5}), with a total of 136 samples
[2025-10-22 14:56:03,751] - [INFO] - Test dataset class split: Counter({1: 291, 0: 93}), with a total of 384 samples
29.0
[2025-10-22 14:56:05,785] - [INFO] - Starting training of model (answerability classification).
{'eval_loss': 0.8066453337669373, 'eval_accuracy': 0.03676470588235294, 'eval_precision_weighted': 0.001351643598615917, 'eval_recall_weighted': 0.03676470588235294, 'eval_f1_weighted': 0.0026074259491030457, 'eval_f1_macro': 0.03546099290780142, 'eval_confusion_matrix': [5, 0, 131, 0], 'eval_runtime': 0.2086, 'eval_samples_per_second': 651.879, 'eval_steps_per_second': 81.485, 'epoch': 0.1}
{'eval_loss': 0.7043213844299316, 'eval_accuracy': 0.4852941176470588, 'eval_precision_weighted': 0.9499603494365781, 'eval_recall_weighted': 0.4852941176470588, 'eval_f1_weighted': 0.6194469064390228, 'eval_f1_macro': 0.3708696801480306, 'eval_confusion_matrix': [4, 1, 69, 62], 'eval_runtime': 0.2776, 'eval_samples_per_second': 489.937, 'eval_steps_per_second': 61.242, 'epoch': 0.2}
{'eval_loss': 0.40823429822921753, 'eval_accuracy': 0.8308823529411765, 'eval_precision_weighted': 0.9412292428933297, 'eval_recall_weighted': 0.8308823529411765, 'eval_f1_weighted': 0.8782557467431418, 'eval_f1_macro': 0.52713529856387, 'eval_confusion_matrix': [2, 3, 20, 111], 'eval_runtime': 0.6274, 'eval_samples_per_second': 216.778, 'eval_steps_per_second': 27.097, 'epoch': 0.29}
{'eval_loss': 0.21898718178272247, 'eval_accuracy': 0.9117647058823529, 'eval_precision_weighted': 0.93698214193814, 'eval_recall_weighted': 0.9117647058823529, 'eval_f1_weighted': 0.9236857533711159, 'eval_f1_macro': 0.5481727574750831, 'eval_confusion_matrix': [1, 4, 8, 123], 'eval_runtime': 0.7669, 'eval_samples_per_second': 177.347, 'eval_steps_per_second': 22.168, 'epoch': 0.39}
{'eval_loss': 0.28215292096138, 'eval_accuracy': 0.9338235294117647, 'eval_precision_weighted': 0.9498506433823529, 'eval_recall_weighted': 0.9338235294117647, 'eval_f1_weighted': 0.9410760146054262, 'eval_f1_macro': 0.6364716364716365, 'eval_confusion_matrix': [2, 3, 6, 125], 'eval_runtime': 0.9253, 'eval_samples_per_second': 146.976, 'eval_steps_per_second': 18.372, 'epoch': 0.49}
{'eval_loss': 0.4609390199184418, 'eval_accuracy': 0.8970588235294118, 'eval_precision_weighted': 0.945397858955965, 'eval_recall_weighted': 0.8970588235294118, 'eval_f1_weighted': 0.9183135196335752, 'eval_f1_macro': 0.5835520559930009, 'eval_confusion_matrix': [2, 3, 11, 120], 'eval_runtime': 0.1769, 'eval_samples_per_second': 768.738, 'eval_steps_per_second': 96.092, 'epoch': 0.59}
{'eval_loss': 0.19314177334308624, 'eval_accuracy': 0.9705882352941176, 'eval_precision_weighted': 0.9714596949891066, 'eval_recall_weighted': 0.9705882352941176, 'eval_f1_weighted': 0.9610054548135042, 'eval_f1_macro': 0.6591478696741855, 'eval_confusion_matrix': [1, 4, 0, 131], 'eval_runtime': 0.1563, 'eval_samples_per_second': 869.898, 'eval_steps_per_second': 108.737, 'epoch': 0.69}
{'eval_loss': 0.2714921832084656, 'eval_accuracy': 0.9632352941176471, 'eval_precision_weighted': 0.9528643546971028, 'eval_recall_weighted': 0.9632352941176471, 'eval_f1_weighted': 0.9555652449659109, 'eval_f1_macro': 0.633423180592992, 'eval_confusion_matrix': [1, 4, 1, 130], 'eval_runtime': 0.1517, 'eval_samples_per_second': 896.664, 'eval_steps_per_second': 112.083, 'epoch': 0.79}
{'eval_loss': 0.26617231965065, 'eval_accuracy': 0.9632352941176471, 'eval_precision_weighted': 0.9528643546971028, 'eval_recall_weighted': 0.9632352941176471, 'eval_f1_weighted': 0.9555652449659109, 'eval_f1_macro': 0.633423180592992, 'eval_confusion_matrix': [1, 4, 1, 130], 'eval_runtime': 0.5207, 'eval_samples_per_second': 261.199, 'eval_steps_per_second': 32.65, 'epoch': 0.88}
{'eval_loss': 0.27248987555503845, 'eval_accuracy': 0.9632352941176471, 'eval_precision_weighted': 0.9528643546971028, 'eval_recall_weighted': 0.9632352941176471, 'eval_f1_weighted': 0.9555652449659109, 'eval_f1_macro': 0.633423180592992, 'eval_confusion_matrix': [1, 4, 1, 130], 'eval_runtime': 0.1776, 'eval_samples_per_second': 765.566, 'eval_steps_per_second': 95.696, 'epoch': 0.98}
{'train_runtime': 45.2693, 'train_samples_per_second': 52.088, 'train_steps_per_second': 6.517, 'train_loss': 0.29831905041710804, 'epoch': 1.0}
[2025-10-22 14:56:51,300] - [INFO] - Training completed.
[2025-10-22 14:56:51,343] - [INFO] - Running evaluation...
[2025-10-22 14:56:51,634] - [INFO] - Evaluation Results:
[2025-10-22 14:56:51,634] - [INFO] - eval_loss: 1.372310996055603
[2025-10-22 14:56:51,634] - [INFO] - eval_model_preparation_time: 0.0016
[2025-10-22 14:56:51,634] - [INFO] - eval_accuracy: 0.7708333333333334
[2025-10-22 14:56:51,634] - [INFO] - eval_true_accuracy: 0.9553264604810997
[2025-10-22 14:56:51,634] - [INFO] - eval_false_accuracy: 0.1935483870967742
[2025-10-22 14:56:51,634] - [INFO] - eval_runtime: 0.2454
[2025-10-22 14:56:51,634] - [INFO] - eval_samples_per_second: 1564.619
[2025-10-22 14:56:51,634] - [INFO] - eval_steps_per_second: 195.577
[2025-10-22 14:56:51,634] - [INFO] - 
=== Running combination ===
[2025-10-22 14:56:51,634] - [INFO] - Over Sampling Ratio: 1.0, Under Sampling Ratio: 0.25
[2025-10-22 14:56:56,499] - [INFO] - Original Train dataset class split: Counter({1: 1179, 0: 40}), with a total of 1219 samples
[2025-10-22 14:56:56,583] - [INFO] - Sampled Train dataset class split: Counter({0: 1179, 1: 294}), with a total of 1473 samples
[2025-10-22 14:56:56,586] - [INFO] - Validation dataset class split: Counter({1: 131, 0: 5}), with a total of 136 samples
[2025-10-22 14:56:56,590] - [INFO] - Test dataset class split: Counter({1: 291, 0: 93}), with a total of 384 samples
18.0
[2025-10-22 14:56:58,577] - [INFO] - Starting training of model (answerability classification).
{'eval_loss': 0.9687051177024841, 'eval_accuracy': 0.03676470588235294, 'eval_precision_weighted': 0.001351643598615917, 'eval_recall_weighted': 0.03676470588235294, 'eval_f1_weighted': 0.0026074259491030457, 'eval_f1_macro': 0.03546099290780142, 'eval_confusion_matrix': [5, 0, 131, 0], 'eval_runtime': 0.5353, 'eval_samples_per_second': 254.045, 'eval_steps_per_second': 31.756, 'epoch': 0.1}
{'eval_loss': 0.8733224868774414, 'eval_accuracy': 0.03676470588235294, 'eval_precision_weighted': 0.001351643598615917, 'eval_recall_weighted': 0.03676470588235294, 'eval_f1_weighted': 0.0026074259491030457, 'eval_f1_macro': 0.03546099290780142, 'eval_confusion_matrix': [5, 0, 131, 0], 'eval_runtime': 1.3393, 'eval_samples_per_second': 101.542, 'eval_steps_per_second': 12.693, 'epoch': 0.19}
{'eval_loss': 0.8414774537086487, 'eval_accuracy': 0.03676470588235294, 'eval_precision_weighted': 0.001351643598615917, 'eval_recall_weighted': 0.03676470588235294, 'eval_f1_weighted': 0.0026074259491030457, 'eval_f1_macro': 0.03546099290780142, 'eval_confusion_matrix': [5, 0, 131, 0], 'eval_runtime': 0.172, 'eval_samples_per_second': 790.548, 'eval_steps_per_second': 98.818, 'epoch': 0.29}
{'eval_loss': 0.9419540166854858, 'eval_accuracy': 0.03676470588235294, 'eval_precision_weighted': 0.001351643598615917, 'eval_recall_weighted': 0.03676470588235294, 'eval_f1_weighted': 0.0026074259491030457, 'eval_f1_macro': 0.03546099290780142, 'eval_confusion_matrix': [5, 0, 131, 0], 'eval_runtime': 0.8979, 'eval_samples_per_second': 151.463, 'eval_steps_per_second': 18.933, 'epoch': 0.39}
{'eval_loss': 0.9460175633430481, 'eval_accuracy': 0.03676470588235294, 'eval_precision_weighted': 0.001351643598615917, 'eval_recall_weighted': 0.03676470588235294, 'eval_f1_weighted': 0.0026074259491030457, 'eval_f1_macro': 0.03546099290780142, 'eval_confusion_matrix': [5, 0, 131, 0], 'eval_runtime': 0.6294, 'eval_samples_per_second': 216.079, 'eval_steps_per_second': 27.01, 'epoch': 0.49}
{'eval_loss': 0.9943602085113525, 'eval_accuracy': 0.03676470588235294, 'eval_precision_weighted': 0.001351643598615917, 'eval_recall_weighted': 0.03676470588235294, 'eval_f1_weighted': 0.0026074259491030457, 'eval_f1_macro': 0.03546099290780142, 'eval_confusion_matrix': [5, 0, 131, 0], 'eval_runtime': 0.8307, 'eval_samples_per_second': 163.715, 'eval_steps_per_second': 20.464, 'epoch': 0.58}
{'eval_loss': 0.8306496143341064, 'eval_accuracy': 0.03676470588235294, 'eval_precision_weighted': 0.001351643598615917, 'eval_recall_weighted': 0.03676470588235294, 'eval_f1_weighted': 0.0026074259491030457, 'eval_f1_macro': 0.03546099290780142, 'eval_confusion_matrix': [5, 0, 131, 0], 'eval_runtime': 0.319, 'eval_samples_per_second': 426.387, 'eval_steps_per_second': 53.298, 'epoch': 0.68}
{'eval_loss': 0.9502424597740173, 'eval_accuracy': 0.03676470588235294, 'eval_precision_weighted': 0.001351643598615917, 'eval_recall_weighted': 0.03676470588235294, 'eval_f1_weighted': 0.0026074259491030457, 'eval_f1_macro': 0.03546099290780142, 'eval_confusion_matrix': [5, 0, 131, 0], 'eval_runtime': 0.1557, 'eval_samples_per_second': 873.264, 'eval_steps_per_second': 109.158, 'epoch': 0.78}
{'eval_loss': 0.9123762249946594, 'eval_accuracy': 0.03676470588235294, 'eval_precision_weighted': 0.001351643598615917, 'eval_recall_weighted': 0.03676470588235294, 'eval_f1_weighted': 0.0026074259491030457, 'eval_f1_macro': 0.03546099290780142, 'eval_confusion_matrix': [5, 0, 131, 0], 'eval_runtime': 0.9462, 'eval_samples_per_second': 143.735, 'eval_steps_per_second': 17.967, 'epoch': 0.88}
{'eval_loss': 0.8546379208564758, 'eval_accuracy': 0.15441176470588236, 'eval_precision_weighted': 0.9647671568627452, 'eval_recall_weighted': 0.15441176470588236, 'eval_f1_weighted': 0.21262505002000798, 'eval_f1_macro': 0.14884353741496598, 'eval_confusion_matrix': [5, 0, 115, 16], 'eval_runtime': 0.7408, 'eval_samples_per_second': 183.592, 'eval_steps_per_second': 22.949, 'epoch': 0.97}
{'train_runtime': 49.5388, 'train_samples_per_second': 29.734, 'train_steps_per_second': 3.734, 'train_loss': 0.6262443748680321, 'epoch': 1.0}
[2025-10-22 14:57:48,446] - [INFO] - Training completed.
[2025-10-22 14:57:48,486] - [INFO] - Running evaluation...
[2025-10-22 14:57:48,742] - [INFO] - Evaluation Results:
[2025-10-22 14:57:48,742] - [INFO] - eval_loss: 0.8713729381561279
[2025-10-22 14:57:48,742] - [INFO] - eval_model_preparation_time: 0.0015
[2025-10-22 14:57:48,742] - [INFO] - eval_accuracy: 0.23177083333333334
[2025-10-22 14:57:48,742] - [INFO] - eval_true_accuracy: 0.010309278350515464
[2025-10-22 14:57:48,742] - [INFO] - eval_false_accuracy: 0.9247311827956989
[2025-10-22 14:57:48,742] - [INFO] - eval_runtime: 0.2451
[2025-10-22 14:57:48,742] - [INFO] - eval_samples_per_second: 1566.646
[2025-10-22 14:57:48,742] - [INFO] - eval_steps_per_second: 195.831
[2025-10-22 14:57:48,742] - [INFO] - 
=== Running combination ===
[2025-10-22 14:57:48,742] - [INFO] - Over Sampling Ratio: 1.0, Under Sampling Ratio: 0.5
[2025-10-22 14:57:50,465] - [INFO] - Original Train dataset class split: Counter({1: 1179, 0: 40}), with a total of 1219 samples
[2025-10-22 14:57:51,664] - [INFO] - Sampled Train dataset class split: Counter({0: 1179, 1: 589}), with a total of 1768 samples
[2025-10-22 14:57:51,667] - [INFO] - Validation dataset class split: Counter({1: 131, 0: 5}), with a total of 136 samples
[2025-10-22 14:57:51,671] - [INFO] - Test dataset class split: Counter({1: 291, 0: 93}), with a total of 384 samples
22.0
[2025-10-22 14:57:53,865] - [INFO] - Starting training of model (answerability classification).
{'eval_loss': 0.8900613784790039, 'eval_accuracy': 0.03676470588235294, 'eval_precision_weighted': 0.001351643598615917, 'eval_recall_weighted': 0.03676470588235294, 'eval_f1_weighted': 0.0026074259491030457, 'eval_f1_macro': 0.03546099290780142, 'eval_confusion_matrix': [5, 0, 131, 0], 'eval_runtime': 0.4355, 'eval_samples_per_second': 312.299, 'eval_steps_per_second': 39.037, 'epoch': 0.1}
{'eval_loss': 0.8662462830543518, 'eval_accuracy': 0.03676470588235294, 'eval_precision_weighted': 0.001351643598615917, 'eval_recall_weighted': 0.03676470588235294, 'eval_f1_weighted': 0.0026074259491030457, 'eval_f1_macro': 0.03546099290780142, 'eval_confusion_matrix': [5, 0, 131, 0], 'eval_runtime': 0.6983, 'eval_samples_per_second': 194.765, 'eval_steps_per_second': 24.346, 'epoch': 0.2}
{'eval_loss': 0.766533374786377, 'eval_accuracy': 0.0661764705882353, 'eval_precision_weighted': 0.9646278966131907, 'eval_recall_weighted': 0.0661764705882353, 'eval_f1_weighted': 0.05976416519568087, 'eval_f1_macro': 0.06612597999459313, 'eval_confusion_matrix': [5, 0, 127, 4], 'eval_runtime': 0.3275, 'eval_samples_per_second': 415.293, 'eval_steps_per_second': 51.912, 'epoch': 0.3}
{'eval_loss': 0.7439408302307129, 'eval_accuracy': 0.5955882352941176, 'eval_precision_weighted': 0.9411239495798318, 'eval_recall_weighted': 0.5955882352941176, 'eval_f1_weighted': 0.7157712047603595, 'eval_f1_macro': 0.4188485743143501, 'eval_confusion_matrix': [3, 2, 53, 78], 'eval_runtime': 0.6964, 'eval_samples_per_second': 195.277, 'eval_steps_per_second': 24.41, 'epoch': 0.4}
{'eval_loss': 0.4617360532283783, 'eval_accuracy': 0.8455882352941176, 'eval_precision_weighted': 0.9513497982925228, 'eval_recall_weighted': 0.8455882352941176, 'eval_f1_weighted': 0.888842203548086, 'eval_f1_macro': 0.5682539682539682, 'eval_confusion_matrix': [3, 2, 19, 112], 'eval_runtime': 0.7058, 'eval_samples_per_second': 192.679, 'eval_steps_per_second': 24.085, 'epoch': 0.5}
{'eval_loss': 0.5411970019340515, 'eval_accuracy': 0.7720588235294118, 'eval_precision_weighted': 0.948158229638009, 'eval_recall_weighted': 0.7720588235294118, 'eval_f1_weighted': 0.8421320569630958, 'eval_f1_macro': 0.5151236342725705, 'eval_confusion_matrix': [3, 2, 29, 102], 'eval_runtime': 0.9692, 'eval_samples_per_second': 140.329, 'eval_steps_per_second': 17.541, 'epoch': 0.6}
{'eval_loss': 0.28578102588653564, 'eval_accuracy': 0.8970588235294118, 'eval_precision_weighted': 0.945397858955965, 'eval_recall_weighted': 0.8970588235294118, 'eval_f1_weighted': 0.9183135196335752, 'eval_f1_macro': 0.5835520559930009, 'eval_confusion_matrix': [2, 3, 11, 120], 'eval_runtime': 0.3596, 'eval_samples_per_second': 378.248, 'eval_steps_per_second': 47.281, 'epoch': 0.7}
{'eval_loss': 0.18011966347694397, 'eval_accuracy': 0.9485294117647058, 'eval_precision_weighted': 0.953261689291101, 'eval_recall_weighted': 0.9485294117647058, 'eval_f1_weighted': 0.9507703812977646, 'eval_f1_macro': 0.668408220132358, 'eval_confusion_matrix': [2, 3, 4, 127], 'eval_runtime': 0.3023, 'eval_samples_per_second': 449.919, 'eval_steps_per_second': 56.24, 'epoch': 0.8}
{'eval_loss': 0.26894110441207886, 'eval_accuracy': 0.9117647058823529, 'eval_precision_weighted': 0.946802139037433, 'eval_recall_weighted': 0.9117647058823529, 'eval_f1_weighted': 0.9272748161764706, 'eval_f1_macro': 0.6015625, 'eval_confusion_matrix': [2, 3, 9, 122], 'eval_runtime': 0.4133, 'eval_samples_per_second': 329.046, 'eval_steps_per_second': 41.131, 'epoch': 0.9}
{'eval_loss': 0.18188554048538208, 'eval_accuracy': 0.9485294117647058, 'eval_precision_weighted': 0.953261689291101, 'eval_recall_weighted': 0.9485294117647058, 'eval_f1_weighted': 0.9507703812977646, 'eval_f1_macro': 0.668408220132358, 'eval_confusion_matrix': [2, 3, 4, 127], 'eval_runtime': 0.148, 'eval_samples_per_second': 919.123, 'eval_steps_per_second': 114.89, 'epoch': 1.0}
{'train_runtime': 47.5797, 'train_samples_per_second': 37.159, 'train_steps_per_second': 4.645, 'train_loss': 0.43656382841222424, 'epoch': 1.0}
[2025-10-22 14:58:41,688] - [INFO] - Training completed.
[2025-10-22 14:58:41,730] - [INFO] - Running evaluation...
[2025-10-22 14:58:41,984] - [INFO] - Evaluation Results:
[2025-10-22 14:58:41,984] - [INFO] - eval_loss: 0.9271261096000671
[2025-10-22 14:58:41,984] - [INFO] - eval_model_preparation_time: 0.0015
[2025-10-22 14:58:41,984] - [INFO] - eval_accuracy: 0.7109375
[2025-10-22 14:58:41,984] - [INFO] - eval_true_accuracy: 0.8109965635738832
[2025-10-22 14:58:41,984] - [INFO] - eval_false_accuracy: 0.3978494623655914
[2025-10-22 14:58:41,984] - [INFO] - eval_runtime: 0.246
[2025-10-22 14:58:41,984] - [INFO] - eval_samples_per_second: 1560.741
[2025-10-22 14:58:41,984] - [INFO] - eval_steps_per_second: 195.093
[2025-10-22 14:58:41,984] - [INFO] - 
=== Running combination ===
[2025-10-22 14:58:41,984] - [INFO] - Over Sampling Ratio: 1.0, Under Sampling Ratio: 1.0
[2025-10-22 14:58:43,701] - [INFO] - Original Train dataset class split: Counter({1: 1179, 0: 40}), with a total of 1219 samples
[2025-10-22 14:58:43,814] - [INFO] - Sampled Train dataset class split: Counter({1: 1179, 0: 1179}), with a total of 2358 samples
[2025-10-22 14:58:43,817] - [INFO] - Validation dataset class split: Counter({1: 131, 0: 5}), with a total of 136 samples
[2025-10-22 14:58:43,821] - [INFO] - Test dataset class split: Counter({1: 291, 0: 93}), with a total of 384 samples
29.0
[2025-10-22 14:58:46,026] - [INFO] - Starting training of model (answerability classification).
{'eval_loss': 0.8066453337669373, 'eval_accuracy': 0.03676470588235294, 'eval_precision_weighted': 0.001351643598615917, 'eval_recall_weighted': 0.03676470588235294, 'eval_f1_weighted': 0.0026074259491030457, 'eval_f1_macro': 0.03546099290780142, 'eval_confusion_matrix': [5, 0, 131, 0], 'eval_runtime': 0.1527, 'eval_samples_per_second': 890.889, 'eval_steps_per_second': 111.361, 'epoch': 0.1}
{'eval_loss': 0.7043213844299316, 'eval_accuracy': 0.4852941176470588, 'eval_precision_weighted': 0.9499603494365781, 'eval_recall_weighted': 0.4852941176470588, 'eval_f1_weighted': 0.6194469064390228, 'eval_f1_macro': 0.3708696801480306, 'eval_confusion_matrix': [4, 1, 69, 62], 'eval_runtime': 0.7249, 'eval_samples_per_second': 187.603, 'eval_steps_per_second': 23.45, 'epoch': 0.2}
{'eval_loss': 0.40823429822921753, 'eval_accuracy': 0.8308823529411765, 'eval_precision_weighted': 0.9412292428933297, 'eval_recall_weighted': 0.8308823529411765, 'eval_f1_weighted': 0.8782557467431418, 'eval_f1_macro': 0.52713529856387, 'eval_confusion_matrix': [2, 3, 20, 111], 'eval_runtime': 0.5454, 'eval_samples_per_second': 249.372, 'eval_steps_per_second': 31.172, 'epoch': 0.29}
{'eval_loss': 0.21898718178272247, 'eval_accuracy': 0.9117647058823529, 'eval_precision_weighted': 0.93698214193814, 'eval_recall_weighted': 0.9117647058823529, 'eval_f1_weighted': 0.9236857533711159, 'eval_f1_macro': 0.5481727574750831, 'eval_confusion_matrix': [1, 4, 8, 123], 'eval_runtime': 0.4361, 'eval_samples_per_second': 311.858, 'eval_steps_per_second': 38.982, 'epoch': 0.39}
{'eval_loss': 0.28215292096138, 'eval_accuracy': 0.9338235294117647, 'eval_precision_weighted': 0.9498506433823529, 'eval_recall_weighted': 0.9338235294117647, 'eval_f1_weighted': 0.9410760146054262, 'eval_f1_macro': 0.6364716364716365, 'eval_confusion_matrix': [2, 3, 6, 125], 'eval_runtime': 0.5218, 'eval_samples_per_second': 260.659, 'eval_steps_per_second': 32.582, 'epoch': 0.49}
{'eval_loss': 0.4609390199184418, 'eval_accuracy': 0.8970588235294118, 'eval_precision_weighted': 0.945397858955965, 'eval_recall_weighted': 0.8970588235294118, 'eval_f1_weighted': 0.9183135196335752, 'eval_f1_macro': 0.5835520559930009, 'eval_confusion_matrix': [2, 3, 11, 120], 'eval_runtime': 0.3227, 'eval_samples_per_second': 421.498, 'eval_steps_per_second': 52.687, 'epoch': 0.59}
{'eval_loss': 0.19314177334308624, 'eval_accuracy': 0.9705882352941176, 'eval_precision_weighted': 0.9714596949891066, 'eval_recall_weighted': 0.9705882352941176, 'eval_f1_weighted': 0.9610054548135042, 'eval_f1_macro': 0.6591478696741855, 'eval_confusion_matrix': [1, 4, 0, 131], 'eval_runtime': 0.8502, 'eval_samples_per_second': 159.954, 'eval_steps_per_second': 19.994, 'epoch': 0.69}
{'eval_loss': 0.2714921832084656, 'eval_accuracy': 0.9632352941176471, 'eval_precision_weighted': 0.9528643546971028, 'eval_recall_weighted': 0.9632352941176471, 'eval_f1_weighted': 0.9555652449659109, 'eval_f1_macro': 0.633423180592992, 'eval_confusion_matrix': [1, 4, 1, 130], 'eval_runtime': 0.4948, 'eval_samples_per_second': 274.881, 'eval_steps_per_second': 34.36, 'epoch': 0.79}
{'eval_loss': 0.26617231965065, 'eval_accuracy': 0.9632352941176471, 'eval_precision_weighted': 0.9528643546971028, 'eval_recall_weighted': 0.9632352941176471, 'eval_f1_weighted': 0.9555652449659109, 'eval_f1_macro': 0.633423180592992, 'eval_confusion_matrix': [1, 4, 1, 130], 'eval_runtime': 0.4787, 'eval_samples_per_second': 284.078, 'eval_steps_per_second': 35.51, 'epoch': 0.88}
{'eval_loss': 0.27248987555503845, 'eval_accuracy': 0.9632352941176471, 'eval_precision_weighted': 0.9528643546971028, 'eval_recall_weighted': 0.9632352941176471, 'eval_f1_weighted': 0.9555652449659109, 'eval_f1_macro': 0.633423180592992, 'eval_confusion_matrix': [1, 4, 1, 130], 'eval_runtime': 0.4329, 'eval_samples_per_second': 314.19, 'eval_steps_per_second': 39.274, 'epoch': 0.98}
{'train_runtime': 49.1151, 'train_samples_per_second': 48.01, 'train_steps_per_second': 6.006, 'train_loss': 0.29831905041710804, 'epoch': 1.0}
[2025-10-22 14:59:35,535] - [INFO] - Training completed.
[2025-10-22 14:59:35,573] - [INFO] - Running evaluation...
[2025-10-22 14:59:35,862] - [INFO] - Evaluation Results:
[2025-10-22 14:59:35,862] - [INFO] - eval_loss: 1.372310996055603
[2025-10-22 14:59:35,862] - [INFO] - eval_model_preparation_time: 0.0015
[2025-10-22 14:59:35,862] - [INFO] - eval_accuracy: 0.7708333333333334
[2025-10-22 14:59:35,862] - [INFO] - eval_true_accuracy: 0.9553264604810997
[2025-10-22 14:59:35,862] - [INFO] - eval_false_accuracy: 0.1935483870967742
[2025-10-22 14:59:35,862] - [INFO] - eval_runtime: 0.2458
[2025-10-22 14:59:35,862] - [INFO] - eval_samples_per_second: 1562.334
[2025-10-22 14:59:35,862] - [INFO] - eval_steps_per_second: 195.292
[2025-10-22 14:59:36,042] - [INFO] - Saved tuning metrics at: roberta_classifier_results_te/te_tuning_metrics.csv
-----------------------------------------------
Finished model training.
-----------------------------------------------
