Starting model training...
[2025-10-22 14:39:42,871] - [INFO] - 
=== Running combination ===
[2025-10-22 14:39:42,871] - [INFO] - Over Sampling Ratio: 0.0, Under Sampling Ratio: 0.0
[2025-10-22 14:39:44,854] - [INFO] - Original Train dataset class split: Counter({1: 2122, 0: 57}), with a total of 2179 samples
[2025-10-22 14:39:44,989] - [INFO] - Sampled Train dataset class split: Counter({1: 2122, 0: 57}), with a total of 2179 samples
[2025-10-22 14:39:44,994] - [INFO] - Validation dataset class split: Counter({1: 237, 0: 6}), with a total of 243 samples
[2025-10-22 14:39:44,998] - [INFO] - Test dataset class split: Counter({1: 337, 0: 19}), with a total of 356 samples
27.0
[2025-10-22 14:39:46,852] - [INFO] - Starting training of model (answerability classification).
{'eval_loss': 0.5306189060211182, 'eval_accuracy': 0.9753086419753086, 'eval_precision_weighted': 0.9512269471117208, 'eval_recall_weighted': 0.9753086419753086, 'eval_f1_weighted': 0.9631172839506174, 'eval_f1_macro': 0.49375, 'eval_confusion_matrix': [0, 6, 0, 237], 'eval_runtime': 1.5191, 'eval_samples_per_second': 159.961, 'eval_steps_per_second': 20.407, 'epoch': 0.1}
{'eval_loss': 1.1670618057250977, 'eval_accuracy': 0.9753086419753086, 'eval_precision_weighted': 0.9512269471117208, 'eval_recall_weighted': 0.9753086419753086, 'eval_f1_weighted': 0.9631172839506174, 'eval_f1_macro': 0.49375, 'eval_confusion_matrix': [0, 6, 0, 237], 'eval_runtime': 0.3766, 'eval_samples_per_second': 645.235, 'eval_steps_per_second': 82.314, 'epoch': 0.2}
{'eval_loss': 1.1368818283081055, 'eval_accuracy': 0.9753086419753086, 'eval_precision_weighted': 0.9512269471117208, 'eval_recall_weighted': 0.9753086419753086, 'eval_f1_weighted': 0.9631172839506174, 'eval_f1_macro': 0.49375, 'eval_confusion_matrix': [0, 6, 0, 237], 'eval_runtime': 0.2487, 'eval_samples_per_second': 977.083, 'eval_steps_per_second': 124.648, 'epoch': 0.3}
{'eval_loss': 0.9927513599395752, 'eval_accuracy': 0.9753086419753086, 'eval_precision_weighted': 0.9512269471117208, 'eval_recall_weighted': 0.9753086419753086, 'eval_f1_weighted': 0.9631172839506174, 'eval_f1_macro': 0.49375, 'eval_confusion_matrix': [0, 6, 0, 237], 'eval_runtime': 0.4576, 'eval_samples_per_second': 530.99, 'eval_steps_per_second': 67.739, 'epoch': 0.4}
{'eval_loss': 1.0211081504821777, 'eval_accuracy': 0.9753086419753086, 'eval_precision_weighted': 0.9512269471117208, 'eval_recall_weighted': 0.9753086419753086, 'eval_f1_weighted': 0.9631172839506174, 'eval_f1_macro': 0.49375, 'eval_confusion_matrix': [0, 6, 0, 237], 'eval_runtime': 0.2588, 'eval_samples_per_second': 938.929, 'eval_steps_per_second': 119.781, 'epoch': 0.49}
{'eval_loss': 1.0849473476409912, 'eval_accuracy': 0.9753086419753086, 'eval_precision_weighted': 0.9512269471117208, 'eval_recall_weighted': 0.9753086419753086, 'eval_f1_weighted': 0.9631172839506174, 'eval_f1_macro': 0.49375, 'eval_confusion_matrix': [0, 6, 0, 237], 'eval_runtime': 1.0935, 'eval_samples_per_second': 222.225, 'eval_steps_per_second': 28.35, 'epoch': 0.59}
{'eval_loss': 0.8524764180183411, 'eval_accuracy': 0.9753086419753086, 'eval_precision_weighted': 0.9512269471117208, 'eval_recall_weighted': 0.9753086419753086, 'eval_f1_weighted': 0.9631172839506174, 'eval_f1_macro': 0.49375, 'eval_confusion_matrix': [0, 6, 0, 237], 'eval_runtime': 0.3045, 'eval_samples_per_second': 797.989, 'eval_steps_per_second': 101.801, 'epoch': 0.69}
{'eval_loss': 0.9163323640823364, 'eval_accuracy': 0.9753086419753086, 'eval_precision_weighted': 0.9512269471117208, 'eval_recall_weighted': 0.9753086419753086, 'eval_f1_weighted': 0.9631172839506174, 'eval_f1_macro': 0.49375, 'eval_confusion_matrix': [0, 6, 0, 237], 'eval_runtime': 0.3791, 'eval_samples_per_second': 640.995, 'eval_steps_per_second': 81.773, 'epoch': 0.79}
{'eval_loss': 0.9760519862174988, 'eval_accuracy': 0.9753086419753086, 'eval_precision_weighted': 0.9512269471117208, 'eval_recall_weighted': 0.9753086419753086, 'eval_f1_weighted': 0.9631172839506174, 'eval_f1_macro': 0.49375, 'eval_confusion_matrix': [0, 6, 0, 237], 'eval_runtime': 0.3974, 'eval_samples_per_second': 611.402, 'eval_steps_per_second': 77.998, 'epoch': 0.89}
{'eval_loss': 0.9572159647941589, 'eval_accuracy': 0.9753086419753086, 'eval_precision_weighted': 0.9512269471117208, 'eval_recall_weighted': 0.9753086419753086, 'eval_f1_weighted': 0.9631172839506174, 'eval_f1_macro': 0.49375, 'eval_confusion_matrix': [0, 6, 0, 237], 'eval_runtime': 1.5796, 'eval_samples_per_second': 153.834, 'eval_steps_per_second': 19.625, 'epoch': 0.99}
{'train_runtime': 95.0293, 'train_samples_per_second': 22.93, 'train_steps_per_second': 2.873, 'train_loss': 0.8771638416108631, 'epoch': 1.0}
[2025-10-22 14:41:22,155] - [INFO] - Training completed.
[2025-10-22 14:41:22,201] - [INFO] - Running evaluation...
[2025-10-22 14:41:22,450] - [INFO] - Evaluation Results:
[2025-10-22 14:41:22,450] - [INFO] - eval_loss: 0.2113899290561676
[2025-10-22 14:41:22,450] - [INFO] - eval_model_preparation_time: 0.0015
[2025-10-22 14:41:22,450] - [INFO] - eval_accuracy: 0.9466292134831461
[2025-10-22 14:41:22,450] - [INFO] - eval_true_accuracy: 1.0
[2025-10-22 14:41:22,450] - [INFO] - eval_false_accuracy: 0.0
[2025-10-22 14:41:22,450] - [INFO] - eval_runtime: 0.2353
[2025-10-22 14:41:22,450] - [INFO] - eval_samples_per_second: 1513.222
[2025-10-22 14:41:22,450] - [INFO] - eval_steps_per_second: 191.278
[2025-10-22 14:41:22,450] - [INFO] - 
=== Running combination ===
[2025-10-22 14:41:22,450] - [INFO] - Over Sampling Ratio: 0.0, Under Sampling Ratio: 0.25
[2025-10-22 14:41:24,130] - [INFO] - Original Train dataset class split: Counter({1: 2122, 0: 57}), with a total of 2179 samples
[2025-10-22 14:41:24,311] - [INFO] - Sampled Train dataset class split: Counter({1: 530, 0: 57}), with a total of 587 samples
[2025-10-22 14:41:24,316] - [INFO] - Validation dataset class split: Counter({1: 237, 0: 6}), with a total of 243 samples
[2025-10-22 14:41:24,319] - [INFO] - Test dataset class split: Counter({1: 337, 0: 19}), with a total of 356 samples
7.0
[2025-10-22 14:41:25,912] - [INFO] - Starting training of model (answerability classification).
{'eval_loss': 0.6825519800186157, 'eval_accuracy': 0.9259259259259259, 'eval_precision_weighted': 0.9664197530864198, 'eval_recall_weighted': 0.9259259259259259, 'eval_f1_weighted': 0.9434824434824435, 'eval_f1_macro': 0.6055194805194806, 'eval_confusion_matrix': [3, 3, 15, 222], 'eval_runtime': 0.2936, 'eval_samples_per_second': 827.535, 'eval_steps_per_second': 105.57, 'epoch': 0.09}
{'eval_loss': 0.6132042407989502, 'eval_accuracy': 0.9753086419753086, 'eval_precision_weighted': 0.9512269471117208, 'eval_recall_weighted': 0.9753086419753086, 'eval_f1_weighted': 0.9631172839506174, 'eval_f1_macro': 0.49375, 'eval_confusion_matrix': [0, 6, 0, 237], 'eval_runtime': 0.2838, 'eval_samples_per_second': 856.373, 'eval_steps_per_second': 109.249, 'epoch': 0.19}
{'eval_loss': 0.3286416828632355, 'eval_accuracy': 0.9753086419753086, 'eval_precision_weighted': 0.9512269471117208, 'eval_recall_weighted': 0.9753086419753086, 'eval_f1_weighted': 0.9631172839506174, 'eval_f1_macro': 0.49375, 'eval_confusion_matrix': [0, 6, 0, 237], 'eval_runtime': 0.2623, 'eval_samples_per_second': 926.296, 'eval_steps_per_second': 118.169, 'epoch': 0.28}
{'eval_loss': 0.3750269114971161, 'eval_accuracy': 0.9753086419753086, 'eval_precision_weighted': 0.9512269471117208, 'eval_recall_weighted': 0.9753086419753086, 'eval_f1_weighted': 0.9631172839506174, 'eval_f1_macro': 0.49375, 'eval_confusion_matrix': [0, 6, 0, 237], 'eval_runtime': 0.3081, 'eval_samples_per_second': 788.751, 'eval_steps_per_second': 100.623, 'epoch': 0.38}
{'eval_loss': 0.5024756193161011, 'eval_accuracy': 0.9753086419753086, 'eval_precision_weighted': 0.9512269471117208, 'eval_recall_weighted': 0.9753086419753086, 'eval_f1_weighted': 0.9631172839506174, 'eval_f1_macro': 0.49375, 'eval_confusion_matrix': [0, 6, 0, 237], 'eval_runtime': 0.3205, 'eval_samples_per_second': 758.123, 'eval_steps_per_second': 96.715, 'epoch': 0.47}
{'eval_loss': 0.5278761386871338, 'eval_accuracy': 0.9753086419753086, 'eval_precision_weighted': 0.9512269471117208, 'eval_recall_weighted': 0.9753086419753086, 'eval_f1_weighted': 0.9631172839506174, 'eval_f1_macro': 0.49375, 'eval_confusion_matrix': [0, 6, 0, 237], 'eval_runtime': 0.2739, 'eval_samples_per_second': 887.261, 'eval_steps_per_second': 113.19, 'epoch': 0.57}
{'eval_loss': 0.3704052269458771, 'eval_accuracy': 0.9753086419753086, 'eval_precision_weighted': 0.9512269471117208, 'eval_recall_weighted': 0.9753086419753086, 'eval_f1_weighted': 0.9631172839506174, 'eval_f1_macro': 0.49375, 'eval_confusion_matrix': [0, 6, 0, 237], 'eval_runtime': 0.4359, 'eval_samples_per_second': 557.437, 'eval_steps_per_second': 71.113, 'epoch': 0.66}
{'eval_loss': 0.2488083392381668, 'eval_accuracy': 0.9753086419753086, 'eval_precision_weighted': 0.9512269471117208, 'eval_recall_weighted': 0.9753086419753086, 'eval_f1_weighted': 0.9631172839506174, 'eval_f1_macro': 0.49375, 'eval_confusion_matrix': [0, 6, 0, 237], 'eval_runtime': 0.8116, 'eval_samples_per_second': 299.416, 'eval_steps_per_second': 38.197, 'epoch': 0.76}
{'eval_loss': 0.2437303066253662, 'eval_accuracy': 0.9753086419753086, 'eval_precision_weighted': 0.9512269471117208, 'eval_recall_weighted': 0.9753086419753086, 'eval_f1_weighted': 0.9631172839506174, 'eval_f1_macro': 0.49375, 'eval_confusion_matrix': [0, 6, 0, 237], 'eval_runtime': 0.8386, 'eval_samples_per_second': 289.765, 'eval_steps_per_second': 36.966, 'epoch': 0.85}
{'eval_loss': 0.2435951977968216, 'eval_accuracy': 0.9753086419753086, 'eval_precision_weighted': 0.9512269471117208, 'eval_recall_weighted': 0.9753086419753086, 'eval_f1_weighted': 0.9631172839506174, 'eval_f1_macro': 0.49375, 'eval_confusion_matrix': [0, 6, 0, 237], 'eval_runtime': 0.4974, 'eval_samples_per_second': 488.513, 'eval_steps_per_second': 62.321, 'epoch': 0.95}
{'train_runtime': 68.7486, 'train_samples_per_second': 8.538, 'train_steps_per_second': 1.076, 'train_loss': 0.666969041566591, 'epoch': 1.0}
[2025-10-22 14:42:34,990] - [INFO] - Training completed.
[2025-10-22 14:42:35,014] - [INFO] - Running evaluation...
[2025-10-22 14:42:35,255] - [INFO] - Evaluation Results:
[2025-10-22 14:42:35,255] - [INFO] - eval_loss: 0.6073577404022217
[2025-10-22 14:42:35,255] - [INFO] - eval_model_preparation_time: 0.0015
[2025-10-22 14:42:35,255] - [INFO] - eval_accuracy: 0.9466292134831461
[2025-10-22 14:42:35,255] - [INFO] - eval_true_accuracy: 1.0
[2025-10-22 14:42:35,255] - [INFO] - eval_false_accuracy: 0.0
[2025-10-22 14:42:35,255] - [INFO] - eval_runtime: 0.2329
[2025-10-22 14:42:35,255] - [INFO] - eval_samples_per_second: 1528.331
[2025-10-22 14:42:35,255] - [INFO] - eval_steps_per_second: 193.188
[2025-10-22 14:42:35,255] - [INFO] - 
=== Running combination ===
[2025-10-22 14:42:35,255] - [INFO] - Over Sampling Ratio: 0.0, Under Sampling Ratio: 0.5
[2025-10-22 14:42:36,832] - [INFO] - Original Train dataset class split: Counter({1: 2122, 0: 57}), with a total of 2179 samples
[2025-10-22 14:42:37,020] - [INFO] - Sampled Train dataset class split: Counter({1: 1061, 0: 57}), with a total of 1118 samples
[2025-10-22 14:42:37,025] - [INFO] - Validation dataset class split: Counter({1: 237, 0: 6}), with a total of 243 samples
[2025-10-22 14:42:37,028] - [INFO] - Test dataset class split: Counter({1: 337, 0: 19}), with a total of 356 samples
13.0
[2025-10-22 14:42:38,675] - [INFO] - Starting training of model (answerability classification).
{'eval_loss': 0.7005685567855835, 'eval_accuracy': 0.08641975308641975, 'eval_precision_weighted': 0.9759584145549058, 'eval_recall_weighted': 0.08641975308641975, 'eval_f1_weighted': 0.11737439515217292, 'eval_f1_macro': 0.08516483516483517, 'eval_confusion_matrix': [6, 0, 222, 15], 'eval_runtime': 0.315, 'eval_samples_per_second': 771.525, 'eval_steps_per_second': 98.425, 'epoch': 0.09}
{'eval_loss': 0.41645172238349915, 'eval_accuracy': 0.9753086419753086, 'eval_precision_weighted': 0.9512269471117208, 'eval_recall_weighted': 0.9753086419753086, 'eval_f1_weighted': 0.9631172839506174, 'eval_f1_macro': 0.49375, 'eval_confusion_matrix': [0, 6, 0, 237], 'eval_runtime': 0.4221, 'eval_samples_per_second': 575.679, 'eval_steps_per_second': 73.441, 'epoch': 0.19}
{'eval_loss': 0.6832840442657471, 'eval_accuracy': 0.9753086419753086, 'eval_precision_weighted': 0.9512269471117208, 'eval_recall_weighted': 0.9753086419753086, 'eval_f1_weighted': 0.9631172839506174, 'eval_f1_macro': 0.49375, 'eval_confusion_matrix': [0, 6, 0, 237], 'eval_runtime': 0.2978, 'eval_samples_per_second': 816.088, 'eval_steps_per_second': 104.11, 'epoch': 0.28}
{'eval_loss': 0.7480367422103882, 'eval_accuracy': 0.9753086419753086, 'eval_precision_weighted': 0.9512269471117208, 'eval_recall_weighted': 0.9753086419753086, 'eval_f1_weighted': 0.9631172839506174, 'eval_f1_macro': 0.49375, 'eval_confusion_matrix': [0, 6, 0, 237], 'eval_runtime': 0.9642, 'eval_samples_per_second': 252.017, 'eval_steps_per_second': 32.15, 'epoch': 0.37}
{'eval_loss': 0.4711720645427704, 'eval_accuracy': 0.9753086419753086, 'eval_precision_weighted': 0.9512269471117208, 'eval_recall_weighted': 0.9753086419753086, 'eval_f1_weighted': 0.9631172839506174, 'eval_f1_macro': 0.49375, 'eval_confusion_matrix': [0, 6, 0, 237], 'eval_runtime': 0.5204, 'eval_samples_per_second': 466.973, 'eval_steps_per_second': 59.573, 'epoch': 0.46}
{'eval_loss': 0.5351150631904602, 'eval_accuracy': 0.9753086419753086, 'eval_precision_weighted': 0.9512269471117208, 'eval_recall_weighted': 0.9753086419753086, 'eval_f1_weighted': 0.9631172839506174, 'eval_f1_macro': 0.49375, 'eval_confusion_matrix': [0, 6, 0, 237], 'eval_runtime': 0.866, 'eval_samples_per_second': 280.591, 'eval_steps_per_second': 35.796, 'epoch': 0.56}
{'eval_loss': 0.6954203248023987, 'eval_accuracy': 0.9753086419753086, 'eval_precision_weighted': 0.9512269471117208, 'eval_recall_weighted': 0.9753086419753086, 'eval_f1_weighted': 0.9631172839506174, 'eval_f1_macro': 0.49375, 'eval_confusion_matrix': [0, 6, 0, 237], 'eval_runtime': 1.3832, 'eval_samples_per_second': 175.683, 'eval_steps_per_second': 22.412, 'epoch': 0.65}
{'eval_loss': 0.7690618634223938, 'eval_accuracy': 0.9753086419753086, 'eval_precision_weighted': 0.9512269471117208, 'eval_recall_weighted': 0.9753086419753086, 'eval_f1_weighted': 0.9631172839506174, 'eval_f1_macro': 0.49375, 'eval_confusion_matrix': [0, 6, 0, 237], 'eval_runtime': 0.5845, 'eval_samples_per_second': 415.713, 'eval_steps_per_second': 53.033, 'epoch': 0.74}
{'eval_loss': 0.8005385994911194, 'eval_accuracy': 0.9753086419753086, 'eval_precision_weighted': 0.9512269471117208, 'eval_recall_weighted': 0.9753086419753086, 'eval_f1_weighted': 0.9631172839506174, 'eval_f1_macro': 0.49375, 'eval_confusion_matrix': [0, 6, 0, 237], 'eval_runtime': 0.9187, 'eval_samples_per_second': 264.513, 'eval_steps_per_second': 33.744, 'epoch': 0.84}
{'eval_loss': 0.7448410987854004, 'eval_accuracy': 0.9753086419753086, 'eval_precision_weighted': 0.9512269471117208, 'eval_recall_weighted': 0.9753086419753086, 'eval_f1_weighted': 0.9631172839506174, 'eval_f1_macro': 0.49375, 'eval_confusion_matrix': [0, 6, 0, 237], 'eval_runtime': 0.8266, 'eval_samples_per_second': 293.982, 'eval_steps_per_second': 37.504, 'epoch': 0.93}
{'train_runtime': 60.859, 'train_samples_per_second': 18.37, 'train_steps_per_second': 2.3, 'train_loss': 1.1369007655552454, 'epoch': 1.0}
[2025-10-22 14:43:39,813] - [INFO] - Training completed.
[2025-10-22 14:43:39,867] - [INFO] - Running evaluation...
[2025-10-22 14:43:40,107] - [INFO] - Evaluation Results:
[2025-10-22 14:43:40,107] - [INFO] - eval_loss: 0.2056637406349182
[2025-10-22 14:43:40,107] - [INFO] - eval_model_preparation_time: 0.0015
[2025-10-22 14:43:40,107] - [INFO] - eval_accuracy: 0.9466292134831461
[2025-10-22 14:43:40,107] - [INFO] - eval_true_accuracy: 1.0
[2025-10-22 14:43:40,107] - [INFO] - eval_false_accuracy: 0.0
[2025-10-22 14:43:40,107] - [INFO] - eval_runtime: 0.2319
[2025-10-22 14:43:40,107] - [INFO] - eval_samples_per_second: 1535.374
[2025-10-22 14:43:40,107] - [INFO] - eval_steps_per_second: 194.078
[2025-10-22 14:43:40,107] - [INFO] - 
=== Running combination ===
[2025-10-22 14:43:40,107] - [INFO] - Over Sampling Ratio: 0.0, Under Sampling Ratio: 1.0
[2025-10-22 14:43:41,516] - [INFO] - Original Train dataset class split: Counter({1: 2122, 0: 57}), with a total of 2179 samples
[2025-10-22 14:43:41,648] - [INFO] - Sampled Train dataset class split: Counter({1: 2122, 0: 57}), with a total of 2179 samples
[2025-10-22 14:43:41,653] - [INFO] - Validation dataset class split: Counter({1: 237, 0: 6}), with a total of 243 samples
[2025-10-22 14:43:41,657] - [INFO] - Test dataset class split: Counter({1: 337, 0: 19}), with a total of 356 samples
27.0
[2025-10-22 14:43:43,403] - [INFO] - Starting training of model (answerability classification).
{'eval_loss': 0.5306189060211182, 'eval_accuracy': 0.9753086419753086, 'eval_precision_weighted': 0.9512269471117208, 'eval_recall_weighted': 0.9753086419753086, 'eval_f1_weighted': 0.9631172839506174, 'eval_f1_macro': 0.49375, 'eval_confusion_matrix': [0, 6, 0, 237], 'eval_runtime': 0.249, 'eval_samples_per_second': 975.828, 'eval_steps_per_second': 124.488, 'epoch': 0.1}
{'eval_loss': 1.1670618057250977, 'eval_accuracy': 0.9753086419753086, 'eval_precision_weighted': 0.9512269471117208, 'eval_recall_weighted': 0.9753086419753086, 'eval_f1_weighted': 0.9631172839506174, 'eval_f1_macro': 0.49375, 'eval_confusion_matrix': [0, 6, 0, 237], 'eval_runtime': 0.8363, 'eval_samples_per_second': 290.577, 'eval_steps_per_second': 37.069, 'epoch': 0.2}
{'eval_loss': 1.1368818283081055, 'eval_accuracy': 0.9753086419753086, 'eval_precision_weighted': 0.9512269471117208, 'eval_recall_weighted': 0.9753086419753086, 'eval_f1_weighted': 0.9631172839506174, 'eval_f1_macro': 0.49375, 'eval_confusion_matrix': [0, 6, 0, 237], 'eval_runtime': 0.2725, 'eval_samples_per_second': 891.896, 'eval_steps_per_second': 113.781, 'epoch': 0.3}
{'eval_loss': 0.9927513599395752, 'eval_accuracy': 0.9753086419753086, 'eval_precision_weighted': 0.9512269471117208, 'eval_recall_weighted': 0.9753086419753086, 'eval_f1_weighted': 0.9631172839506174, 'eval_f1_macro': 0.49375, 'eval_confusion_matrix': [0, 6, 0, 237], 'eval_runtime': 0.8071, 'eval_samples_per_second': 301.077, 'eval_steps_per_second': 38.409, 'epoch': 0.4}
{'eval_loss': 1.0211081504821777, 'eval_accuracy': 0.9753086419753086, 'eval_precision_weighted': 0.9512269471117208, 'eval_recall_weighted': 0.9753086419753086, 'eval_f1_weighted': 0.9631172839506174, 'eval_f1_macro': 0.49375, 'eval_confusion_matrix': [0, 6, 0, 237], 'eval_runtime': 0.3813, 'eval_samples_per_second': 637.359, 'eval_steps_per_second': 81.309, 'epoch': 0.49}
{'eval_loss': 1.0849473476409912, 'eval_accuracy': 0.9753086419753086, 'eval_precision_weighted': 0.9512269471117208, 'eval_recall_weighted': 0.9753086419753086, 'eval_f1_weighted': 0.9631172839506174, 'eval_f1_macro': 0.49375, 'eval_confusion_matrix': [0, 6, 0, 237], 'eval_runtime': 0.2889, 'eval_samples_per_second': 841.263, 'eval_steps_per_second': 107.322, 'epoch': 0.59}
{'eval_loss': 0.8524764180183411, 'eval_accuracy': 0.9753086419753086, 'eval_precision_weighted': 0.9512269471117208, 'eval_recall_weighted': 0.9753086419753086, 'eval_f1_weighted': 0.9631172839506174, 'eval_f1_macro': 0.49375, 'eval_confusion_matrix': [0, 6, 0, 237], 'eval_runtime': 0.2892, 'eval_samples_per_second': 840.271, 'eval_steps_per_second': 107.195, 'epoch': 0.69}
{'eval_loss': 0.9163323640823364, 'eval_accuracy': 0.9753086419753086, 'eval_precision_weighted': 0.9512269471117208, 'eval_recall_weighted': 0.9753086419753086, 'eval_f1_weighted': 0.9631172839506174, 'eval_f1_macro': 0.49375, 'eval_confusion_matrix': [0, 6, 0, 237], 'eval_runtime': 1.0872, 'eval_samples_per_second': 223.511, 'eval_steps_per_second': 28.514, 'epoch': 0.79}
{'eval_loss': 0.9760519862174988, 'eval_accuracy': 0.9753086419753086, 'eval_precision_weighted': 0.9512269471117208, 'eval_recall_weighted': 0.9753086419753086, 'eval_f1_weighted': 0.9631172839506174, 'eval_f1_macro': 0.49375, 'eval_confusion_matrix': [0, 6, 0, 237], 'eval_runtime': 1.3502, 'eval_samples_per_second': 179.969, 'eval_steps_per_second': 22.959, 'epoch': 0.89}
{'eval_loss': 0.9572159647941589, 'eval_accuracy': 0.9753086419753086, 'eval_precision_weighted': 0.9512269471117208, 'eval_recall_weighted': 0.9753086419753086, 'eval_f1_weighted': 0.9631172839506174, 'eval_f1_macro': 0.49375, 'eval_confusion_matrix': [0, 6, 0, 237], 'eval_runtime': 1.1423, 'eval_samples_per_second': 212.735, 'eval_steps_per_second': 27.139, 'epoch': 0.99}
{'train_runtime': 98.3456, 'train_samples_per_second': 22.157, 'train_steps_per_second': 2.776, 'train_loss': 0.8771638416108631, 'epoch': 1.0}
[2025-10-22 14:45:22,097] - [INFO] - Training completed.
[2025-10-22 14:45:22,140] - [INFO] - Running evaluation...
[2025-10-22 14:45:22,394] - [INFO] - Evaluation Results:
[2025-10-22 14:45:22,394] - [INFO] - eval_loss: 0.2113899290561676
[2025-10-22 14:45:22,394] - [INFO] - eval_model_preparation_time: 0.0015
[2025-10-22 14:45:22,395] - [INFO] - eval_accuracy: 0.9466292134831461
[2025-10-22 14:45:22,395] - [INFO] - eval_true_accuracy: 1.0
[2025-10-22 14:45:22,395] - [INFO] - eval_false_accuracy: 0.0
[2025-10-22 14:45:22,395] - [INFO] - eval_runtime: 0.2466
[2025-10-22 14:45:22,395] - [INFO] - eval_samples_per_second: 1443.358
[2025-10-22 14:45:22,395] - [INFO] - eval_steps_per_second: 182.447
[2025-10-22 14:45:22,395] - [INFO] - 
=== Running combination ===
[2025-10-22 14:45:22,395] - [INFO] - Over Sampling Ratio: 0.25, Under Sampling Ratio: 0.0
[2025-10-22 14:45:25,674] - [INFO] - Original Train dataset class split: Counter({1: 2122, 0: 57}), with a total of 2179 samples
[2025-10-22 14:45:25,797] - [INFO] - Sampled Train dataset class split: Counter({1: 2122, 0: 530}), with a total of 2652 samples
[2025-10-22 14:45:25,803] - [INFO] - Validation dataset class split: Counter({1: 237, 0: 6}), with a total of 243 samples
[2025-10-22 14:45:25,806] - [INFO] - Test dataset class split: Counter({1: 337, 0: 19}), with a total of 356 samples
33.0
[2025-10-22 14:45:27,909] - [INFO] - Starting training of model (answerability classification).
{'eval_loss': 0.32041090726852417, 'eval_accuracy': 0.9588477366255144, 'eval_precision_weighted': 0.9648804833201997, 'eval_recall_weighted': 0.9588477366255144, 'eval_f1_weighted': 0.9616999970107315, 'eval_f1_macro': 0.6322639225181598, 'eval_confusion_matrix': [2, 4, 6, 231], 'eval_runtime': 0.7034, 'eval_samples_per_second': 345.479, 'eval_steps_per_second': 44.073, 'epoch': 0.1}
{'eval_loss': 0.435846745967865, 'eval_accuracy': 0.897119341563786, 'eval_precision_weighted': 0.9750082556506448, 'eval_recall_weighted': 0.897119341563786, 'eval_f1_weighted': 0.9282996437467983, 'eval_f1_macro': 0.6151409566043713, 'eval_confusion_matrix': [5, 1, 24, 213], 'eval_runtime': 0.4456, 'eval_samples_per_second': 545.385, 'eval_steps_per_second': 69.576, 'epoch': 0.2}
{'eval_loss': 0.3040274679660797, 'eval_accuracy': 0.8930041152263375, 'eval_precision_weighted': 0.9748449545006665, 'eval_recall_weighted': 0.8930041152263375, 'eval_f1_weighted': 0.9258161865569272, 'eval_f1_macro': 0.61, 'eval_confusion_matrix': [5, 1, 25, 212], 'eval_runtime': 0.3791, 'eval_samples_per_second': 640.927, 'eval_steps_per_second': 81.764, 'epoch': 0.3}
{'eval_loss': 0.1422252058982849, 'eval_accuracy': 0.9794238683127572, 'eval_precision_weighted': 0.97782965037867, 'eval_recall_weighted': 0.9794238683127572, 'eval_f1_weighted': 0.9785102486856873, 'eval_f1_macro': 0.7674641148325358, 'eval_confusion_matrix': [3, 3, 2, 235], 'eval_runtime': 1.0119, 'eval_samples_per_second': 240.15, 'eval_steps_per_second': 30.636, 'epoch': 0.4}
{'eval_loss': 0.09547341614961624, 'eval_accuracy': 0.9711934156378601, 'eval_precision_weighted': 0.982328069971748, 'eval_recall_weighted': 0.9711934156378601, 'eval_f1_weighted': 0.9752761248225105, 'eval_f1_macro': 0.7866549604916593, 'eval_confusion_matrix': [5, 1, 6, 231], 'eval_runtime': 0.3222, 'eval_samples_per_second': 754.238, 'eval_steps_per_second': 96.22, 'epoch': 0.5}
{'eval_loss': 0.15293125808238983, 'eval_accuracy': 0.9794238683127572, 'eval_precision_weighted': 0.9848580774506701, 'eval_recall_weighted': 0.9794238683127572, 'eval_f1_weighted': 0.981415952399675, 'eval_f1_macro': 0.8280254777070064, 'eval_confusion_matrix': [5, 1, 4, 233], 'eval_runtime': 0.3084, 'eval_samples_per_second': 787.905, 'eval_steps_per_second': 100.515, 'epoch': 0.6}
{'eval_loss': 0.16588398814201355, 'eval_accuracy': 0.9794238683127572, 'eval_precision_weighted': 0.9848580774506701, 'eval_recall_weighted': 0.9794238683127572, 'eval_f1_weighted': 0.981415952399675, 'eval_f1_macro': 0.8280254777070064, 'eval_confusion_matrix': [5, 1, 4, 233], 'eval_runtime': 0.5043, 'eval_samples_per_second': 481.837, 'eval_steps_per_second': 61.469, 'epoch': 0.7}
{'eval_loss': 0.1876586526632309, 'eval_accuracy': 0.9753086419753086, 'eval_precision_weighted': 0.9834684469877603, 'eval_recall_weighted': 0.9753086419753086, 'eval_f1_weighted': 0.9782899921197793, 'eval_f1_macro': 0.8061170212765958, 'eval_confusion_matrix': [5, 1, 5, 232], 'eval_runtime': 1.1193, 'eval_samples_per_second': 217.096, 'eval_steps_per_second': 27.695, 'epoch': 0.8}
{'eval_loss': 0.14727579057216644, 'eval_accuracy': 0.9794238683127572, 'eval_precision_weighted': 0.9848580774506701, 'eval_recall_weighted': 0.9794238683127572, 'eval_f1_weighted': 0.981415952399675, 'eval_f1_macro': 0.8280254777070064, 'eval_confusion_matrix': [5, 1, 4, 233], 'eval_runtime': 0.4469, 'eval_samples_per_second': 543.77, 'eval_steps_per_second': 69.37, 'epoch': 0.89}
{'eval_loss': 0.18157239258289337, 'eval_accuracy': 0.9794238683127572, 'eval_precision_weighted': 0.9848580774506701, 'eval_recall_weighted': 0.9794238683127572, 'eval_f1_weighted': 0.981415952399675, 'eval_f1_macro': 0.8280254777070064, 'eval_confusion_matrix': [5, 1, 4, 233], 'eval_runtime': 0.4413, 'eval_samples_per_second': 550.682, 'eval_steps_per_second': 70.252, 'epoch': 0.99}
{'train_runtime': 44.7735, 'train_samples_per_second': 59.231, 'train_steps_per_second': 7.415, 'train_loss': 0.44505029701324833, 'epoch': 1.0}
[2025-10-22 14:46:13,025] - [INFO] - Training completed.
[2025-10-22 14:46:13,066] - [INFO] - Running evaluation...
[2025-10-22 14:46:13,617] - [INFO] - Evaluation Results:
[2025-10-22 14:46:13,617] - [INFO] - eval_loss: 0.1709236353635788
[2025-10-22 14:46:13,617] - [INFO] - eval_model_preparation_time: 0.0015
[2025-10-22 14:46:13,617] - [INFO] - eval_accuracy: 0.9410112359550562
[2025-10-22 14:46:13,617] - [INFO] - eval_true_accuracy: 0.9762611275964391
[2025-10-22 14:46:13,617] - [INFO] - eval_false_accuracy: 0.3157894736842105
[2025-10-22 14:46:13,617] - [INFO] - eval_runtime: 0.3059
[2025-10-22 14:46:13,617] - [INFO] - eval_samples_per_second: 1163.935
[2025-10-22 14:46:13,617] - [INFO] - eval_steps_per_second: 147.127
[2025-10-22 14:46:13,617] - [INFO] - 
=== Running combination ===
[2025-10-22 14:46:13,617] - [INFO] - Over Sampling Ratio: 0.25, Under Sampling Ratio: 0.25
[2025-10-22 14:46:49,875] - [INFO] - Original Train dataset class split: Counter({1: 2122, 0: 57}), with a total of 2179 samples
[2025-10-22 14:46:50,039] - [INFO] - Sampled Train dataset class split: Counter({1: 530, 0: 530}), with a total of 1060 samples
[2025-10-22 14:46:50,045] - [INFO] - Validation dataset class split: Counter({1: 237, 0: 6}), with a total of 243 samples
[2025-10-22 14:46:50,048] - [INFO] - Test dataset class split: Counter({1: 337, 0: 19}), with a total of 356 samples
13.0
[2025-10-22 14:46:51,902] - [INFO] - Starting training of model (answerability classification).
{'eval_loss': 0.7766972184181213, 'eval_accuracy': 0.024691358024691357, 'eval_precision_weighted': 0.0006096631611034903, 'eval_recall_weighted': 0.024691358024691357, 'eval_f1_weighted': 0.0011899449650453668, 'eval_f1_macro': 0.024096385542168676, 'eval_confusion_matrix': [6, 0, 237, 0], 'eval_runtime': 0.4274, 'eval_samples_per_second': 568.552, 'eval_steps_per_second': 72.531, 'epoch': 0.1}
{'eval_loss': 0.746965229511261, 'eval_accuracy': 0.024691358024691357, 'eval_precision_weighted': 0.0006096631611034903, 'eval_recall_weighted': 0.024691358024691357, 'eval_f1_weighted': 0.0011899449650453668, 'eval_f1_macro': 0.024096385542168676, 'eval_confusion_matrix': [6, 0, 237, 0], 'eval_runtime': 0.6432, 'eval_samples_per_second': 377.803, 'eval_steps_per_second': 48.197, 'epoch': 0.2}
{'eval_loss': 0.7629044651985168, 'eval_accuracy': 0.024691358024691357, 'eval_precision_weighted': 0.0006096631611034903, 'eval_recall_weighted': 0.024691358024691357, 'eval_f1_weighted': 0.0011899449650453668, 'eval_f1_macro': 0.024096385542168676, 'eval_confusion_matrix': [6, 0, 237, 0], 'eval_runtime': 0.3851, 'eval_samples_per_second': 631.002, 'eval_steps_per_second': 80.498, 'epoch': 0.29}
{'eval_loss': 0.46360597014427185, 'eval_accuracy': 0.8148148148148148, 'eval_precision_weighted': 0.9728008041704654, 'eval_recall_weighted': 0.8148148148148148, 'eval_f1_weighted': 0.8779676111462654, 'eval_f1_macro': 0.5387049145749842, 'eval_confusion_matrix': [5, 1, 44, 193], 'eval_runtime': 0.2567, 'eval_samples_per_second': 946.484, 'eval_steps_per_second': 120.745, 'epoch': 0.39}
{'eval_loss': 0.5244987607002258, 'eval_accuracy': 0.8683127572016461, 'eval_precision_weighted': 0.9740263613049444, 'eval_recall_weighted': 0.8683127572016461, 'eval_f1_weighted': 0.910895022006133, 'eval_f1_macro': 0.583011583011583, 'eval_confusion_matrix': [5, 1, 31, 206], 'eval_runtime': 0.2255, 'eval_samples_per_second': 1077.424, 'eval_steps_per_second': 137.449, 'epoch': 0.49}
{'eval_loss': 0.5029770731925964, 'eval_accuracy': 0.9012345679012346, 'eval_precision_weighted': 0.975181493786145, 'eval_recall_weighted': 0.9012345679012346, 'eval_f1_weighted': 0.9307845065263076, 'eval_f1_macro': 0.6205101509630401, 'eval_confusion_matrix': [5, 1, 23, 214], 'eval_runtime': 0.5812, 'eval_samples_per_second': 418.084, 'eval_steps_per_second': 53.336, 'epoch': 0.59}
{'eval_loss': 0.42017418146133423, 'eval_accuracy': 0.9259259259259259, 'eval_precision_weighted': 0.9765071529777413, 'eval_recall_weighted': 0.9259259259259259, 'eval_f1_weighted': 0.9457960768004435, 'eval_f1_macro': 0.6589207735495946, 'eval_confusion_matrix': [5, 1, 17, 220], 'eval_runtime': 0.2477, 'eval_samples_per_second': 981.183, 'eval_steps_per_second': 125.172, 'epoch': 0.68}
{'eval_loss': 0.2886970043182373, 'eval_accuracy': 0.934156378600823, 'eval_precision_weighted': 0.9771079001273322, 'eval_recall_weighted': 0.934156378600823, 'eval_f1_weighted': 0.9508815392873364, 'eval_f1_macro': 0.6749163879598662, 'eval_confusion_matrix': [5, 1, 15, 222], 'eval_runtime': 0.5828, 'eval_samples_per_second': 416.967, 'eval_steps_per_second': 53.193, 'epoch': 0.78}
{'eval_loss': 0.43955767154693604, 'eval_accuracy': 0.8436213991769548, 'eval_precision_weighted': 0.978675645342312, 'eval_recall_weighted': 0.8436213991769548, 'eval_f1_weighted': 0.8962306036923774, 'eval_f1_macro': 0.5764220183486238, 'eval_confusion_matrix': [6, 0, 38, 199], 'eval_runtime': 0.36, 'eval_samples_per_second': 675.014, 'eval_steps_per_second': 86.113, 'epoch': 0.88}
{'eval_loss': 0.35022568702697754, 'eval_accuracy': 0.9012345679012346, 'eval_precision_weighted': 0.975181493786145, 'eval_recall_weighted': 0.9012345679012346, 'eval_f1_weighted': 0.9307845065263076, 'eval_f1_macro': 0.6205101509630401, 'eval_confusion_matrix': [5, 1, 23, 214], 'eval_runtime': 0.3488, 'eval_samples_per_second': 696.698, 'eval_steps_per_second': 88.879, 'epoch': 0.98}
{'train_runtime': 82.6701, 'train_samples_per_second': 12.822, 'train_steps_per_second': 1.609, 'train_loss': 0.5911554895845571, 'epoch': 1.0}
[2025-10-22 14:48:14,985] - [INFO] - Training completed.
[2025-10-22 14:48:15,083] - [INFO] - Running evaluation...
[2025-10-22 14:48:15,367] - [INFO] - Evaluation Results:
[2025-10-22 14:48:15,367] - [INFO] - eval_loss: 0.40418028831481934
[2025-10-22 14:48:15,367] - [INFO] - eval_model_preparation_time: 0.0015
[2025-10-22 14:48:15,367] - [INFO] - eval_accuracy: 0.8426966292134831
[2025-10-22 14:48:15,367] - [INFO] - eval_true_accuracy: 0.8635014836795252
[2025-10-22 14:48:15,367] - [INFO] - eval_false_accuracy: 0.47368421052631576
[2025-10-22 14:48:15,367] - [INFO] - eval_runtime: 0.273
[2025-10-22 14:48:15,367] - [INFO] - eval_samples_per_second: 1304.243
[2025-10-22 14:48:15,367] - [INFO] - eval_steps_per_second: 164.862
[2025-10-22 14:48:15,367] - [INFO] - 
=== Running combination ===
[2025-10-22 14:48:15,367] - [INFO] - Over Sampling Ratio: 0.25, Under Sampling Ratio: 0.5
[2025-10-22 14:48:16,934] - [INFO] - Original Train dataset class split: Counter({1: 2122, 0: 57}), with a total of 2179 samples
[2025-10-22 14:48:17,045] - [INFO] - Sampled Train dataset class split: Counter({1: 1061, 0: 530}), with a total of 1591 samples
[2025-10-22 14:48:17,050] - [INFO] - Validation dataset class split: Counter({1: 237, 0: 6}), with a total of 243 samples
[2025-10-22 14:48:17,054] - [INFO] - Test dataset class split: Counter({1: 337, 0: 19}), with a total of 356 samples
19.0
[2025-10-22 14:48:19,006] - [INFO] - Starting training of model (answerability classification).
{'eval_loss': 0.648537814617157, 'eval_accuracy': 0.9670781893004116, 'eval_precision_weighted': 0.9721171526136064, 'eval_recall_weighted': 0.9670781893004116, 'eval_f1_weighted': 0.9693599976085853, 'eval_f1_macro': 0.7058111380145279, 'eval_confusion_matrix': [3, 3, 5, 232], 'eval_runtime': 0.6575, 'eval_samples_per_second': 369.59, 'eval_steps_per_second': 47.149, 'epoch': 0.1}
{'eval_loss': 0.6810844540596008, 'eval_accuracy': 0.8477366255144033, 'eval_precision_weighted': 0.9734915225939937, 'eval_recall_weighted': 0.8477366255144033, 'eval_f1_weighted': 0.8983607106678562, 'eval_f1_macro': 0.5642417486550672, 'eval_confusion_matrix': [5, 1, 36, 201], 'eval_runtime': 0.5829, 'eval_samples_per_second': 416.903, 'eval_steps_per_second': 53.185, 'epoch': 0.19}
{'eval_loss': 0.6780085563659668, 'eval_accuracy': 0.8477366255144033, 'eval_precision_weighted': 0.9734915225939937, 'eval_recall_weighted': 0.8477366255144033, 'eval_f1_weighted': 0.8983607106678562, 'eval_f1_macro': 0.5642417486550672, 'eval_confusion_matrix': [5, 1, 36, 201], 'eval_runtime': 0.2716, 'eval_samples_per_second': 894.694, 'eval_steps_per_second': 114.138, 'epoch': 0.29}
{'eval_loss': 0.6526319980621338, 'eval_accuracy': 0.8806584362139918, 'eval_precision_weighted': 0.9744054299609854, 'eval_recall_weighted': 0.8806584362139918, 'eval_f1_weighted': 0.9183647021081772, 'eval_f1_macro': 0.5957666494579246, 'eval_confusion_matrix': [5, 1, 28, 209], 'eval_runtime': 0.2544, 'eval_samples_per_second': 955.122, 'eval_steps_per_second': 121.847, 'epoch': 0.38}
{'eval_loss': 0.47777843475341797, 'eval_accuracy': 0.9300411522633745, 'eval_precision_weighted': 0.9717987097373063, 'eval_recall_weighted': 0.9300411522633745, 'eval_f1_weighted': 0.9472440480972657, 'eval_f1_macro': 0.6415618221258135, 'eval_confusion_matrix': [4, 2, 15, 222], 'eval_runtime': 0.3363, 'eval_samples_per_second': 722.481, 'eval_steps_per_second': 92.168, 'epoch': 0.48}
{'eval_loss': 0.5142232179641724, 'eval_accuracy': 0.8189300411522634, 'eval_precision_weighted': 0.9728790756568535, 'eval_recall_weighted': 0.8189300411522634, 'eval_f1_weighted': 0.8805441243712849, 'eval_f1_macro': 0.5416666666666666, 'eval_confusion_matrix': [5, 1, 43, 194], 'eval_runtime': 0.2579, 'eval_samples_per_second': 942.372, 'eval_steps_per_second': 120.22, 'epoch': 0.57}
{'eval_loss': 0.2690943479537964, 'eval_accuracy': 0.9259259259259259, 'eval_precision_weighted': 0.9714997508719482, 'eval_recall_weighted': 0.9259259259259259, 'eval_f1_weighted': 0.9447417316982534, 'eval_f1_macro': 0.6342809364548495, 'eval_confusion_matrix': [4, 2, 16, 221], 'eval_runtime': 0.2534, 'eval_samples_per_second': 958.829, 'eval_steps_per_second': 122.32, 'epoch': 0.67}
{'eval_loss': 0.23134301602840424, 'eval_accuracy': 0.9300411522633745, 'eval_precision_weighted': 0.9717987097373063, 'eval_recall_weighted': 0.9300411522633745, 'eval_f1_weighted': 0.9472440480972657, 'eval_f1_macro': 0.6415618221258135, 'eval_confusion_matrix': [4, 2, 15, 222], 'eval_runtime': 0.8252, 'eval_samples_per_second': 294.466, 'eval_steps_per_second': 37.566, 'epoch': 0.76}
{'eval_loss': 0.3034707009792328, 'eval_accuracy': 0.9135802469135802, 'eval_precision_weighted': 0.9757730207271492, 'eval_recall_weighted': 0.9135802469135802, 'eval_f1_weighted': 0.9382593511625771, 'eval_f1_macro': 0.6382133995037221, 'eval_confusion_matrix': [5, 1, 20, 217], 'eval_runtime': 0.3031, 'eval_samples_per_second': 801.655, 'eval_steps_per_second': 102.269, 'epoch': 0.86}
{'eval_loss': 0.2778610289096832, 'eval_accuracy': 0.9176954732510288, 'eval_precision_weighted': 0.9709716572461671, 'eval_recall_weighted': 0.9176954732510288, 'eval_f1_weighted': 0.9397734186671597, 'eval_f1_macro': 0.6210230817217717, 'eval_confusion_matrix': [4, 2, 18, 219], 'eval_runtime': 0.2571, 'eval_samples_per_second': 944.996, 'eval_steps_per_second': 120.555, 'epoch': 0.95}
{'train_runtime': 71.2007, 'train_samples_per_second': 22.345, 'train_steps_per_second': 2.795, 'train_loss': 0.5601460059084485, 'epoch': 1.0}
[2025-10-22 14:49:30,529] - [INFO] - Training completed.
[2025-10-22 14:49:30,574] - [INFO] - Running evaluation...
[2025-10-22 14:49:30,959] - [INFO] - Evaluation Results:
[2025-10-22 14:49:30,959] - [INFO] - eval_loss: 0.6524609327316284
[2025-10-22 14:49:30,959] - [INFO] - eval_model_preparation_time: 0.0015
[2025-10-22 14:49:30,959] - [INFO] - eval_accuracy: 0.9101123595505618
[2025-10-22 14:49:30,959] - [INFO] - eval_true_accuracy: 0.9436201780415431
[2025-10-22 14:49:30,959] - [INFO] - eval_false_accuracy: 0.3157894736842105
[2025-10-22 14:49:30,959] - [INFO] - eval_runtime: 0.377
[2025-10-22 14:49:30,959] - [INFO] - eval_samples_per_second: 944.265
[2025-10-22 14:49:30,959] - [INFO] - eval_steps_per_second: 119.359
[2025-10-22 14:49:30,959] - [INFO] - 
=== Running combination ===
[2025-10-22 14:49:30,959] - [INFO] - Over Sampling Ratio: 0.25, Under Sampling Ratio: 1.0
[2025-10-22 14:49:32,891] - [INFO] - Original Train dataset class split: Counter({1: 2122, 0: 57}), with a total of 2179 samples
[2025-10-22 14:49:34,694] - [INFO] - Sampled Train dataset class split: Counter({1: 2122, 0: 530}), with a total of 2652 samples
[2025-10-22 14:49:34,699] - [INFO] - Validation dataset class split: Counter({1: 237, 0: 6}), with a total of 243 samples
[2025-10-22 14:49:34,703] - [INFO] - Test dataset class split: Counter({1: 337, 0: 19}), with a total of 356 samples
33.0
[2025-10-22 14:49:36,608] - [INFO] - Starting training of model (answerability classification).
{'eval_loss': 0.32041090726852417, 'eval_accuracy': 0.9588477366255144, 'eval_precision_weighted': 0.9648804833201997, 'eval_recall_weighted': 0.9588477366255144, 'eval_f1_weighted': 0.9616999970107315, 'eval_f1_macro': 0.6322639225181598, 'eval_confusion_matrix': [2, 4, 6, 231], 'eval_runtime': 0.3312, 'eval_samples_per_second': 733.757, 'eval_steps_per_second': 93.607, 'epoch': 0.1}
{'eval_loss': 0.435846745967865, 'eval_accuracy': 0.897119341563786, 'eval_precision_weighted': 0.9750082556506448, 'eval_recall_weighted': 0.897119341563786, 'eval_f1_weighted': 0.9282996437467983, 'eval_f1_macro': 0.6151409566043713, 'eval_confusion_matrix': [5, 1, 24, 213], 'eval_runtime': 0.6883, 'eval_samples_per_second': 353.043, 'eval_steps_per_second': 45.038, 'epoch': 0.2}
{'eval_loss': 0.3040274679660797, 'eval_accuracy': 0.8930041152263375, 'eval_precision_weighted': 0.9748449545006665, 'eval_recall_weighted': 0.8930041152263375, 'eval_f1_weighted': 0.9258161865569272, 'eval_f1_macro': 0.61, 'eval_confusion_matrix': [5, 1, 25, 212], 'eval_runtime': 0.6088, 'eval_samples_per_second': 399.128, 'eval_steps_per_second': 50.918, 'epoch': 0.3}
{'eval_loss': 0.1422252058982849, 'eval_accuracy': 0.9794238683127572, 'eval_precision_weighted': 0.97782965037867, 'eval_recall_weighted': 0.9794238683127572, 'eval_f1_weighted': 0.9785102486856873, 'eval_f1_macro': 0.7674641148325358, 'eval_confusion_matrix': [3, 3, 2, 235], 'eval_runtime': 0.29, 'eval_samples_per_second': 837.999, 'eval_steps_per_second': 106.905, 'epoch': 0.4}
{'eval_loss': 0.09547341614961624, 'eval_accuracy': 0.9711934156378601, 'eval_precision_weighted': 0.982328069971748, 'eval_recall_weighted': 0.9711934156378601, 'eval_f1_weighted': 0.9752761248225105, 'eval_f1_macro': 0.7866549604916593, 'eval_confusion_matrix': [5, 1, 6, 231], 'eval_runtime': 0.4583, 'eval_samples_per_second': 530.272, 'eval_steps_per_second': 67.648, 'epoch': 0.5}
{'eval_loss': 0.15293125808238983, 'eval_accuracy': 0.9794238683127572, 'eval_precision_weighted': 0.9848580774506701, 'eval_recall_weighted': 0.9794238683127572, 'eval_f1_weighted': 0.981415952399675, 'eval_f1_macro': 0.8280254777070064, 'eval_confusion_matrix': [5, 1, 4, 233], 'eval_runtime': 0.3239, 'eval_samples_per_second': 750.295, 'eval_steps_per_second': 95.717, 'epoch': 0.6}
{'eval_loss': 0.16588398814201355, 'eval_accuracy': 0.9794238683127572, 'eval_precision_weighted': 0.9848580774506701, 'eval_recall_weighted': 0.9794238683127572, 'eval_f1_weighted': 0.981415952399675, 'eval_f1_macro': 0.8280254777070064, 'eval_confusion_matrix': [5, 1, 4, 233], 'eval_runtime': 0.3667, 'eval_samples_per_second': 662.683, 'eval_steps_per_second': 84.54, 'epoch': 0.7}
{'eval_loss': 0.1876586526632309, 'eval_accuracy': 0.9753086419753086, 'eval_precision_weighted': 0.9834684469877603, 'eval_recall_weighted': 0.9753086419753086, 'eval_f1_weighted': 0.9782899921197793, 'eval_f1_macro': 0.8061170212765958, 'eval_confusion_matrix': [5, 1, 5, 232], 'eval_runtime': 0.251, 'eval_samples_per_second': 968.057, 'eval_steps_per_second': 123.497, 'epoch': 0.8}
{'eval_loss': 0.14727579057216644, 'eval_accuracy': 0.9794238683127572, 'eval_precision_weighted': 0.9848580774506701, 'eval_recall_weighted': 0.9794238683127572, 'eval_f1_weighted': 0.981415952399675, 'eval_f1_macro': 0.8280254777070064, 'eval_confusion_matrix': [5, 1, 4, 233], 'eval_runtime': 0.9314, 'eval_samples_per_second': 260.895, 'eval_steps_per_second': 33.283, 'epoch': 0.89}
{'eval_loss': 0.18157239258289337, 'eval_accuracy': 0.9794238683127572, 'eval_precision_weighted': 0.9848580774506701, 'eval_recall_weighted': 0.9794238683127572, 'eval_f1_weighted': 0.981415952399675, 'eval_f1_macro': 0.8280254777070064, 'eval_confusion_matrix': [5, 1, 4, 233], 'eval_runtime': 0.7532, 'eval_samples_per_second': 322.611, 'eval_steps_per_second': 41.156, 'epoch': 0.99}
{'train_runtime': 53.604, 'train_samples_per_second': 49.474, 'train_steps_per_second': 6.194, 'train_loss': 0.44505029701324833, 'epoch': 1.0}
[2025-10-22 14:50:30,678] - [INFO] - Training completed.
[2025-10-22 14:50:30,719] - [INFO] - Running evaluation...
[2025-10-22 14:50:30,965] - [INFO] - Evaluation Results:
[2025-10-22 14:50:30,965] - [INFO] - eval_loss: 0.1709236353635788
[2025-10-22 14:50:30,965] - [INFO] - eval_model_preparation_time: 0.0015
[2025-10-22 14:50:30,965] - [INFO] - eval_accuracy: 0.9410112359550562
[2025-10-22 14:50:30,965] - [INFO] - eval_true_accuracy: 0.9762611275964391
[2025-10-22 14:50:30,965] - [INFO] - eval_false_accuracy: 0.3157894736842105
[2025-10-22 14:50:30,965] - [INFO] - eval_runtime: 0.2293
[2025-10-22 14:50:30,965] - [INFO] - eval_samples_per_second: 1552.8
[2025-10-22 14:50:30,965] - [INFO] - eval_steps_per_second: 196.281
[2025-10-22 14:50:30,965] - [INFO] - 
=== Running combination ===
[2025-10-22 14:50:30,965] - [INFO] - Over Sampling Ratio: 0.5, Under Sampling Ratio: 0.0
[2025-10-22 14:50:38,422] - [INFO] - Original Train dataset class split: Counter({1: 2122, 0: 57}), with a total of 2179 samples
[2025-10-22 14:50:41,022] - [INFO] - Sampled Train dataset class split: Counter({1: 2122, 0: 1061}), with a total of 3183 samples
[2025-10-22 14:50:41,027] - [INFO] - Validation dataset class split: Counter({1: 237, 0: 6}), with a total of 243 samples
[2025-10-22 14:50:41,030] - [INFO] - Test dataset class split: Counter({1: 337, 0: 19}), with a total of 356 samples
39.0
[2025-10-22 14:50:43,551] - [INFO] - Starting training of model (answerability classification).
{'eval_loss': 0.5076976418495178, 'eval_accuracy': 0.7818930041152263, 'eval_precision_weighted': 0.972230955724636, 'eval_recall_weighted': 0.7818930041152263, 'eval_f1_weighted': 0.8570261131332843, 'eval_f1_macro': 0.5167173252279635, 'eval_confusion_matrix': [5, 1, 52, 185], 'eval_runtime': 0.7765, 'eval_samples_per_second': 312.938, 'eval_steps_per_second': 39.922, 'epoch': 0.1}
{'eval_loss': 0.2258581519126892, 'eval_accuracy': 0.9465020576131687, 'eval_precision_weighted': 0.9733376651505306, 'eval_recall_weighted': 0.9465020576131687, 'eval_f1_weighted': 0.9574481803872484, 'eval_f1_macro': 0.6764976958525346, 'eval_confusion_matrix': [4, 2, 11, 226], 'eval_runtime': 0.6723, 'eval_samples_per_second': 361.453, 'eval_steps_per_second': 46.111, 'epoch': 0.2}
{'eval_loss': 0.2516358494758606, 'eval_accuracy': 0.9300411522633745, 'eval_precision_weighted': 0.9717987097373063, 'eval_recall_weighted': 0.9300411522633745, 'eval_f1_weighted': 0.9472440480972657, 'eval_f1_macro': 0.6415618221258135, 'eval_confusion_matrix': [4, 2, 15, 222], 'eval_runtime': 0.4885, 'eval_samples_per_second': 497.404, 'eval_steps_per_second': 63.455, 'epoch': 0.29}
{'eval_loss': 0.1949438899755478, 'eval_accuracy': 0.9588477366255144, 'eval_precision_weighted': 0.9750948639837528, 'eval_recall_weighted': 0.9588477366255144, 'eval_f1_weighted': 0.9654426506278357, 'eval_f1_macro': 0.7115384615384615, 'eval_confusion_matrix': [4, 2, 8, 229], 'eval_runtime': 0.4553, 'eval_samples_per_second': 533.741, 'eval_steps_per_second': 68.09, 'epoch': 0.39}
{'eval_loss': 0.20299109816551208, 'eval_accuracy': 0.9629629629629629, 'eval_precision_weighted': 0.9758794845001743, 'eval_recall_weighted': 0.9629629629629629, 'eval_f1_weighted': 0.9682121604860848, 'eval_f1_macro': 0.7256992349178477, 'eval_confusion_matrix': [4, 2, 7, 230], 'eval_runtime': 0.595, 'eval_samples_per_second': 408.416, 'eval_steps_per_second': 52.102, 'epoch': 0.49}
{'eval_loss': 0.15868337452411652, 'eval_accuracy': 0.9753086419753086, 'eval_precision_weighted': 0.9793538219070134, 'eval_recall_weighted': 0.9753086419753086, 'eval_f1_weighted': 0.9770199982064388, 'eval_f1_macro': 0.7793583535108959, 'eval_confusion_matrix': [4, 2, 4, 233], 'eval_runtime': 1.1511, 'eval_samples_per_second': 211.111, 'eval_steps_per_second': 26.932, 'epoch': 0.59}
{'eval_loss': 0.13379055261611938, 'eval_accuracy': 0.9794238683127572, 'eval_precision_weighted': 0.9811526619436224, 'eval_recall_weighted': 0.9794238683127572, 'eval_f1_weighted': 0.9801935073252902, 'eval_f1_macro': 0.8024068954301513, 'eval_confusion_matrix': [4, 2, 3, 234], 'eval_runtime': 0.7049, 'eval_samples_per_second': 344.707, 'eval_steps_per_second': 43.975, 'epoch': 0.69}
{'eval_loss': 0.11658060550689697, 'eval_accuracy': 0.9753086419753086, 'eval_precision_weighted': 0.9876543209876543, 'eval_recall_weighted': 0.9753086419753086, 'eval_f1_weighted': 0.9792655903767016, 'eval_f1_macro': 0.8269230769230769, 'eval_confusion_matrix': [6, 0, 6, 231], 'eval_runtime': 0.7595, 'eval_samples_per_second': 319.927, 'eval_steps_per_second': 40.814, 'epoch': 0.78}
{'eval_loss': 0.11218228936195374, 'eval_accuracy': 0.9835390946502057, 'eval_precision_weighted': 0.9901234567901235, 'eval_recall_weighted': 0.9835390946502057, 'eval_f1_weighted': 0.9855266614131862, 'eval_f1_macro': 0.8707446808510638, 'eval_confusion_matrix': [6, 0, 4, 233], 'eval_runtime': 0.9286, 'eval_samples_per_second': 261.689, 'eval_steps_per_second': 33.384, 'epoch': 0.88}
{'eval_loss': 0.11587462574243546, 'eval_accuracy': 0.9835390946502057, 'eval_precision_weighted': 0.9901234567901235, 'eval_recall_weighted': 0.9835390946502057, 'eval_f1_weighted': 0.9855266614131862, 'eval_f1_macro': 0.8707446808510638, 'eval_confusion_matrix': [6, 0, 4, 233], 'eval_runtime': 0.962, 'eval_samples_per_second': 252.59, 'eval_steps_per_second': 32.223, 'epoch': 0.98}
{'train_runtime': 51.1519, 'train_samples_per_second': 62.226, 'train_steps_per_second': 7.781, 'train_loss': 0.3439711374254083, 'epoch': 1.0}
[2025-10-22 14:51:34,956] - [INFO] - Training completed.
[2025-10-22 14:51:34,994] - [INFO] - Running evaluation...
[2025-10-22 14:51:35,240] - [INFO] - Evaluation Results:
[2025-10-22 14:51:35,240] - [INFO] - eval_loss: 0.182133749127388
[2025-10-22 14:51:35,240] - [INFO] - eval_model_preparation_time: 0.0015
[2025-10-22 14:51:35,240] - [INFO] - eval_accuracy: 0.9634831460674157
[2025-10-22 14:51:35,240] - [INFO] - eval_true_accuracy: 0.973293768545994
[2025-10-22 14:51:35,240] - [INFO] - eval_false_accuracy: 0.7894736842105263
[2025-10-22 14:51:35,240] - [INFO] - eval_runtime: 0.2277
[2025-10-22 14:51:35,240] - [INFO] - eval_samples_per_second: 1563.345
[2025-10-22 14:51:35,240] - [INFO] - eval_steps_per_second: 197.614
[2025-10-22 14:51:35,240] - [INFO] - 
=== Running combination ===
[2025-10-22 14:51:35,240] - [INFO] - Over Sampling Ratio: 0.5, Under Sampling Ratio: 0.25
[2025-10-22 14:51:39,410] - [INFO] - Original Train dataset class split: Counter({1: 2122, 0: 57}), with a total of 2179 samples
[2025-10-22 14:51:39,858] - [INFO] - Sampled Train dataset class split: Counter({0: 1061, 1: 530}), with a total of 1591 samples
[2025-10-22 14:51:39,863] - [INFO] - Validation dataset class split: Counter({1: 237, 0: 6}), with a total of 243 samples
[2025-10-22 14:51:39,866] - [INFO] - Test dataset class split: Counter({1: 337, 0: 19}), with a total of 356 samples
19.0
[2025-10-22 14:51:41,988] - [INFO] - Starting training of model (answerability classification).
{'eval_loss': 0.8315492272377014, 'eval_accuracy': 0.024691358024691357, 'eval_precision_weighted': 0.0006096631611034903, 'eval_recall_weighted': 0.024691358024691357, 'eval_f1_weighted': 0.0011899449650453668, 'eval_f1_macro': 0.024096385542168676, 'eval_confusion_matrix': [6, 0, 237, 0], 'eval_runtime': 0.763, 'eval_samples_per_second': 318.498, 'eval_steps_per_second': 40.631, 'epoch': 0.1}
{'eval_loss': 0.9001612067222595, 'eval_accuracy': 0.024691358024691357, 'eval_precision_weighted': 0.0006096631611034903, 'eval_recall_weighted': 0.024691358024691357, 'eval_f1_weighted': 0.0011899449650453668, 'eval_f1_macro': 0.024096385542168676, 'eval_confusion_matrix': [6, 0, 237, 0], 'eval_runtime': 1.4881, 'eval_samples_per_second': 163.294, 'eval_steps_per_second': 20.832, 'epoch': 0.19}
{'eval_loss': 0.7594544291496277, 'eval_accuracy': 0.448559670781893, 'eval_precision_weighted': 0.9669146026633949, 'eval_recall_weighted': 0.448559670781893, 'eval_f1_weighted': 0.5948848458595047, 'eval_f1_macro': 0.3388157894736842, 'eval_confusion_matrix': [5, 1, 133, 104], 'eval_runtime': 1.8353, 'eval_samples_per_second': 132.401, 'eval_steps_per_second': 16.891, 'epoch': 0.29}
{'eval_loss': 0.3202485144138336, 'eval_accuracy': 0.897119341563786, 'eval_precision_weighted': 0.9750082556506448, 'eval_recall_weighted': 0.897119341563786, 'eval_f1_weighted': 0.9282996437467983, 'eval_f1_macro': 0.6151409566043713, 'eval_confusion_matrix': [5, 1, 24, 213], 'eval_runtime': 0.5404, 'eval_samples_per_second': 449.644, 'eval_steps_per_second': 57.362, 'epoch': 0.38}
{'eval_loss': 0.48214131593704224, 'eval_accuracy': 0.8148148148148148, 'eval_precision_weighted': 0.9728008041704654, 'eval_recall_weighted': 0.8148148148148148, 'eval_f1_weighted': 0.8779676111462654, 'eval_f1_macro': 0.5387049145749842, 'eval_confusion_matrix': [5, 1, 44, 193], 'eval_runtime': 0.8108, 'eval_samples_per_second': 299.693, 'eval_steps_per_second': 38.232, 'epoch': 0.48}
{'eval_loss': 0.327293336391449, 'eval_accuracy': 0.8724279835390947, 'eval_precision_weighted': 0.9793126459793127, 'eval_recall_weighted': 0.8724279835390947, 'eval_f1_weighted': 0.9139496645752443, 'eval_f1_macro': 0.6045461704026458, 'eval_confusion_matrix': [6, 0, 31, 206], 'eval_runtime': 0.4712, 'eval_samples_per_second': 515.659, 'eval_steps_per_second': 65.784, 'epoch': 0.57}
{'eval_loss': 0.14593012630939484, 'eval_accuracy': 0.9506172839506173, 'eval_precision_weighted': 0.9835390946502057, 'eval_recall_weighted': 0.9506172839506173, 'eval_f1_weighted': 0.9623216289882957, 'eval_f1_macro': 0.737012987012987, 'eval_confusion_matrix': [6, 0, 12, 225], 'eval_runtime': 0.5801, 'eval_samples_per_second': 418.922, 'eval_steps_per_second': 53.443, 'epoch': 0.67}
{'eval_loss': 0.1455291360616684, 'eval_accuracy': 0.9547325102880658, 'eval_precision_weighted': 0.9840232389251997, 'eval_recall_weighted': 0.9547325102880658, 'eval_f1_weighted': 0.9650196100254008, 'eval_f1_macro': 0.7489905155413654, 'eval_confusion_matrix': [6, 0, 11, 226], 'eval_runtime': 0.581, 'eval_samples_per_second': 418.255, 'eval_steps_per_second': 53.358, 'epoch': 0.76}
{'eval_loss': 0.1992788463830948, 'eval_accuracy': 0.9506172839506173, 'eval_precision_weighted': 0.9835390946502057, 'eval_recall_weighted': 0.9506172839506173, 'eval_f1_weighted': 0.9623216289882957, 'eval_f1_macro': 0.737012987012987, 'eval_confusion_matrix': [6, 0, 12, 225], 'eval_runtime': 1.0059, 'eval_samples_per_second': 241.573, 'eval_steps_per_second': 30.818, 'epoch': 0.86}
{'eval_loss': 0.21955789625644684, 'eval_accuracy': 0.9423868312757202, 'eval_precision_weighted': 0.9827160493827161, 'eval_recall_weighted': 0.9423868312757202, 'eval_f1_weighted': 0.9570213468764193, 'eval_f1_macro': 0.715551839464883, 'eval_confusion_matrix': [6, 0, 14, 223], 'eval_runtime': 0.882, 'eval_samples_per_second': 275.512, 'eval_steps_per_second': 35.148, 'epoch': 0.95}
{'train_runtime': 47.4819, 'train_samples_per_second': 33.508, 'train_steps_per_second': 4.191, 'train_loss': 0.4245067193879554, 'epoch': 1.0}
[2025-10-22 14:52:29,743] - [INFO] - Training completed.
[2025-10-22 14:52:29,783] - [INFO] - Running evaluation...
[2025-10-22 14:52:30,252] - [INFO] - Evaluation Results:
[2025-10-22 14:52:30,252] - [INFO] - eval_loss: 0.21620306372642517
[2025-10-22 14:52:30,252] - [INFO] - eval_model_preparation_time: 0.0015
[2025-10-22 14:52:30,252] - [INFO] - eval_accuracy: 0.9353932584269663
[2025-10-22 14:52:30,252] - [INFO] - eval_true_accuracy: 0.9406528189910979
[2025-10-22 14:52:30,252] - [INFO] - eval_false_accuracy: 0.8421052631578947
[2025-10-22 14:52:30,252] - [INFO] - eval_runtime: 0.4381
[2025-10-22 14:52:30,252] - [INFO] - eval_samples_per_second: 812.535
[2025-10-22 14:52:30,252] - [INFO] - eval_steps_per_second: 102.708
[2025-10-22 14:52:30,252] - [INFO] - 
=== Running combination ===
[2025-10-22 14:52:30,252] - [INFO] - Over Sampling Ratio: 0.5, Under Sampling Ratio: 0.5
[2025-10-22 14:52:32,728] - [INFO] - Original Train dataset class split: Counter({1: 2122, 0: 57}), with a total of 2179 samples
[2025-10-22 14:52:32,843] - [INFO] - Sampled Train dataset class split: Counter({1: 1061, 0: 1061}), with a total of 2122 samples
[2025-10-22 14:52:32,848] - [INFO] - Validation dataset class split: Counter({1: 237, 0: 6}), with a total of 243 samples
[2025-10-22 14:52:32,851] - [INFO] - Test dataset class split: Counter({1: 337, 0: 19}), with a total of 356 samples
26.0
[2025-10-22 14:52:34,834] - [INFO] - Starting training of model (answerability classification).
{'eval_loss': 0.7167928814888, 'eval_accuracy': 0.024691358024691357, 'eval_precision_weighted': 0.0006096631611034903, 'eval_recall_weighted': 0.024691358024691357, 'eval_f1_weighted': 0.0011899449650453668, 'eval_f1_macro': 0.024096385542168676, 'eval_confusion_matrix': [6, 0, 237, 0], 'eval_runtime': 0.558, 'eval_samples_per_second': 435.498, 'eval_steps_per_second': 55.557, 'epoch': 0.1}
{'eval_loss': 0.3655600845813751, 'eval_accuracy': 0.8888888888888888, 'eval_precision_weighted': 0.9746906066139176, 'eval_recall_weighted': 0.8888888888888888, 'eval_f1_weighted': 0.9233331326872529, 'eval_f1_macro': 0.605068319990369, 'eval_confusion_matrix': [5, 1, 26, 211], 'eval_runtime': 0.2593, 'eval_samples_per_second': 937.107, 'eval_steps_per_second': 119.549, 'epoch': 0.2}
{'eval_loss': 0.6217353940010071, 'eval_accuracy': 0.7448559670781894, 'eval_precision_weighted': 0.9716689810851771, 'eval_recall_weighted': 0.7448559670781894, 'eval_f1_weighted': 0.8326772827577981, 'eval_f1_macro': 0.4945652173913043, 'eval_confusion_matrix': [5, 1, 61, 176], 'eval_runtime': 0.3129, 'eval_samples_per_second': 776.592, 'eval_steps_per_second': 99.071, 'epoch': 0.29}
{'eval_loss': 0.3954681158065796, 'eval_accuracy': 0.9176954732510288, 'eval_precision_weighted': 0.9759992107785105, 'eval_recall_weighted': 0.9176954732510288, 'eval_f1_weighted': 0.9407623998267273, 'eval_f1_macro': 0.6447368421052632, 'eval_confusion_matrix': [5, 1, 19, 218], 'eval_runtime': 0.4737, 'eval_samples_per_second': 513.026, 'eval_steps_per_second': 65.448, 'epoch': 0.39}
{'eval_loss': 0.20251481235027313, 'eval_accuracy': 0.9465020576131687, 'eval_precision_weighted': 0.9831059129304743, 'eval_recall_weighted': 0.9465020576131687, 'eval_f1_weighted': 0.9596572132508502, 'eval_f1_macro': 0.7259002169197397, 'eval_confusion_matrix': [6, 0, 13, 224], 'eval_runtime': 2.4389, 'eval_samples_per_second': 99.636, 'eval_steps_per_second': 12.711, 'epoch': 0.49}
{'eval_loss': 0.1999698281288147, 'eval_accuracy': 0.9588477366255144, 'eval_precision_weighted': 0.9845679012345679, 'eval_recall_weighted': 0.9588477366255144, 'eval_f1_weighted': 0.9677570726421302, 'eval_f1_macro': 0.7619514106583072, 'eval_confusion_matrix': [6, 0, 10, 227], 'eval_runtime': 0.8285, 'eval_samples_per_second': 293.299, 'eval_steps_per_second': 37.417, 'epoch': 0.59}
{'eval_loss': 0.09657149016857147, 'eval_accuracy': 0.9794238683127572, 'eval_precision_weighted': 0.9811526619436224, 'eval_recall_weighted': 0.9794238683127572, 'eval_f1_weighted': 0.9801935073252902, 'eval_f1_macro': 0.8024068954301513, 'eval_confusion_matrix': [4, 2, 3, 234], 'eval_runtime': 0.792, 'eval_samples_per_second': 306.817, 'eval_steps_per_second': 39.141, 'epoch': 0.68}
{'eval_loss': 0.1312749981880188, 'eval_accuracy': 0.9670781893004116, 'eval_precision_weighted': 0.9858906525573192, 'eval_recall_weighted': 0.9670781893004116, 'eval_f1_weighted': 0.9733799607905473, 'eval_f1_macro': 0.7914163090128755, 'eval_confusion_matrix': [6, 0, 8, 229], 'eval_runtime': 0.3085, 'eval_samples_per_second': 787.606, 'eval_steps_per_second': 100.476, 'epoch': 0.78}
{'eval_loss': 0.08096190541982651, 'eval_accuracy': 0.9876543209876543, 'eval_precision_weighted': 0.9917695473251029, 'eval_recall_weighted': 0.9876543209876543, 'eval_f1_weighted': 0.988849571439805, 'eval_f1_macro': 0.8968152866242038, 'eval_confusion_matrix': [6, 0, 3, 234], 'eval_runtime': 0.3392, 'eval_samples_per_second': 716.331, 'eval_steps_per_second': 91.384, 'epoch': 0.88}
{'eval_loss': 0.08009731769561768, 'eval_accuracy': 0.9876543209876543, 'eval_precision_weighted': 0.9917695473251029, 'eval_recall_weighted': 0.9876543209876543, 'eval_f1_weighted': 0.988849571439805, 'eval_f1_macro': 0.8968152866242038, 'eval_confusion_matrix': [6, 0, 3, 234], 'eval_runtime': 1.4893, 'eval_samples_per_second': 163.168, 'eval_steps_per_second': 20.816, 'epoch': 0.98}
{'train_runtime': 45.9993, 'train_samples_per_second': 46.131, 'train_steps_per_second': 5.783, 'train_loss': 0.33363789723331766, 'epoch': 1.0}
[2025-10-22 14:53:21,145] - [INFO] - Training completed.
[2025-10-22 14:53:21,189] - [INFO] - Running evaluation...
[2025-10-22 14:53:21,519] - [INFO] - Evaluation Results:
[2025-10-22 14:53:21,519] - [INFO] - eval_loss: 0.21031153202056885
[2025-10-22 14:53:21,519] - [INFO] - eval_model_preparation_time: 0.0016
[2025-10-22 14:53:21,519] - [INFO] - eval_accuracy: 0.9606741573033708
[2025-10-22 14:53:21,519] - [INFO] - eval_true_accuracy: 0.973293768545994
[2025-10-22 14:53:21,519] - [INFO] - eval_false_accuracy: 0.7368421052631579
[2025-10-22 14:53:21,519] - [INFO] - eval_runtime: 0.322
[2025-10-22 14:53:21,519] - [INFO] - eval_samples_per_second: 1105.685
[2025-10-22 14:53:21,519] - [INFO] - eval_steps_per_second: 139.764
[2025-10-22 14:53:21,519] - [INFO] - 
=== Running combination ===
[2025-10-22 14:53:21,519] - [INFO] - Over Sampling Ratio: 0.5, Under Sampling Ratio: 1.0
[2025-10-22 14:53:27,055] - [INFO] - Original Train dataset class split: Counter({1: 2122, 0: 57}), with a total of 2179 samples
[2025-10-22 14:53:27,196] - [INFO] - Sampled Train dataset class split: Counter({1: 2122, 0: 1061}), with a total of 3183 samples
[2025-10-22 14:53:27,201] - [INFO] - Validation dataset class split: Counter({1: 237, 0: 6}), with a total of 243 samples
[2025-10-22 14:53:27,204] - [INFO] - Test dataset class split: Counter({1: 337, 0: 19}), with a total of 356 samples
39.0
[2025-10-22 14:53:30,820] - [INFO] - Starting training of model (answerability classification).
{'eval_loss': 0.5076976418495178, 'eval_accuracy': 0.7818930041152263, 'eval_precision_weighted': 0.972230955724636, 'eval_recall_weighted': 0.7818930041152263, 'eval_f1_weighted': 0.8570261131332843, 'eval_f1_macro': 0.5167173252279635, 'eval_confusion_matrix': [5, 1, 52, 185], 'eval_runtime': 0.855, 'eval_samples_per_second': 284.199, 'eval_steps_per_second': 36.256, 'epoch': 0.1}
{'eval_loss': 0.2258581519126892, 'eval_accuracy': 0.9465020576131687, 'eval_precision_weighted': 0.9733376651505306, 'eval_recall_weighted': 0.9465020576131687, 'eval_f1_weighted': 0.9574481803872484, 'eval_f1_macro': 0.6764976958525346, 'eval_confusion_matrix': [4, 2, 11, 226], 'eval_runtime': 0.5173, 'eval_samples_per_second': 469.717, 'eval_steps_per_second': 59.923, 'epoch': 0.2}
{'eval_loss': 0.2516358494758606, 'eval_accuracy': 0.9300411522633745, 'eval_precision_weighted': 0.9717987097373063, 'eval_recall_weighted': 0.9300411522633745, 'eval_f1_weighted': 0.9472440480972657, 'eval_f1_macro': 0.6415618221258135, 'eval_confusion_matrix': [4, 2, 15, 222], 'eval_runtime': 0.59, 'eval_samples_per_second': 411.885, 'eval_steps_per_second': 52.545, 'epoch': 0.29}
{'eval_loss': 0.1949438899755478, 'eval_accuracy': 0.9588477366255144, 'eval_precision_weighted': 0.9750948639837528, 'eval_recall_weighted': 0.9588477366255144, 'eval_f1_weighted': 0.9654426506278357, 'eval_f1_macro': 0.7115384615384615, 'eval_confusion_matrix': [4, 2, 8, 229], 'eval_runtime': 0.4715, 'eval_samples_per_second': 515.402, 'eval_steps_per_second': 65.751, 'epoch': 0.39}
{'eval_loss': 0.20299109816551208, 'eval_accuracy': 0.9629629629629629, 'eval_precision_weighted': 0.9758794845001743, 'eval_recall_weighted': 0.9629629629629629, 'eval_f1_weighted': 0.9682121604860848, 'eval_f1_macro': 0.7256992349178477, 'eval_confusion_matrix': [4, 2, 7, 230], 'eval_runtime': 0.9082, 'eval_samples_per_second': 267.56, 'eval_steps_per_second': 34.133, 'epoch': 0.49}
{'eval_loss': 0.15868337452411652, 'eval_accuracy': 0.9753086419753086, 'eval_precision_weighted': 0.9793538219070134, 'eval_recall_weighted': 0.9753086419753086, 'eval_f1_weighted': 0.9770199982064388, 'eval_f1_macro': 0.7793583535108959, 'eval_confusion_matrix': [4, 2, 4, 233], 'eval_runtime': 0.6752, 'eval_samples_per_second': 359.869, 'eval_steps_per_second': 45.909, 'epoch': 0.59}
{'eval_loss': 0.13379055261611938, 'eval_accuracy': 0.9794238683127572, 'eval_precision_weighted': 0.9811526619436224, 'eval_recall_weighted': 0.9794238683127572, 'eval_f1_weighted': 0.9801935073252902, 'eval_f1_macro': 0.8024068954301513, 'eval_confusion_matrix': [4, 2, 3, 234], 'eval_runtime': 1.1814, 'eval_samples_per_second': 205.683, 'eval_steps_per_second': 26.239, 'epoch': 0.69}
{'eval_loss': 0.11658060550689697, 'eval_accuracy': 0.9753086419753086, 'eval_precision_weighted': 0.9876543209876543, 'eval_recall_weighted': 0.9753086419753086, 'eval_f1_weighted': 0.9792655903767016, 'eval_f1_macro': 0.8269230769230769, 'eval_confusion_matrix': [6, 0, 6, 231], 'eval_runtime': 0.416, 'eval_samples_per_second': 584.084, 'eval_steps_per_second': 74.513, 'epoch': 0.78}
{'eval_loss': 0.11218228936195374, 'eval_accuracy': 0.9835390946502057, 'eval_precision_weighted': 0.9901234567901235, 'eval_recall_weighted': 0.9835390946502057, 'eval_f1_weighted': 0.9855266614131862, 'eval_f1_macro': 0.8707446808510638, 'eval_confusion_matrix': [6, 0, 4, 233], 'eval_runtime': 0.7081, 'eval_samples_per_second': 343.159, 'eval_steps_per_second': 43.777, 'epoch': 0.88}
{'eval_loss': 0.11587462574243546, 'eval_accuracy': 0.9835390946502057, 'eval_precision_weighted': 0.9901234567901235, 'eval_recall_weighted': 0.9835390946502057, 'eval_f1_weighted': 0.9855266614131862, 'eval_f1_macro': 0.8707446808510638, 'eval_confusion_matrix': [6, 0, 4, 233], 'eval_runtime': 0.2232, 'eval_samples_per_second': 1088.931, 'eval_steps_per_second': 138.917, 'epoch': 0.98}
{'train_runtime': 50.3234, 'train_samples_per_second': 63.251, 'train_steps_per_second': 7.909, 'train_loss': 0.3439711374254083, 'epoch': 1.0}
[2025-10-22 14:54:21,484] - [INFO] - Training completed.
[2025-10-22 14:54:21,527] - [INFO] - Running evaluation...
[2025-10-22 14:54:21,795] - [INFO] - Evaluation Results:
[2025-10-22 14:54:21,795] - [INFO] - eval_loss: 0.182133749127388
[2025-10-22 14:54:21,795] - [INFO] - eval_model_preparation_time: 0.0015
[2025-10-22 14:54:21,795] - [INFO] - eval_accuracy: 0.9634831460674157
[2025-10-22 14:54:21,795] - [INFO] - eval_true_accuracy: 0.973293768545994
[2025-10-22 14:54:21,795] - [INFO] - eval_false_accuracy: 0.7894736842105263
[2025-10-22 14:54:21,795] - [INFO] - eval_runtime: 0.2283
[2025-10-22 14:54:21,795] - [INFO] - eval_samples_per_second: 1559.488
[2025-10-22 14:54:21,795] - [INFO] - eval_steps_per_second: 197.126
[2025-10-22 14:54:21,795] - [INFO] - 
=== Running combination ===
[2025-10-22 14:54:21,795] - [INFO] - Over Sampling Ratio: 1.0, Under Sampling Ratio: 0.0
[2025-10-22 14:54:24,214] - [INFO] - Original Train dataset class split: Counter({1: 2122, 0: 57}), with a total of 2179 samples
[2025-10-22 14:54:24,359] - [INFO] - Sampled Train dataset class split: Counter({1: 2122, 0: 2122}), with a total of 4244 samples
[2025-10-22 14:54:24,365] - [INFO] - Validation dataset class split: Counter({1: 237, 0: 6}), with a total of 243 samples
[2025-10-22 14:54:24,368] - [INFO] - Test dataset class split: Counter({1: 337, 0: 19}), with a total of 356 samples
53.0
[2025-10-22 14:54:26,619] - [INFO] - Starting training of model (answerability classification).
{'eval_loss': 0.7920582294464111, 'eval_accuracy': 0.5720164609053497, 'eval_precision_weighted': 0.97665544332211, 'eval_recall_weighted': 0.5720164609053497, 'eval_f1_weighted': 0.7037221129175152, 'eval_f1_macro': 0.4111835973904939, 'eval_confusion_matrix': [6, 0, 104, 133], 'eval_runtime': 0.3532, 'eval_samples_per_second': 687.932, 'eval_steps_per_second': 87.761, 'epoch': 0.1}
{'eval_loss': 0.16604498028755188, 'eval_accuracy': 0.9465020576131687, 'eval_precision_weighted': 0.9831059129304743, 'eval_recall_weighted': 0.9465020576131687, 'eval_f1_weighted': 0.9596572132508502, 'eval_f1_macro': 0.7259002169197397, 'eval_confusion_matrix': [6, 0, 13, 224], 'eval_runtime': 0.9294, 'eval_samples_per_second': 261.458, 'eval_steps_per_second': 33.355, 'epoch': 0.2}
{'eval_loss': 0.13483156263828278, 'eval_accuracy': 0.9711934156378601, 'eval_precision_weighted': 0.9867046533713201, 'eval_recall_weighted': 0.9711934156378601, 'eval_f1_weighted': 0.976283996532691, 'eval_f1_macro': 0.8082948270032684, 'eval_confusion_matrix': [6, 0, 7, 230], 'eval_runtime': 0.4868, 'eval_samples_per_second': 499.171, 'eval_steps_per_second': 63.68, 'epoch': 0.3}
{'eval_loss': 0.16126097738742828, 'eval_accuracy': 0.9711934156378601, 'eval_precision_weighted': 0.9867046533713201, 'eval_recall_weighted': 0.9711934156378601, 'eval_f1_weighted': 0.976283996532691, 'eval_f1_macro': 0.8082948270032684, 'eval_confusion_matrix': [6, 0, 7, 230], 'eval_runtime': 0.8643, 'eval_samples_per_second': 281.149, 'eval_steps_per_second': 35.867, 'epoch': 0.4}
{'eval_loss': 0.10868339985609055, 'eval_accuracy': 0.9835390946502057, 'eval_precision_weighted': 0.9901234567901235, 'eval_recall_weighted': 0.9835390946502057, 'eval_f1_weighted': 0.9855266614131862, 'eval_f1_macro': 0.8707446808510638, 'eval_confusion_matrix': [6, 0, 4, 233], 'eval_runtime': 0.6289, 'eval_samples_per_second': 386.391, 'eval_steps_per_second': 49.293, 'epoch': 0.5}
{'eval_loss': 0.14240609109401703, 'eval_accuracy': 0.9794238683127572, 'eval_precision_weighted': 0.9887766554433222, 'eval_recall_weighted': 0.9794238683127572, 'eval_f1_weighted': 0.9823400891589361, 'eval_f1_macro': 0.847610686065471, 'eval_confusion_matrix': [6, 0, 5, 232], 'eval_runtime': 0.958, 'eval_samples_per_second': 253.648, 'eval_steps_per_second': 32.358, 'epoch': 0.6}
{'eval_loss': 0.10437923669815063, 'eval_accuracy': 0.9835390946502057, 'eval_precision_weighted': 0.9901234567901235, 'eval_recall_weighted': 0.9835390946502057, 'eval_f1_weighted': 0.9855266614131862, 'eval_f1_macro': 0.8707446808510638, 'eval_confusion_matrix': [6, 0, 4, 233], 'eval_runtime': 0.3233, 'eval_samples_per_second': 751.517, 'eval_steps_per_second': 95.872, 'epoch': 0.7}
{'eval_loss': 0.06658109277486801, 'eval_accuracy': 0.9917695473251029, 'eval_precision_weighted': 0.9938271604938271, 'eval_recall_weighted': 0.9917695473251029, 'eval_f1_weighted': 0.9923399994021463, 'eval_f1_macro': 0.9264527845036319, 'eval_confusion_matrix': [6, 0, 2, 235], 'eval_runtime': 0.6512, 'eval_samples_per_second': 373.176, 'eval_steps_per_second': 47.607, 'epoch': 0.8}
{'eval_loss': 0.11476193368434906, 'eval_accuracy': 0.9835390946502057, 'eval_precision_weighted': 0.9901234567901235, 'eval_recall_weighted': 0.9835390946502057, 'eval_f1_weighted': 0.9855266614131862, 'eval_f1_macro': 0.8707446808510638, 'eval_confusion_matrix': [6, 0, 4, 233], 'eval_runtime': 0.8331, 'eval_samples_per_second': 291.666, 'eval_steps_per_second': 37.208, 'epoch': 0.9}
{'loss': 0.2059, 'grad_norm': 0.018130790442228317, 'learning_rate': 1.2052730696798494e-06, 'epoch': 0.94}
{'eval_loss': 0.10829996317625046, 'eval_accuracy': 0.9835390946502057, 'eval_precision_weighted': 0.9901234567901235, 'eval_recall_weighted': 0.9835390946502057, 'eval_f1_weighted': 0.9855266614131862, 'eval_f1_macro': 0.8707446808510638, 'eval_confusion_matrix': [6, 0, 4, 233], 'eval_runtime': 0.6872, 'eval_samples_per_second': 353.607, 'eval_steps_per_second': 45.11, 'epoch': 1.0}
{'train_runtime': 53.2112, 'train_samples_per_second': 79.758, 'train_steps_per_second': 9.979, 'train_loss': 0.19394963993752296, 'epoch': 1.0}
[2025-10-22 14:55:20,188] - [INFO] - Training completed.
[2025-10-22 14:55:20,226] - [INFO] - Running evaluation...
[2025-10-22 14:55:25,589] - [INFO] - Evaluation Results:
[2025-10-22 14:55:25,589] - [INFO] - eval_loss: 0.15102484822273254
[2025-10-22 14:55:25,589] - [INFO] - eval_model_preparation_time: 0.0015
[2025-10-22 14:55:25,589] - [INFO] - eval_accuracy: 0.9803370786516854
[2025-10-22 14:55:25,589] - [INFO] - eval_true_accuracy: 0.9910979228486647
[2025-10-22 14:55:25,589] - [INFO] - eval_false_accuracy: 0.7894736842105263
[2025-10-22 14:55:25,589] - [INFO] - eval_runtime: 5.3489
[2025-10-22 14:55:25,589] - [INFO] - eval_samples_per_second: 66.555
[2025-10-22 14:55:25,589] - [INFO] - eval_steps_per_second: 8.413
[2025-10-22 14:55:25,590] - [INFO] - 
=== Running combination ===
[2025-10-22 14:55:25,590] - [INFO] - Over Sampling Ratio: 1.0, Under Sampling Ratio: 0.25
[2025-10-22 14:55:29,201] - [INFO] - Original Train dataset class split: Counter({1: 2122, 0: 57}), with a total of 2179 samples
[2025-10-22 14:55:29,962] - [INFO] - Sampled Train dataset class split: Counter({0: 2122, 1: 530}), with a total of 2652 samples
[2025-10-22 14:55:29,967] - [INFO] - Validation dataset class split: Counter({1: 237, 0: 6}), with a total of 243 samples
[2025-10-22 14:55:29,971] - [INFO] - Test dataset class split: Counter({1: 337, 0: 19}), with a total of 356 samples
33.0
[2025-10-22 14:55:32,259] - [INFO] - Starting training of model (answerability classification).
{'eval_loss': 0.7748085260391235, 'eval_accuracy': 0.03292181069958848, 'eval_precision_weighted': 0.9759233645817326, 'eval_recall_weighted': 0.03292181069958848, 'eval_f1_weighted': 0.017522737334819842, 'eval_f1_macro': 0.03265969881252859, 'eval_confusion_matrix': [6, 0, 235, 2], 'eval_runtime': 0.6201, 'eval_samples_per_second': 391.9, 'eval_steps_per_second': 49.995, 'epoch': 0.1}
{'eval_loss': 0.8584825992584229, 'eval_accuracy': 0.024691358024691357, 'eval_precision_weighted': 0.0006096631611034903, 'eval_recall_weighted': 0.024691358024691357, 'eval_f1_weighted': 0.0011899449650453668, 'eval_f1_macro': 0.024096385542168676, 'eval_confusion_matrix': [6, 0, 237, 0], 'eval_runtime': 0.3813, 'eval_samples_per_second': 637.211, 'eval_steps_per_second': 81.29, 'epoch': 0.2}
{'eval_loss': 0.7860487699508667, 'eval_accuracy': 0.024691358024691357, 'eval_precision_weighted': 0.0006096631611034903, 'eval_recall_weighted': 0.024691358024691357, 'eval_f1_weighted': 0.0011899449650453668, 'eval_f1_macro': 0.024096385542168676, 'eval_confusion_matrix': [6, 0, 237, 0], 'eval_runtime': 0.35, 'eval_samples_per_second': 694.213, 'eval_steps_per_second': 88.562, 'epoch': 0.3}
{'eval_loss': 0.7609725594520569, 'eval_accuracy': 0.024691358024691357, 'eval_precision_weighted': 0.0006096631611034903, 'eval_recall_weighted': 0.024691358024691357, 'eval_f1_weighted': 0.0011899449650453668, 'eval_f1_macro': 0.024096385542168676, 'eval_confusion_matrix': [6, 0, 237, 0], 'eval_runtime': 0.4273, 'eval_samples_per_second': 568.675, 'eval_steps_per_second': 72.547, 'epoch': 0.4}
{'eval_loss': 0.7561400532722473, 'eval_accuracy': 0.024691358024691357, 'eval_precision_weighted': 0.0006096631611034903, 'eval_recall_weighted': 0.024691358024691357, 'eval_f1_weighted': 0.0011899449650453668, 'eval_f1_macro': 0.024096385542168676, 'eval_confusion_matrix': [6, 0, 237, 0], 'eval_runtime': 0.3813, 'eval_samples_per_second': 637.346, 'eval_steps_per_second': 81.307, 'epoch': 0.5}
{'eval_loss': 0.6810428500175476, 'eval_accuracy': 0.8353909465020576, 'eval_precision_weighted': 0.9732134296623409, 'eval_recall_weighted': 0.8353909465020576, 'eval_f1_weighted': 0.8907690565182919, 'eval_f1_macro': 0.5541284403669725, 'eval_confusion_matrix': [5, 1, 39, 198], 'eval_runtime': 0.2604, 'eval_samples_per_second': 933.037, 'eval_steps_per_second': 119.029, 'epoch': 0.6}
{'eval_loss': 0.6124733090400696, 'eval_accuracy': 0.5308641975308642, 'eval_precision_weighted': 0.9765432098765433, 'eval_recall_weighted': 0.5308641975308642, 'eval_f1_weighted': 0.6688124632569078, 'eval_f1_macro': 0.3892857142857143, 'eval_confusion_matrix': [6, 0, 114, 123], 'eval_runtime': 0.4272, 'eval_samples_per_second': 568.789, 'eval_steps_per_second': 72.562, 'epoch': 0.7}
{'eval_loss': 0.2630428969860077, 'eval_accuracy': 0.8888888888888888, 'eval_precision_weighted': 0.969599312493286, 'eval_recall_weighted': 0.8888888888888888, 'eval_f1_weighted': 0.9225636152465421, 'eval_f1_macro': 0.584352233132721, 'eval_confusion_matrix': [4, 2, 25, 212], 'eval_runtime': 0.2731, 'eval_samples_per_second': 889.854, 'eval_steps_per_second': 113.52, 'epoch': 0.8}
{'eval_loss': 0.5934828519821167, 'eval_accuracy': 0.7325102880658436, 'eval_precision_weighted': 0.977395235611198, 'eval_recall_weighted': 0.7325102880658436, 'eval_f1_weighted': 0.8241564948981411, 'eval_f1_macro': 0.49845997523259133, 'eval_confusion_matrix': [6, 0, 65, 172], 'eval_runtime': 0.3142, 'eval_samples_per_second': 773.298, 'eval_steps_per_second': 98.651, 'epoch': 0.89}
{'eval_loss': 0.5743945837020874, 'eval_accuracy': 0.7654320987654321, 'eval_precision_weighted': 0.9719736850884392, 'eval_recall_weighted': 0.7654320987654321, 'eval_f1_weighted': 0.8463147006943537, 'eval_f1_macro': 0.5066077725928828, 'eval_confusion_matrix': [5, 1, 56, 181], 'eval_runtime': 0.3224, 'eval_samples_per_second': 753.736, 'eval_steps_per_second': 96.156, 'epoch': 0.99}
{'train_runtime': 61.3094, 'train_samples_per_second': 43.256, 'train_steps_per_second': 5.415, 'train_loss': 0.6277984251458961, 'epoch': 1.0}
[2025-10-22 14:56:34,075] - [INFO] - Training completed.
[2025-10-22 14:56:34,120] - [INFO] - Running evaluation...
[2025-10-22 14:56:34,362] - [INFO] - Evaluation Results:
[2025-10-22 14:56:34,362] - [INFO] - eval_loss: 0.4037100076675415
[2025-10-22 14:56:34,362] - [INFO] - eval_model_preparation_time: 0.0015
[2025-10-22 14:56:34,362] - [INFO] - eval_accuracy: 0.8089887640449438
[2025-10-22 14:56:34,362] - [INFO] - eval_true_accuracy: 0.827893175074184
[2025-10-22 14:56:34,362] - [INFO] - eval_false_accuracy: 0.47368421052631576
[2025-10-22 14:56:34,362] - [INFO] - eval_runtime: 0.233
[2025-10-22 14:56:34,362] - [INFO] - eval_samples_per_second: 1528.217
[2025-10-22 14:56:34,362] - [INFO] - eval_steps_per_second: 193.174
[2025-10-22 14:56:34,362] - [INFO] - 
=== Running combination ===
[2025-10-22 14:56:34,362] - [INFO] - Over Sampling Ratio: 1.0, Under Sampling Ratio: 0.5
[2025-10-22 14:56:36,843] - [INFO] - Original Train dataset class split: Counter({1: 2122, 0: 57}), with a total of 2179 samples
[2025-10-22 14:56:37,037] - [INFO] - Sampled Train dataset class split: Counter({0: 2122, 1: 1061}), with a total of 3183 samples
[2025-10-22 14:56:37,042] - [INFO] - Validation dataset class split: Counter({1: 237, 0: 6}), with a total of 243 samples
[2025-10-22 14:56:37,045] - [INFO] - Test dataset class split: Counter({1: 337, 0: 19}), with a total of 356 samples
39.0
[2025-10-22 14:56:39,156] - [INFO] - Starting training of model (answerability classification).
{'eval_loss': 0.7563939690589905, 'eval_accuracy': 0.024691358024691357, 'eval_precision_weighted': 0.0006096631611034903, 'eval_recall_weighted': 0.024691358024691357, 'eval_f1_weighted': 0.0011899449650453668, 'eval_f1_macro': 0.024096385542168676, 'eval_confusion_matrix': [6, 0, 237, 0], 'eval_runtime': 1.0971, 'eval_samples_per_second': 221.49, 'eval_steps_per_second': 28.256, 'epoch': 0.1}
{'eval_loss': 0.6171185374259949, 'eval_accuracy': 0.6995884773662552, 'eval_precision_weighted': 0.9771839349898421, 'eval_recall_weighted': 0.6995884773662552, 'eval_f1_weighted': 0.8012445284754707, 'eval_f1_macro': 0.47956579140384337, 'eval_confusion_matrix': [6, 0, 73, 164], 'eval_runtime': 0.813, 'eval_samples_per_second': 298.89, 'eval_steps_per_second': 38.13, 'epoch': 0.2}
{'eval_loss': 0.16716620326042175, 'eval_accuracy': 0.9711934156378601, 'eval_precision_weighted': 0.9867046533713201, 'eval_recall_weighted': 0.9711934156378601, 'eval_f1_weighted': 0.976283996532691, 'eval_f1_macro': 0.8082948270032684, 'eval_confusion_matrix': [6, 0, 7, 230], 'eval_runtime': 0.4041, 'eval_samples_per_second': 601.396, 'eval_steps_per_second': 76.721, 'epoch': 0.29}
{'eval_loss': 0.13517199456691742, 'eval_accuracy': 0.9629629629629629, 'eval_precision_weighted': 0.9851851851851852, 'eval_recall_weighted': 0.9629629629629629, 'eval_f1_weighted': 0.9705410479604027, 'eval_f1_macro': 0.776036866359447, 'eval_confusion_matrix': [6, 0, 9, 228], 'eval_runtime': 0.3882, 'eval_samples_per_second': 625.899, 'eval_steps_per_second': 79.847, 'epoch': 0.39}
{'eval_loss': 0.13921654224395752, 'eval_accuracy': 0.9670781893004116, 'eval_precision_weighted': 0.9858906525573192, 'eval_recall_weighted': 0.9670781893004116, 'eval_f1_weighted': 0.9733799607905473, 'eval_f1_macro': 0.7914163090128755, 'eval_confusion_matrix': [6, 0, 8, 229], 'eval_runtime': 0.5046, 'eval_samples_per_second': 481.524, 'eval_steps_per_second': 61.429, 'epoch': 0.49}
{'eval_loss': 0.19105978310108185, 'eval_accuracy': 0.9588477366255144, 'eval_precision_weighted': 0.9845679012345679, 'eval_recall_weighted': 0.9588477366255144, 'eval_f1_weighted': 0.9677570726421302, 'eval_f1_macro': 0.7619514106583072, 'eval_confusion_matrix': [6, 0, 10, 227], 'eval_runtime': 0.9381, 'eval_samples_per_second': 259.045, 'eval_steps_per_second': 33.047, 'epoch': 0.59}
{'eval_loss': 0.1319236308336258, 'eval_accuracy': 0.9794238683127572, 'eval_precision_weighted': 0.9887766554433222, 'eval_recall_weighted': 0.9794238683127572, 'eval_f1_weighted': 0.9823400891589361, 'eval_f1_macro': 0.847610686065471, 'eval_confusion_matrix': [6, 0, 5, 232], 'eval_runtime': 1.0585, 'eval_samples_per_second': 229.574, 'eval_steps_per_second': 29.287, 'epoch': 0.69}
{'eval_loss': 0.1805071085691452, 'eval_accuracy': 0.9711934156378601, 'eval_precision_weighted': 0.9867046533713201, 'eval_recall_weighted': 0.9711934156378601, 'eval_f1_weighted': 0.976283996532691, 'eval_f1_macro': 0.8082948270032684, 'eval_confusion_matrix': [6, 0, 7, 230], 'eval_runtime': 0.8404, 'eval_samples_per_second': 289.133, 'eval_steps_per_second': 36.885, 'epoch': 0.78}
{'eval_loss': 0.16619685292243958, 'eval_accuracy': 0.9711934156378601, 'eval_precision_weighted': 0.9867046533713201, 'eval_recall_weighted': 0.9711934156378601, 'eval_f1_weighted': 0.976283996532691, 'eval_f1_macro': 0.8082948270032684, 'eval_confusion_matrix': [6, 0, 7, 230], 'eval_runtime': 0.7216, 'eval_samples_per_second': 336.76, 'eval_steps_per_second': 42.961, 'epoch': 0.88}
{'eval_loss': 0.1574150174856186, 'eval_accuracy': 0.9711934156378601, 'eval_precision_weighted': 0.9867046533713201, 'eval_recall_weighted': 0.9711934156378601, 'eval_f1_weighted': 0.976283996532691, 'eval_f1_macro': 0.8082948270032684, 'eval_confusion_matrix': [6, 0, 7, 230], 'eval_runtime': 0.7438, 'eval_samples_per_second': 326.721, 'eval_steps_per_second': 41.68, 'epoch': 0.98}
{'train_runtime': 50.4085, 'train_samples_per_second': 63.144, 'train_steps_per_second': 7.895, 'train_loss': 0.25487964956005615, 'epoch': 1.0}
[2025-10-22 14:57:29,887] - [INFO] - Training completed.
[2025-10-22 14:57:29,927] - [INFO] - Running evaluation...
[2025-10-22 14:57:30,178] - [INFO] - Evaluation Results:
[2025-10-22 14:57:30,178] - [INFO] - eval_loss: 0.21262967586517334
[2025-10-22 14:57:30,178] - [INFO] - eval_model_preparation_time: 0.0015
[2025-10-22 14:57:30,178] - [INFO] - eval_accuracy: 0.9662921348314607
[2025-10-22 14:57:30,178] - [INFO] - eval_true_accuracy: 0.9762611275964391
[2025-10-22 14:57:30,178] - [INFO] - eval_false_accuracy: 0.7894736842105263
[2025-10-22 14:57:30,178] - [INFO] - eval_runtime: 0.2421
[2025-10-22 14:57:30,178] - [INFO] - eval_samples_per_second: 1470.661
[2025-10-22 14:57:30,178] - [INFO] - eval_steps_per_second: 185.898
[2025-10-22 14:57:30,178] - [INFO] - 
=== Running combination ===
[2025-10-22 14:57:30,178] - [INFO] - Over Sampling Ratio: 1.0, Under Sampling Ratio: 1.0
[2025-10-22 14:57:32,151] - [INFO] - Original Train dataset class split: Counter({1: 2122, 0: 57}), with a total of 2179 samples
[2025-10-22 14:57:32,358] - [INFO] - Sampled Train dataset class split: Counter({1: 2122, 0: 2122}), with a total of 4244 samples
[2025-10-22 14:57:32,363] - [INFO] - Validation dataset class split: Counter({1: 237, 0: 6}), with a total of 243 samples
[2025-10-22 14:57:32,367] - [INFO] - Test dataset class split: Counter({1: 337, 0: 19}), with a total of 356 samples
53.0
[2025-10-22 14:57:36,139] - [INFO] - Starting training of model (answerability classification).
{'eval_loss': 0.7920582294464111, 'eval_accuracy': 0.5720164609053497, 'eval_precision_weighted': 0.97665544332211, 'eval_recall_weighted': 0.5720164609053497, 'eval_f1_weighted': 0.7037221129175152, 'eval_f1_macro': 0.4111835973904939, 'eval_confusion_matrix': [6, 0, 104, 133], 'eval_runtime': 0.585, 'eval_samples_per_second': 415.41, 'eval_steps_per_second': 52.995, 'epoch': 0.1}
{'eval_loss': 0.16604498028755188, 'eval_accuracy': 0.9465020576131687, 'eval_precision_weighted': 0.9831059129304743, 'eval_recall_weighted': 0.9465020576131687, 'eval_f1_weighted': 0.9596572132508502, 'eval_f1_macro': 0.7259002169197397, 'eval_confusion_matrix': [6, 0, 13, 224], 'eval_runtime': 0.7614, 'eval_samples_per_second': 319.135, 'eval_steps_per_second': 40.713, 'epoch': 0.2}
{'eval_loss': 0.13483156263828278, 'eval_accuracy': 0.9711934156378601, 'eval_precision_weighted': 0.9867046533713201, 'eval_recall_weighted': 0.9711934156378601, 'eval_f1_weighted': 0.976283996532691, 'eval_f1_macro': 0.8082948270032684, 'eval_confusion_matrix': [6, 0, 7, 230], 'eval_runtime': 0.655, 'eval_samples_per_second': 370.989, 'eval_steps_per_second': 47.328, 'epoch': 0.3}
{'eval_loss': 0.16126097738742828, 'eval_accuracy': 0.9711934156378601, 'eval_precision_weighted': 0.9867046533713201, 'eval_recall_weighted': 0.9711934156378601, 'eval_f1_weighted': 0.976283996532691, 'eval_f1_macro': 0.8082948270032684, 'eval_confusion_matrix': [6, 0, 7, 230], 'eval_runtime': 0.3969, 'eval_samples_per_second': 612.293, 'eval_steps_per_second': 78.111, 'epoch': 0.4}
{'eval_loss': 0.10868339985609055, 'eval_accuracy': 0.9835390946502057, 'eval_precision_weighted': 0.9901234567901235, 'eval_recall_weighted': 0.9835390946502057, 'eval_f1_weighted': 0.9855266614131862, 'eval_f1_macro': 0.8707446808510638, 'eval_confusion_matrix': [6, 0, 4, 233], 'eval_runtime': 0.9555, 'eval_samples_per_second': 254.328, 'eval_steps_per_second': 32.445, 'epoch': 0.5}
{'eval_loss': 0.14240609109401703, 'eval_accuracy': 0.9794238683127572, 'eval_precision_weighted': 0.9887766554433222, 'eval_recall_weighted': 0.9794238683127572, 'eval_f1_weighted': 0.9823400891589361, 'eval_f1_macro': 0.847610686065471, 'eval_confusion_matrix': [6, 0, 5, 232], 'eval_runtime': 0.7957, 'eval_samples_per_second': 305.377, 'eval_steps_per_second': 38.958, 'epoch': 0.6}
{'eval_loss': 0.10437923669815063, 'eval_accuracy': 0.9835390946502057, 'eval_precision_weighted': 0.9901234567901235, 'eval_recall_weighted': 0.9835390946502057, 'eval_f1_weighted': 0.9855266614131862, 'eval_f1_macro': 0.8707446808510638, 'eval_confusion_matrix': [6, 0, 4, 233], 'eval_runtime': 0.9893, 'eval_samples_per_second': 245.628, 'eval_steps_per_second': 31.335, 'epoch': 0.7}
{'eval_loss': 0.06658109277486801, 'eval_accuracy': 0.9917695473251029, 'eval_precision_weighted': 0.9938271604938271, 'eval_recall_weighted': 0.9917695473251029, 'eval_f1_weighted': 0.9923399994021463, 'eval_f1_macro': 0.9264527845036319, 'eval_confusion_matrix': [6, 0, 2, 235], 'eval_runtime': 0.7963, 'eval_samples_per_second': 305.161, 'eval_steps_per_second': 38.93, 'epoch': 0.8}
{'eval_loss': 0.11476193368434906, 'eval_accuracy': 0.9835390946502057, 'eval_precision_weighted': 0.9901234567901235, 'eval_recall_weighted': 0.9835390946502057, 'eval_f1_weighted': 0.9855266614131862, 'eval_f1_macro': 0.8707446808510638, 'eval_confusion_matrix': [6, 0, 4, 233], 'eval_runtime': 1.0611, 'eval_samples_per_second': 228.997, 'eval_steps_per_second': 29.214, 'epoch': 0.9}
{'loss': 0.2059, 'grad_norm': 0.018130790442228317, 'learning_rate': 1.2052730696798494e-06, 'epoch': 0.94}
{'eval_loss': 0.10829996317625046, 'eval_accuracy': 0.9835390946502057, 'eval_precision_weighted': 0.9901234567901235, 'eval_recall_weighted': 0.9835390946502057, 'eval_f1_weighted': 0.9855266614131862, 'eval_f1_macro': 0.8707446808510638, 'eval_confusion_matrix': [6, 0, 4, 233], 'eval_runtime': 1.2205, 'eval_samples_per_second': 199.106, 'eval_steps_per_second': 25.4, 'epoch': 1.0}
{'train_runtime': 56.6707, 'train_samples_per_second': 74.889, 'train_steps_per_second': 9.37, 'train_loss': 0.19394963993752296, 'epoch': 1.0}
[2025-10-22 14:58:33,183] - [INFO] - Training completed.
[2025-10-22 14:58:33,225] - [INFO] - Running evaluation...
[2025-10-22 14:58:33,469] - [INFO] - Evaluation Results:
[2025-10-22 14:58:33,469] - [INFO] - eval_loss: 0.15102484822273254
[2025-10-22 14:58:33,469] - [INFO] - eval_model_preparation_time: 0.0015
[2025-10-22 14:58:33,469] - [INFO] - eval_accuracy: 0.9803370786516854
[2025-10-22 14:58:33,469] - [INFO] - eval_true_accuracy: 0.9910979228486647
[2025-10-22 14:58:33,469] - [INFO] - eval_false_accuracy: 0.7894736842105263
[2025-10-22 14:58:33,469] - [INFO] - eval_runtime: 0.229
[2025-10-22 14:58:33,469] - [INFO] - eval_samples_per_second: 1554.745
[2025-10-22 14:58:33,469] - [INFO] - eval_steps_per_second: 196.527
[2025-10-22 14:58:33,667] - [INFO] - Saved tuning metrics at: roberta_classifier_results_ko/ko_tuning_metrics.csv
-----------------------------------------------
Finished model training.
-----------------------------------------------
